Archive member included to satisfy reference by file (symbol)

F:/Program Files/ST/STM32CubeCLT_1.18.0/GNU-tools-for-STM32/bin/../lib/gcc/arm-none-eabi/13.3.1/thumb/v7-m/nofp\libgcc.a(_arm_muldf3.o)
                              CMakeFiles/sequencer_1.1.dir/App/Src/tasks.c.obj (__aeabi_dmul)
F:/Program Files/ST/STM32CubeCLT_1.18.0/GNU-tools-for-STM32/bin/../lib/gcc/arm-none-eabi/13.3.1/thumb/v7-m/nofp\libgcc.a(_arm_addsubdf3.o)
                              CMakeFiles/sequencer_1.1.dir/App/Src/tasks.c.obj (__aeabi_dsub)
F:/Program Files/ST/STM32CubeCLT_1.18.0/GNU-tools-for-STM32/bin/../lib/gcc/arm-none-eabi/13.3.1/thumb/v7-m/nofp\libgcc.a(_arm_muldivdf3.o)
                              CMakeFiles/sequencer_1.1.dir/App/Src/tasks.c.obj (__aeabi_ddiv)
F:/Program Files/ST/STM32CubeCLT_1.18.0/GNU-tools-for-STM32/bin/../lib/gcc/arm-none-eabi/13.3.1/thumb/v7-m/nofp\libgcc.a(_arm_cmpdf2.o)
                              CMakeFiles/sequencer_1.1.dir/App/Src/tasks.c.obj (__aeabi_dcmpgt)
F:/Program Files/ST/STM32CubeCLT_1.18.0/GNU-tools-for-STM32/bin/../lib/gcc/arm-none-eabi/13.3.1/thumb/v7-m/nofp\libgcc.a(_arm_fixunsdfsi.o)
                              CMakeFiles/sequencer_1.1.dir/App/Src/tasks.c.obj (__aeabi_d2uiz)
F:/Program Files/ST/STM32CubeCLT_1.18.0/GNU-tools-for-STM32/bin/../lib/gcc/arm-none-eabi/13.3.1/thumb/v7-m/nofp\libgcc.a(_arm_addsubsf3.o)
                              CMakeFiles/sequencer_1.1.dir/App/Src/tasks.c.obj (__aeabi_i2f)
F:/Program Files/ST/STM32CubeCLT_1.18.0/GNU-tools-for-STM32/bin/../lib/gcc/arm-none-eabi/13.3.1/../../../../arm-none-eabi/lib/thumb/v7-m/nofp\libg_nano.a(libc_a-exit.o)
                              F:/Program Files/ST/STM32CubeCLT_1.18.0/GNU-tools-for-STM32/bin/../lib/gcc/arm-none-eabi/13.3.1/../../../../arm-none-eabi/lib/thumb/v7-m/nofp/crt0.o (exit)
F:/Program Files/ST/STM32CubeCLT_1.18.0/GNU-tools-for-STM32/bin/../lib/gcc/arm-none-eabi/13.3.1/../../../../arm-none-eabi/lib/thumb/v7-m/nofp\libg_nano.a(libc_a-findfp.o)
                              F:/Program Files/ST/STM32CubeCLT_1.18.0/GNU-tools-for-STM32/bin/../lib/gcc/arm-none-eabi/13.3.1/../../../../arm-none-eabi/lib/thumb/v7-m/nofp\libg_nano.a(libc_a-exit.o) (__stdio_exit_handler)
F:/Program Files/ST/STM32CubeCLT_1.18.0/GNU-tools-for-STM32/bin/../lib/gcc/arm-none-eabi/13.3.1/../../../../arm-none-eabi/lib/thumb/v7-m/nofp\libg_nano.a(libc_a-fwalk.o)
                              F:/Program Files/ST/STM32CubeCLT_1.18.0/GNU-tools-for-STM32/bin/../lib/gcc/arm-none-eabi/13.3.1/../../../../arm-none-eabi/lib/thumb/v7-m/nofp\libg_nano.a(libc_a-findfp.o) (_fwalk_sglue)
F:/Program Files/ST/STM32CubeCLT_1.18.0/GNU-tools-for-STM32/bin/../lib/gcc/arm-none-eabi/13.3.1/../../../../arm-none-eabi/lib/thumb/v7-m/nofp\libg_nano.a(libc_a-stdio.o)
                              F:/Program Files/ST/STM32CubeCLT_1.18.0/GNU-tools-for-STM32/bin/../lib/gcc/arm-none-eabi/13.3.1/../../../../arm-none-eabi/lib/thumb/v7-m/nofp\libg_nano.a(libc_a-findfp.o) (__sread)
F:/Program Files/ST/STM32CubeCLT_1.18.0/GNU-tools-for-STM32/bin/../lib/gcc/arm-none-eabi/13.3.1/../../../../arm-none-eabi/lib/thumb/v7-m/nofp\libg_nano.a(libc_a-memset.o)
                              F:/Program Files/ST/STM32CubeCLT_1.18.0/GNU-tools-for-STM32/bin/../lib/gcc/arm-none-eabi/13.3.1/../../../../arm-none-eabi/lib/thumb/v7-m/nofp/crt0.o (memset)
F:/Program Files/ST/STM32CubeCLT_1.18.0/GNU-tools-for-STM32/bin/../lib/gcc/arm-none-eabi/13.3.1/../../../../arm-none-eabi/lib/thumb/v7-m/nofp\libg_nano.a(libc_a-closer.o)
                              F:/Program Files/ST/STM32CubeCLT_1.18.0/GNU-tools-for-STM32/bin/../lib/gcc/arm-none-eabi/13.3.1/../../../../arm-none-eabi/lib/thumb/v7-m/nofp\libg_nano.a(libc_a-stdio.o) (_close_r)
F:/Program Files/ST/STM32CubeCLT_1.18.0/GNU-tools-for-STM32/bin/../lib/gcc/arm-none-eabi/13.3.1/../../../../arm-none-eabi/lib/thumb/v7-m/nofp\libg_nano.a(libc_a-reent.o)
                              F:/Program Files/ST/STM32CubeCLT_1.18.0/GNU-tools-for-STM32/bin/../lib/gcc/arm-none-eabi/13.3.1/../../../../arm-none-eabi/lib/thumb/v7-m/nofp\libg_nano.a(libc_a-closer.o) (errno)
F:/Program Files/ST/STM32CubeCLT_1.18.0/GNU-tools-for-STM32/bin/../lib/gcc/arm-none-eabi/13.3.1/../../../../arm-none-eabi/lib/thumb/v7-m/nofp\libg_nano.a(libc_a-impure.o)
                              F:/Program Files/ST/STM32CubeCLT_1.18.0/GNU-tools-for-STM32/bin/../lib/gcc/arm-none-eabi/13.3.1/../../../../arm-none-eabi/lib/thumb/v7-m/nofp\libg_nano.a(libc_a-reent.o) (_impure_ptr)
F:/Program Files/ST/STM32CubeCLT_1.18.0/GNU-tools-for-STM32/bin/../lib/gcc/arm-none-eabi/13.3.1/../../../../arm-none-eabi/lib/thumb/v7-m/nofp\libg_nano.a(libc_a-lseekr.o)
                              F:/Program Files/ST/STM32CubeCLT_1.18.0/GNU-tools-for-STM32/bin/../lib/gcc/arm-none-eabi/13.3.1/../../../../arm-none-eabi/lib/thumb/v7-m/nofp\libg_nano.a(libc_a-stdio.o) (_lseek_r)
[...]
Memory Configuration

Name             Origin             Length             Attributes
RAM              0x20000000         0x0000c000         xrw
FLASH            0x08000000         0x00040000         xr
*default*        0x00000000         0xffffffff

Linker script and memory map

LOAD F:/Program Files/ST/STM32CubeCLT_1.18.0/GNU-tools-for-STM32/bin/../lib/gcc/arm-none-eabi/13.3.1/thumb/v7-m/nofp/crti.o
LOAD F:/Program Files/ST/STM32CubeCLT_1.18.0/GNU-tools-for-STM32/bin/../lib/gcc/arm-none-eabi/13.3.1/thumb/v7-m/nofp/crtbegin.o
LOAD F:/Program Files/ST/STM32CubeCLT_1.18.0/GNU-tools-for-STM32/bin/../lib/gcc/arm-none-eabi/13.3.1/../../../../arm-none-eabi/lib/thumb/v7-m/nofp/crt0.o
LOAD cmake/stm32cubemx/CMakeFiles/STM32_Drivers.dir/__/__/Core/Src/system_stm32f1xx.c.obj
LOAD cmake/stm32cubemx/CMakeFiles/STM32_Drivers.dir/__/__/Drivers/STM32F1xx_HAL_Driver/Src/stm32f1xx_hal_gpio_ex.c.obj
LOAD cmake/stm32cubemx/CMakeFiles/STM32_Drivers.dir/__/__/Drivers/STM32F1xx_HAL_Driver/Src/stm32f1xx_hal_tim.c.obj
LOAD cmake/stm32cubemx/CMakeFiles/STM32_Drivers.dir/__/__/Drivers/STM32F1xx_HAL_Driver/Src/stm32f1xx_hal_tim_ex.c.obj
LOAD cmake/stm32cubemx/CMakeFiles/STM32_Drivers.dir/__/__/Drivers/STM32F1xx_HAL_Driver/Src/stm32f1xx_hal_adc.c.obj
LOAD cmake/stm32cubemx/CMakeFiles/STM32_Drivers.dir/__/__/Drivers/STM32F1xx_HAL_Driver/Src/stm32f1xx_hal_adc_ex.c.obj
LOAD cmake/stm32cubemx/CMakeFiles/STM32_Drivers.dir/__/__/Drivers/STM32F1xx_HAL_Driver/Src/stm32f1xx_hal.c.obj
LOAD cmake/stm32cubemx/CMakeFiles/STM32_Drivers.dir/__/__/Drivers/STM32F1xx_HAL_Driver/Src/stm32f1xx_hal_rcc.c.obj
LOAD cmake/stm32cubemx/CMakeFiles/STM32_Drivers.dir/__/__/Drivers/STM32F1xx_HAL_Driver/Src/stm32f1xx_hal_rcc_ex.c.obj
LOAD cmake/stm32cubemx/CMakeFiles/STM32_Drivers.dir/__/__/Drivers/STM32F1xx_HAL_Driver/Src/stm32f1xx_hal_gpio.c.obj
LOAD cmake/stm32cubemx/CMakeFiles/STM32_Drivers.dir/__/__/Drivers/STM32F1xx_HAL_Driver/Src/stm32f1xx_hal_dma.c.obj
LOAD cmake/stm32cubemx/CMakeFiles/STM32_Drivers.dir/__/__/Drivers/STM32F1xx_HAL_Driver/Src/stm32f1xx_hal_cortex.c.obj
LOAD cmake/stm32cubemx/CMakeFiles/STM32_Drivers.dir/__/__/Drivers/STM32F1xx_HAL_Driver/Src/stm32f1xx_hal_pwr.c.obj
LOAD cmake/stm32cubemx/CMakeFiles/STM32_Drivers.dir/__/__/Drivers/STM32F1xx_HAL_Driver/Src/stm32f1xx_hal_flash.c.obj
LOAD cmake/stm32cubemx/CMakeFiles/STM32_Drivers.dir/__/__/Drivers/STM32F1xx_HAL_Driver/Src/stm32f1xx_hal_flash_ex.c.obj
LOAD cmake/stm32cubemx/CMakeFiles/STM32_Drivers.dir/__/__/Drivers/STM32F1xx_HAL_Driver/Src/stm32f1xx_hal_exti.c.obj
LOAD cmake/stm32cubemx/CMakeFiles/STM32_Drivers.dir/__/__/Drivers/STM32F1xx_HAL_Driver/Src/stm32f1xx_hal_i2c.c.obj
LOAD cmake/stm32cubemx/CMakeFiles/STM32_Drivers.dir/__/__/Drivers/STM32F1xx_HAL_Driver/Src/stm32f1xx_hal_uart.c.obj
LOAD cmake/stm32cubemx/CMakeFiles/STM32_Drivers.dir/__/__/Drivers/STM32F1xx_HAL_Driver/Src/stm32f1xx_hal_pcd.c.obj
LOAD cmake/stm32cubemx/CMakeFiles/STM32_Drivers.dir/__/__/Drivers/STM32F1xx_HAL_Driver/Src/stm32f1xx_hal_pcd_ex.c.obj
LOAD cmake/stm32cubemx/CMakeFiles/STM32_Drivers.dir/__/__/Drivers/STM32F1xx_HAL_Driver/Src/stm32f1xx_ll_usb.c.obj
LOAD cmake/stm32cubemx/CMakeFiles/FreeRTOS.dir/__/__/Middlewares/Third_Party/FreeRTOS/Source/croutine.c.obj
LOAD cmake/stm32cubemx/CMakeFiles/FreeRTOS.dir/__/__/Middlewares/Third_Party/FreeRTOS/Source/event_groups.c.obj
LOAD cmake/stm32cubemx/CMakeFiles/FreeRTOS.dir/__/__/Middlewares/Third_Party/FreeRTOS/Source/list.c.obj
LOAD cmake/stm32cubemx/CMakeFiles/FreeRTOS.dir/__/__/Middlewares/Third_Party/FreeRTOS/Source/queue.c.obj
LOAD cmake/stm32cubemx/CMakeFiles/FreeRTOS.dir/__/__/Middlewares/Third_Party/FreeRTOS/Source/stream_buffer.c.obj
LOAD cmake/stm32cubemx/CMakeFiles/FreeRTOS.dir/__/__/Middlewares/Third_Party/FreeRTOS/Source/tasks.c.obj
LOAD cmake/stm32cubemx/CMakeFiles/FreeRTOS.dir/__/__/Middlewares/Third_Party/FreeRTOS/Source/timers.c.obj
LOAD cmake/stm32cubemx/CMakeFiles/FreeRTOS.dir/__/__/Middlewares/Third_Party/FreeRTOS/Source/CMSIS_RTOS/cmsis_os.c.obj
LOAD cmake/stm32cubemx/CMakeFiles/FreeRTOS.dir/__/__/Middlewares/Third_Party/FreeRTOS/Source/portable/MemMang/heap_4.c.obj
LOAD cmake/stm32cubemx/CMakeFiles/FreeRTOS.dir/__/__/Middlewares/Third_Party/FreeRTOS/Source/portable/GCC/ARM_CM3/port.c.obj
LOAD CMakeFiles/sequencer_1.1.dir/Core/Src/main.c.obj
LOAD CMakeFiles/sequencer_1.1.dir/Core/Src/gpio.c.obj
LOAD CMakeFiles/sequencer_1.1.dir/Core/Src/freertos.c.obj
LOAD CMakeFiles/sequencer_1.1.dir/Core/Src/adc.c.obj
LOAD CMakeFiles/sequencer_1.1.dir/Core/Src/dma.c.obj
LOAD CMakeFiles/sequencer_1.1.dir/Core/Src/i2c.c.obj
LOAD CMakeFiles/sequencer_1.1.dir/Core/Src/tim.c.obj
LOAD CMakeFiles/sequencer_1.1.dir/Core/Src/usart.c.obj
LOAD CMakeFiles/sequencer_1.1.dir/Core/Src/usb.c.obj
LOAD CMakeFiles/sequencer_1.1.dir/Core/Src/stm32f1xx_it.c.obj
LOAD CMakeFiles/sequencer_1.1.dir/Core/Src/stm32f1xx_hal_msp.c.obj
LOAD CMakeFiles/sequencer_1.1.dir/Core/Src/stm32f1xx_hal_timebase_tim.c.obj
LOAD CMakeFiles/sequencer_1.1.dir/Core/Src/sysmem.c.obj
LOAD CMakeFiles/sequencer_1.1.dir/Core/Src/syscalls.c.obj
LOAD CMakeFiles/sequencer_1.1.dir/startup_stm32f103xe.s.obj
LOAD CMakeFiles/sequencer_1.1.dir/App/Src/led.c.obj
LOAD CMakeFiles/sequencer_1.1.dir/App/Src/misc.c.obj
LOAD CMakeFiles/sequencer_1.1.dir/App/Src/interrupt.c.obj
LOAD CMakeFiles/sequencer_1.1.dir/App/Src/midi.c.obj
LOAD CMakeFiles/sequencer_1.1.dir/App/Src/tasks.c.obj
LOAD CMakeFiles/sequencer_1.1.dir/App/Src/globals.c.obj
LOAD CMakeFiles/sequencer_1.1.dir/App/Src/uart_buffer.c.obj
LOAD CMakeFiles/sequencer_1.1.dir/Drivers/TM1637/tm1637.c.obj
LOAD F:/Program Files/ST/STM32CubeCLT_1.18.0/GNU-tools-for-STM32/bin/../lib/gcc/arm-none-eabi/13.3.1/../../../../arm-none-eabi/lib/thumb/v7-m/nofp\libm.a
START GROUP
LOAD F:/Program Files/ST/STM32CubeCLT_1.18.0/GNU-tools-for-STM32/bin/../lib/gcc/arm-none-eabi/13.3.1/thumb/v7-m/nofp\libgcc.a
LOAD F:/Program Files/ST/STM32CubeCLT_1.18.0/GNU-tools-for-STM32/bin/../lib/gcc/arm-none-eabi/13.3.1/../../../../arm-none-eabi/lib/thumb/v7-m/nofp\libg_nano.a
LOAD F:/Program Files/ST/STM32CubeCLT_1.18.0/GNU-tools-for-STM32/bin/../lib/gcc/arm-none-eabi/13.3.1/../../../../arm-none-eabi/lib/thumb/v7-m/nofp\libc_nano.a
END GROUP
START GROUP
LOAD F:/Program Files/ST/STM32CubeCLT_1.18.0/GNU-tools-for-STM32/bin/../lib/gcc/arm-none-eabi/13.3.1/thumb/v7-m/nofp\libgcc.a
LOAD F:/Program Files/ST/STM32CubeCLT_1.18.0/GNU-tools-for-STM32/bin/../lib/gcc/arm-none-eabi/13.3.1/../../../../arm-none-eabi/lib/thumb/v7-m/nofp\libc_nano.a
END GROUP
LOAD F:/Program Files/ST/STM32CubeCLT_1.18.0/GNU-tools-for-STM32/bin/../lib/gcc/arm-none-eabi/13.3.1/thumb/v7-m/nofp/crtend.o
LOAD F:/Program Files/ST/STM32CubeCLT_1.18.0/GNU-tools-for-STM32/bin/../lib/gcc/arm-none-eabi/13.3.1/thumb/v7-m/nofp/crtn.o
                0x2000c000                        _estack = (ORIGIN (RAM) + LENGTH (RAM))
                0x00000200                        _Min_Heap_Size = 0x200
                0x00000400                        _Min_Stack_Size = 0x400

.isr_vector     0x08000000      0x1e4
                0x08000000                        . = ALIGN (0x4)
 *(.isr_vector)
 .isr_vector    0x08000000      0x1e4 CMakeFiles/sequencer_1.1.dir/startup_stm32f103xe.s.obj
                0x08000000                g_pfnVectors
                0x080001e4                        . = ALIGN (0x4)

.text           0x080001f0     0xabfc
                0x080001f0                        . = ALIGN (0x4)
 *(.text)
 .text          0x080001f0       0x40 F:/Program Files/ST/STM32CubeCLT_1.18.0/GNU-tools-for-STM32/bin/../lib/gcc/arm-none-eabi/13.3.1/thumb/v7-m/nofp/crtbegin.o
 .text          0x08000230      0x378 F:/Program Files/ST/STM32CubeCLT_1.18.0/GNU-tools-for-STM32/bin/../lib/gcc/arm-none-eabi/13.3.1/thumb/v7-m/nofp\libgcc.a(_arm_addsubdf3.o)
                0x08000230                __aeabi_drsub
                0x08000238                __aeabi_dsub
                0x08000238                __subdf3
                0x0800023c                __aeabi_dadd
                0x0800023c                __adddf3
                0x080004b4                __floatunsidf
                0x080004b4                __aeabi_ui2d
                0x080004d4                __floatsidf
                0x080004d4                __aeabi_i2d
                0x080004f8                __aeabi_f2d
                0x080004f8                __extendsfdf2
                0x0800053c                __floatundidf
                0x0800053c                __aeabi_ul2d
                0x0800054c                __floatdidf
                0x0800054c                __aeabi_l2d
 .text          0x080005a8      0x424 F:/Program Files/ST/STM32CubeCLT_1.18.0/GNU-tools-for-STM32/bin/../lib/gcc/arm-none-eabi/13.3.1/thumb/v7-m/nofp\libgcc.a(_arm_muldivdf3.o)
                0x080005a8                __aeabi_dmul
                0x080005a8                __muldf3
                0x080007fc                __divdf3
                0x080007fc                __aeabi_ddiv
 .text          0x080009cc      0x110 F:/Program Files/ST/STM32CubeCLT_1.18.0/GNU-tools-for-STM32/bin/../lib/gcc/arm-none-eabi/13.3.1/thumb/v7-m/nofp\libgcc.a(_arm_cmpdf2.o)
                0x080009cc                __gtdf2
                0x080009cc                __gedf2
                0x080009d4                __ltdf2
                0x080009d4                __ledf2
                0x080009dc                __nedf2
                0x080009dc                __eqdf2
                0x080009dc                __cmpdf2
                0x08000a58                __aeabi_cdrcmple
                0x08000a68                __aeabi_cdcmpeq
                0x08000a68                __aeabi_cdcmple
                0x08000a78                __aeabi_dcmpeq
                0x08000a8c                __aeabi_dcmplt
                0x08000aa0                __aeabi_dcmple
                0x08000ab4                __aeabi_dcmpge
                0x08000ac8                __aeabi_dcmpgt
 .text          0x08000adc       0x40 F:/Program Files/ST/STM32CubeCLT_1.18.0/GNU-tools-for-STM32/bin/../lib/gcc/arm-none-eabi/13.3.1/thumb/v7-m/nofp\libgcc.a(_arm_fixunsdfsi.o)
                0x08000adc                __aeabi_d2uiz
                0x08000adc                __fixunsdfsi
 .text          0x08000b1c      0x21c F:/Program Files/ST/STM32CubeCLT_1.18.0/GNU-tools-for-STM32/bin/../lib/gcc/arm-none-eabi/13.3.1/thumb/v7-m/nofp\libgcc.a(_arm_addsubsf3.o)
                0x08000b1c                __aeabi_frsub
                0x08000b24                __subsf3
                0x08000b24                __aeabi_fsub
                0x08000b28                __aeabi_fadd
                0x08000b28                __addsf3
                0x08000c88                __aeabi_ui2f
                0x08000c88                __floatunsisf
                0x08000c90                __aeabi_i2f
                0x08000c90                __floatsisf
                0x08000cac                __aeabi_ul2f
                0x08000cac                __floatundisf
                0x08000cbc                __aeabi_l2f
                0x08000cbc                __floatdisf
 *(.text*)
 .text.SystemInit
                0x08000d38        0xc cmake/stm32cubemx/CMakeFiles/STM32_Drivers.dir/__/__/Core/Src/system_stm32f1xx.c.obj
                0x08000d38                SystemInit
 .text.HAL_TIM_Base_Init
                0x08000d44       0x9e cmake/stm32cubemx/CMakeFiles/STM32_Drivers.dir/__/__/Drivers/STM32F1xx_HAL_Driver/Src/stm32f1xx_hal_tim.c.obj
                0x08000d44                HAL_TIM_Base_Init
 *fill*         0x08000de2        0x2 
 .text.HAL_TIM_Base_Start
                0x08000de4       0xb0 cmake/stm32cubemx/CMakeFiles/STM32_Drivers.dir/__/__/Drivers/STM32F1xx_HAL_Driver/Src/stm32f1xx_hal_tim.c.obj
                0x08000de4                HAL_TIM_Base_Start
 .text.HAL_TIM_Base_Start_IT
                0x08000e94       0xc0 cmake/stm32cubemx/CMakeFiles/STM32_Drivers.dir/__/__/Drivers/STM32F1xx_HAL_Driver/Src/stm32f1xx_hal_tim.c.obj
                0x08000e94                HAL_TIM_Base_Start_IT
 .text.HAL_TIM_IRQHandler
                0x08000f54      0x1e0 cmake/stm32cubemx/CMakeFiles/STM32_Drivers.dir/__/__/Drivers/STM32F1xx_HAL_Driver/Src/stm32f1xx_hal_tim.c.obj
                0x08000f54                HAL_TIM_IRQHandler
 .text.HAL_TIM_ConfigClockSource
                0x08001134      0x18e cmake/stm32cubemx/CMakeFiles/STM32_Drivers.dir/__/__/Drivers/STM32F1xx_HAL_Driver/Src/stm32f1xx_hal_tim.c.obj
                0x08001134                HAL_TIM_ConfigClockSource
 .text.HAL_TIM_OC_DelayElapsedCallback
                0x080012c2       0x12 cmake/stm32cubemx/CMakeFiles/STM32_Drivers.dir/__/__/Drivers/STM32F1xx_HAL_Driver/Src/stm32f1xx_hal_tim.c.obj
                0x080012c2                HAL_TIM_OC_DelayElapsedCallback
 .text.HAL_TIM_IC_CaptureCallback
                0x080012d4       0x12 cmake/stm32cubemx/CMakeFiles/STM32_Drivers.dir/__/__/Drivers/STM32F1xx_HAL_Driver/Src/stm32f1xx_hal_tim.c.obj
                0x080012d4                HAL_TIM_IC_CaptureCallback
 .text.HAL_TIM_PWM_PulseFinishedCallback
                0x080012e6       0x12 cmake/stm32cubemx/CMakeFiles/STM32_Drivers.dir/__/__/Drivers/STM32F1xx_HAL_Driver/Src/stm32f1xx_hal_tim.c.obj
                0x080012e6                HAL_TIM_PWM_PulseFinishedCallback
 .text.HAL_TIM_TriggerCallback
                0x080012f8       0x12 cmake/stm32cubemx/CMakeFiles/STM32_Drivers.dir/__/__/Drivers/STM32F1xx_HAL_Driver/Src/stm32f1xx_hal_tim.c.obj
                0x080012f8                HAL_TIM_TriggerCallback
 *fill*         0x0800130a        0x2 
 .text.TIM_Base_SetConfig
                0x0800130c      0x10c cmake/stm32cubemx/CMakeFiles/STM32_Drivers.dir/__/__/Drivers/STM32F1xx_HAL_Driver/Src/stm32f1xx_hal_tim.c.obj
                0x0800130c                TIM_Base_SetConfig
 .text.TIM_TI1_ConfigInputStage
                0x08001418       0x5c cmake/stm32cubemx/CMakeFiles/STM32_Drivers.dir/__/__/Drivers/STM32F1xx_HAL_Driver/Src/stm32f1xx_hal_tim.c.obj
 .text.TIM_TI2_ConfigInputStage
                0x08001474       0x5e cmake/stm32cubemx/CMakeFiles/STM32_Drivers.dir/__/__/Drivers/STM32F1xx_HAL_Driver/Src/stm32f1xx_hal_tim.c.obj
 .text.TIM_ITRx_SetConfig
                0x080014d2       0x34 cmake/stm32cubemx/CMakeFiles/STM32_Drivers.dir/__/__/Drivers/STM32F1xx_HAL_Driver/Src/stm32f1xx_hal_tim.c.obj
 .text.TIM_ETR_SetConfig
                0x08001506       0x3e cmake/stm32cubemx/CMakeFiles/STM32_Drivers.dir/__/__/Drivers/STM32F1xx_HAL_Driver/Src/stm32f1xx_hal_tim.c.obj
                0x08001506                TIM_ETR_SetConfig
 .text.HAL_TIMEx_MasterConfigSynchronization
                0x08001544       0xd8 cmake/stm32cubemx/CMakeFiles/STM32_Drivers.dir/__/__/Drivers/STM32F1xx_HAL_Driver/Src/stm32f1xx_hal_tim_ex.c.obj
                0x08001544                HAL_TIMEx_MasterConfigSynchronization
 .text.HAL_TIMEx_CommutCallback
                0x0800161c       0x12 cmake/stm32cubemx/CMakeFiles/STM32_Drivers.dir/__/__/Drivers/STM32F1xx_HAL_Driver/Src/stm32f1xx_hal_tim_ex.c.obj
                0x0800161c                HAL_TIMEx_CommutCallback
 .text.HAL_TIMEx_BreakCallback
                0x0800162e       0x12 cmake/stm32cubemx/CMakeFiles/STM32_Drivers.dir/__/__/Drivers/STM32F1xx_HAL_Driver/Src/stm32f1xx_hal_tim_ex.c.obj
                0x0800162e                HAL_TIMEx_BreakCallback
 .text.HAL_ADC_Init
                0x08001640      0x1d4 cmake/stm32cubemx/CMakeFiles/STM32_Drivers.dir/__/__/Drivers/STM32F1xx_HAL_Driver/Src/stm32f1xx_hal_adc.c.obj
                0x08001640                HAL_ADC_Init
 .text.HAL_ADC_Start_DMA
                0x08001814      0x1bc cmake/stm32cubemx/CMakeFiles/STM32_Drivers.dir/__/__/Drivers/STM32F1xx_HAL_Driver/Src/stm32f1xx_hal_adc.c.obj
                0x08001814                HAL_ADC_Start_DMA
 .text.HAL_ADC_ConvCpltCallback
                0x080019d0       0x12 cmake/stm32cubemx/CMakeFiles/STM32_Drivers.dir/__/__/Drivers/STM32F1xx_HAL_Driver/Src/stm32f1xx_hal_adc.c.obj
                0x080019d0                HAL_ADC_ConvCpltCallback
 .text.HAL_ADC_ConvHalfCpltCallback
                0x080019e2       0x12 cmake/stm32cubemx/CMakeFiles/STM32_Drivers.dir/__/__/Drivers/STM32F1xx_HAL_Driver/Src/stm32f1xx_hal_adc.c.obj
                0x080019e2                HAL_ADC_ConvHalfCpltCallback
 .text.HAL_ADC_ErrorCallback
                0x080019f4       0x12 cmake/stm32cubemx/CMakeFiles/STM32_Drivers.dir/__/__/Drivers/STM32F1xx_HAL_Driver/Src/stm32f1xx_hal_adc.c.obj
                0x080019f4                HAL_ADC_ErrorCallback
 *fill*         0x08001a06        0x2 
 .text.HAL_ADC_ConfigChannel
                0x08001a08      0x1f0 cmake/stm32cubemx/CMakeFiles/STM32_Drivers.dir/__/__/Drivers/STM32F1xx_HAL_Driver/Src/stm32f1xx_hal_adc.c.obj
                0x08001a08                HAL_ADC_ConfigChannel
 .text.ADC_Enable
                0x08001bf8       0xb4 cmake/stm32cubemx/CMakeFiles/STM32_Drivers.dir/__/__/Drivers/STM32F1xx_HAL_Driver/Src/stm32f1xx_hal_adc.c.obj
                0x08001bf8                ADC_Enable
 .text.ADC_ConversionStop_Disable
                0x08001cac       0x82 cmake/stm32cubemx/CMakeFiles/STM32_Drivers.dir/__/__/Drivers/STM32F1xx_HAL_Driver/Src/stm32f1xx_hal_adc.c.obj
                0x08001cac                ADC_ConversionStop_Disable
 .text.ADC_DMAConvCplt
                0x08001d2e       0x7c cmake/stm32cubemx/CMakeFiles/STM32_Drivers.dir/__/__/Drivers/STM32F1xx_HAL_Driver/Src/stm32f1xx_hal_adc.c.obj
                0x08001d2e                ADC_DMAConvCplt
 .text.ADC_DMAHalfConvCplt
                0x08001daa       0x1c cmake/stm32cubemx/CMakeFiles/STM32_Drivers.dir/__/__/Drivers/STM32F1xx_HAL_Driver/Src/stm32f1xx_hal_adc.c.obj
                0x08001daa                ADC_DMAHalfConvCplt
 .text.ADC_DMAError
                0x08001dc6       0x34 cmake/stm32cubemx/CMakeFiles/STM32_Drivers.dir/__/__/Drivers/STM32F1xx_HAL_Driver/Src/stm32f1xx_hal_adc.c.obj
                0x08001dc6                ADC_DMAError
 *fill*         0x08001dfa        0x2 
 .text.HAL_Init
                0x08001dfc       0x2c cmake/stm32cubemx/CMakeFiles/STM32_Drivers.dir/__/__/Drivers/STM32F1xx_HAL_Driver/Src/stm32f1xx_hal.c.obj
                0x08001dfc                HAL_Init
 .text.HAL_IncTick
                0x08001e28       0x24 cmake/stm32cubemx/CMakeFiles/STM32_Drivers.dir/__/__/Drivers/STM32F1xx_HAL_Driver/Src/stm32f1xx_hal.c.obj
                0x08001e28                HAL_IncTick
 .text.HAL_GetTick
                0x08001e4c       0x14 cmake/stm32cubemx/CMakeFiles/STM32_Drivers.dir/__/__/Drivers/STM32F1xx_HAL_Driver/Src/stm32f1xx_hal.c.obj
                0x08001e4c                HAL_GetTick
 .text.HAL_Delay
                0x08001e60       0x48 cmake/stm32cubemx/CMakeFiles/STM32_Drivers.dir/__/__/Drivers/STM32F1xx_HAL_Driver/Src/stm32f1xx_hal.c.obj
                0x08001e60                HAL_Delay
 .text.HAL_RCC_OscConfig
                0x08001ea8      0x504 cmake/stm32cubemx/CMakeFiles/STM32_Drivers.dir/__/__/Drivers/STM32F1xx_HAL_Driver/Src/stm32f1xx_hal_rcc.c.obj
                0x08001ea8                HAL_RCC_OscConfig
 .text.HAL_RCC_ClockConfig
                0x080023ac      0x1d4 cmake/stm32cubemx/CMakeFiles/STM32_Drivers.dir/__/__/Drivers/STM32F1xx_HAL_Driver/Src/stm32f1xx_hal_rcc.c.obj
                0x080023ac                HAL_RCC_ClockConfig
 .text.HAL_RCC_GetSysClockFreq
                0x08002580       0xa8 cmake/stm32cubemx/CMakeFiles/STM32_Drivers.dir/__/__/Drivers/STM32F1xx_HAL_Driver/Src/stm32f1xx_hal_rcc.c.obj
                0x08002580                HAL_RCC_GetSysClockFreq
 .text.HAL_RCC_GetHCLKFreq
                0x08002628       0x14 cmake/stm32cubemx/CMakeFiles/STM32_Drivers.dir/__/__/Drivers/STM32F1xx_HAL_Driver/Src/stm32f1xx_hal_rcc.c.obj
                0x08002628                HAL_RCC_GetHCLKFreq
 .text.HAL_RCC_GetPCLK1Freq
                0x0800263c       0x28 cmake/stm32cubemx/CMakeFiles/STM32_Drivers.dir/__/__/Drivers/STM32F1xx_HAL_Driver/Src/stm32f1xx_hal_rcc.c.obj
                0x0800263c                HAL_RCC_GetPCLK1Freq
 .text.HAL_RCC_GetPCLK2Freq
                0x08002664       0x28 cmake/stm32cubemx/CMakeFiles/STM32_Drivers.dir/__/__/Drivers/STM32F1xx_HAL_Driver/Src/stm32f1xx_hal_rcc.c.obj
                0x08002664                HAL_RCC_GetPCLK2Freq
 .text.HAL_RCC_GetClockConfig
                0x0800268c       0x60 cmake/stm32cubemx/CMakeFiles/STM32_Drivers.dir/__/__/Drivers/STM32F1xx_HAL_Driver/Src/stm32f1xx_hal_rcc.c.obj
                0x0800268c                HAL_RCC_GetClockConfig
 .text.RCC_Delay
                0x080026ec       0x3c cmake/stm32cubemx/CMakeFiles/STM32_Drivers.dir/__/__/Drivers/STM32F1xx_HAL_Driver/Src/stm32f1xx_hal_rcc.c.obj
 .text.HAL_RCCEx_PeriphCLKConfig
                0x08002728      0x16c cmake/stm32cubemx/CMakeFiles/STM32_Drivers.dir/__/__/Drivers/STM32F1xx_HAL_Driver/Src/stm32f1xx_hal_rcc_ex.c.obj
                0x08002728                HAL_RCCEx_PeriphCLKConfig
 .text.HAL_GPIO_Init
                0x08002894      0x328 cmake/stm32cubemx/CMakeFiles/STM32_Drivers.dir/__/__/Drivers/STM32F1xx_HAL_Driver/Src/stm32f1xx_hal_gpio.c.obj
                0x08002894                HAL_GPIO_Init
 .text.HAL_GPIO_ReadPin
                0x08002bbc       0x2e cmake/stm32cubemx/CMakeFiles/STM32_Drivers.dir/__/__/Drivers/STM32F1xx_HAL_Driver/Src/stm32f1xx_hal_gpio.c.obj
                0x08002bbc                HAL_GPIO_ReadPin
 .text.HAL_GPIO_WritePin
                0x08002bea       0x30 cmake/stm32cubemx/CMakeFiles/STM32_Drivers.dir/__/__/Drivers/STM32F1xx_HAL_Driver/Src/stm32f1xx_hal_gpio.c.obj
                0x08002bea                HAL_GPIO_WritePin
 *fill*         0x08002c1a        0x2 
 .text.HAL_GPIO_EXTI_IRQHandler
                0x08002c1c       0x30 cmake/stm32cubemx/CMakeFiles/STM32_Drivers.dir/__/__/Drivers/STM32F1xx_HAL_Driver/Src/stm32f1xx_hal_gpio.c.obj
                0x08002c1c                HAL_GPIO_EXTI_IRQHandler
 .text.HAL_DMA_Init
                0x08002c4c       0xec cmake/stm32cubemx/CMakeFiles/STM32_Drivers.dir/__/__/Drivers/STM32F1xx_HAL_Driver/Src/stm32f1xx_hal_dma.c.obj
                0x08002c4c                HAL_DMA_Init
 .text.HAL_DMA_Start_IT
                0x08002d38       0xc0 cmake/stm32cubemx/CMakeFiles/STM32_Drivers.dir/__/__/Drivers/STM32F1xx_HAL_Driver/Src/stm32f1xx_hal_dma.c.obj
                0x08002d38                HAL_DMA_Start_IT
 .text.HAL_DMA_Abort
                0x08002df8       0x76 cmake/stm32cubemx/CMakeFiles/STM32_Drivers.dir/__/__/Drivers/STM32F1xx_HAL_Driver/Src/stm32f1xx_hal_dma.c.obj
                0x08002df8                HAL_DMA_Abort
 *fill*         0x08002e6e        0x2 
 .text.HAL_DMA_Abort_IT
                0x08002e70      0x210 cmake/stm32cubemx/CMakeFiles/STM32_Drivers.dir/__/__/Drivers/STM32F1xx_HAL_Driver/Src/stm32f1xx_hal_dma.c.obj
                0x08002e70                HAL_DMA_Abort_IT
 .text.HAL_DMA_IRQHandler
                0x08003080      0x478 cmake/stm32cubemx/CMakeFiles/STM32_Drivers.dir/__/__/Drivers/STM32F1xx_HAL_Driver/Src/stm32f1xx_hal_dma.c.obj
                0x08003080                HAL_DMA_IRQHandler
 .text.DMA_SetConfig
                0x080034f8       0x5a cmake/stm32cubemx/CMakeFiles/STM32_Drivers.dir/__/__/Drivers/STM32F1xx_HAL_Driver/Src/stm32f1xx_hal_dma.c.obj
 *fill*         0x08003552        0x2 
 .text.__NVIC_SetPriorityGrouping
                0x08003554       0x48 cmake/stm32cubemx/CMakeFiles/STM32_Drivers.dir/__/__/Drivers/STM32F1xx_HAL_Driver/Src/stm32f1xx_hal_cortex.c.obj
 .text.__NVIC_GetPriorityGrouping
                0x0800359c       0x1c cmake/stm32cubemx/CMakeFiles/STM32_Drivers.dir/__/__/Drivers/STM32F1xx_HAL_Driver/Src/stm32f1xx_hal_cortex.c.obj
 .text.__NVIC_EnableIRQ
                0x080035b8       0x38 cmake/stm32cubemx/CMakeFiles/STM32_Drivers.dir/__/__/Drivers/STM32F1xx_HAL_Driver/Src/stm32f1xx_hal_cortex.c.obj
 .text.__NVIC_SetPriority
                0x080035f0       0x54 cmake/stm32cubemx/CMakeFiles/STM32_Drivers.dir/__/__/Drivers/STM32F1xx_HAL_Driver/Src/stm32f1xx_hal_cortex.c.obj
 .text.NVIC_EncodePriority
                0x08003644       0x64 cmake/stm32cubemx/CMakeFiles/STM32_Drivers.dir/__/__/Drivers/STM32F1xx_HAL_Driver/Src/stm32f1xx_hal_cortex.c.obj
 .text.HAL_NVIC_SetPriorityGrouping
                0x080036a8       0x16 cmake/stm32cubemx/CMakeFiles/STM32_Drivers.dir/__/__/Drivers/STM32F1xx_HAL_Driver/Src/stm32f1xx_hal_cortex.c.obj
                0x080036a8                HAL_NVIC_SetPriorityGrouping
 .text.HAL_NVIC_SetPriority
                0x080036be       0x38 cmake/stm32cubemx/CMakeFiles/STM32_Drivers.dir/__/__/Drivers/STM32F1xx_HAL_Driver/Src/stm32f1xx_hal_cortex.c.obj
                0x080036be                HAL_NVIC_SetPriority
 .text.HAL_NVIC_EnableIRQ
                0x080036f6       0x1c cmake/stm32cubemx/CMakeFiles/STM32_Drivers.dir/__/__/Drivers/STM32F1xx_HAL_Driver/Src/stm32f1xx_hal_cortex.c.obj
                0x080036f6                HAL_NVIC_EnableIRQ
 *fill*         0x08003712        0x2 
 .text.HAL_I2C_Init
                0x08003714      0x288 cmake/stm32cubemx/CMakeFiles/STM32_Drivers.dir/__/__/Drivers/STM32F1xx_HAL_Driver/Src/stm32f1xx_hal_i2c.c.obj
                0x08003714                HAL_I2C_Init
 .text.HAL_UART_Init
                0x0800399c       0xa0 cmake/stm32cubemx/CMakeFiles/STM32_Drivers.dir/__/__/Drivers/STM32F1xx_HAL_Driver/Src/stm32f1xx_hal_uart.c.obj
                0x0800399c                HAL_UART_Init
 .text.HAL_UART_Transmit_IT
                0x08003a3c       0x6a cmake/stm32cubemx/CMakeFiles/STM32_Drivers.dir/__/__/Drivers/STM32F1xx_HAL_Driver/Src/stm32f1xx_hal_uart.c.obj
                0x08003a3c                HAL_UART_Transmit_IT
 .text.HAL_UART_Receive_IT
                0x08003aa6       0x4a cmake/stm32cubemx/CMakeFiles/STM32_Drivers.dir/__/__/Drivers/STM32F1xx_HAL_Driver/Src/stm32f1xx_hal_uart.c.obj
                0x08003aa6                HAL_UART_Receive_IT
 .text.HAL_UART_IRQHandler
                0x08003af0      0x524 cmake/stm32cubemx/CMakeFiles/STM32_Drivers.dir/__/__/Drivers/STM32F1xx_HAL_Driver/Src/stm32f1xx_hal_uart.c.obj
                0x08003af0                HAL_UART_IRQHandler
 .text.HAL_UART_ErrorCallback
                0x08004014       0x12 cmake/stm32cubemx/CMakeFiles/STM32_Drivers.dir/__/__/Drivers/STM32F1xx_HAL_Driver/Src/stm32f1xx_hal_uart.c.obj
                0x08004014                HAL_UART_ErrorCallback
 .text.HAL_UARTEx_RxEventCallback
                0x08004026       0x16 cmake/stm32cubemx/CMakeFiles/STM32_Drivers.dir/__/__/Drivers/STM32F1xx_HAL_Driver/Src/stm32f1xx_hal_uart.c.obj
                0x08004026                HAL_UARTEx_RxEventCallback
 .text.UART_Start_Receive_IT
                0x0800403c       0x72 cmake/stm32cubemx/CMakeFiles/STM32_Drivers.dir/__/__/Drivers/STM32F1xx_HAL_Driver/Src/stm32f1xx_hal_uart.c.obj
                0x0800403c                UART_Start_Receive_IT
 .text.UART_EndRxTransfer
                0x080040ae       0xc4 cmake/stm32cubemx/CMakeFiles/STM32_Drivers.dir/__/__/Drivers/STM32F1xx_HAL_Driver/Src/stm32f1xx_hal_uart.c.obj
 .text.UART_DMAAbortOnError
                0x08004172       0x28 cmake/stm32cubemx/CMakeFiles/STM32_Drivers.dir/__/__/Drivers/STM32F1xx_HAL_Driver/Src/stm32f1xx_hal_uart.c.obj
 .text.UART_Transmit_IT
                0x0800419a       0x9e cmake/stm32cubemx/CMakeFiles/STM32_Drivers.dir/__/__/Drivers/STM32F1xx_HAL_Driver/Src/stm32f1xx_hal_uart.c.obj
 .text.UART_EndTransmit_IT
                0x08004238       0x30 cmake/stm32cubemx/CMakeFiles/STM32_Drivers.dir/__/__/Drivers/STM32F1xx_HAL_Driver/Src/stm32f1xx_hal_uart.c.obj
 .text.UART_Receive_IT
                0x08004268      0x17c cmake/stm32cubemx/CMakeFiles/STM32_Drivers.dir/__/__/Drivers/STM32F1xx_HAL_Driver/Src/stm32f1xx_hal_uart.c.obj
 .text.UART_SetConfig
                0x080043e4      0x11c cmake/stm32cubemx/CMakeFiles/STM32_Drivers.dir/__/__/Drivers/STM32F1xx_HAL_Driver/Src/stm32f1xx_hal_uart.c.obj
 .text.HAL_PCD_Init
                0x08004500      0x1ec cmake/stm32cubemx/CMakeFiles/STM32_Drivers.dir/__/__/Drivers/STM32F1xx_HAL_Driver/Src/stm32f1xx_hal_pcd.c.obj
                0x08004500                HAL_PCD_Init
 .text.USB_CoreInit
                0x080046ec       0x1a cmake/stm32cubemx/CMakeFiles/STM32_Drivers.dir/__/__/Drivers/STM32F1xx_HAL_Driver/Src/stm32f1xx_ll_usb.c.obj
                0x080046ec                USB_CoreInit
 .text.USB_DisableGlobalInt
                0x08004706       0x34 cmake/stm32cubemx/CMakeFiles/STM32_Drivers.dir/__/__/Drivers/STM32F1xx_HAL_Driver/Src/stm32f1xx_ll_usb.c.obj
                0x08004706                USB_DisableGlobalInt
 .text.USB_SetCurrentMode
                0x0800473a       0x18 cmake/stm32cubemx/CMakeFiles/STM32_Drivers.dir/__/__/Drivers/STM32F1xx_HAL_Driver/Src/stm32f1xx_ll_usb.c.obj
                0x0800473a                USB_SetCurrentMode
 .text.USB_DevInit
                0x08004752       0x3a cmake/stm32cubemx/CMakeFiles/STM32_Drivers.dir/__/__/Drivers/STM32F1xx_HAL_Driver/Src/stm32f1xx_ll_usb.c.obj
                0x08004752                USB_DevInit
 .text.USB_DevDisconnect
                0x0800478c       0x14 cmake/stm32cubemx/CMakeFiles/STM32_Drivers.dir/__/__/Drivers/STM32F1xx_HAL_Driver/Src/stm32f1xx_ll_usb.c.obj
                0x0800478c                USB_DevDisconnect
 .text.vListInitialise
                0x080047a0       0x3e cmake/stm32cubemx/CMakeFiles/FreeRTOS.dir/__/__/Middlewares/Third_Party/FreeRTOS/Source/list.c.obj
                0x080047a0                vListInitialise
 .text.vListInitialiseItem
                0x080047de       0x18 cmake/stm32cubemx/CMakeFiles/FreeRTOS.dir/__/__/Middlewares/Third_Party/FreeRTOS/Source/list.c.obj
                0x080047de                vListInitialiseItem
 .text.vListInsertEnd
                0x080047f6       0x46 cmake/stm32cubemx/CMakeFiles/FreeRTOS.dir/__/__/Middlewares/Third_Party/FreeRTOS/Source/list.c.obj
                0x080047f6                vListInsertEnd
 .text.vListInsert
                0x0800483c       0x70 cmake/stm32cubemx/CMakeFiles/FreeRTOS.dir/__/__/Middlewares/Third_Party/FreeRTOS/Source/list.c.obj
                0x0800483c                vListInsert
 .text.uxListRemove
                0x080048ac       0x52 cmake/stm32cubemx/CMakeFiles/FreeRTOS.dir/__/__/Middlewares/Third_Party/FreeRTOS/Source/list.c.obj
                0x080048ac                uxListRemove
 *fill*         0x080048fe        0x2 
 .text.xQueueGenericReset
                0x08004900       0xd4 cmake/stm32cubemx/CMakeFiles/FreeRTOS.dir/__/__/Middlewares/Third_Party/FreeRTOS/Source/queue.c.obj
                0x08004900                xQueueGenericReset
 .text.xQueueGenericCreateStatic
                0x080049d4       0xfa cmake/stm32cubemx/CMakeFiles/FreeRTOS.dir/__/__/Middlewares/Third_Party/FreeRTOS/Source/queue.c.obj
                0x080049d4                xQueueGenericCreateStatic
 .text.xQueueGenericCreate
                0x08004ace       0x76 cmake/stm32cubemx/CMakeFiles/FreeRTOS.dir/__/__/Middlewares/Third_Party/FreeRTOS/Source/queue.c.obj
                0x08004ace                xQueueGenericCreate
 .text.prvInitialiseNewQueue
                0x08004b44       0x3e cmake/stm32cubemx/CMakeFiles/FreeRTOS.dir/__/__/Middlewares/Third_Party/FreeRTOS/Source/queue.c.obj
 .text.prvInitialiseMutex
                0x08004b82       0x34 cmake/stm32cubemx/CMakeFiles/FreeRTOS.dir/__/__/Middlewares/Third_Party/FreeRTOS/Source/queue.c.obj
 .text.xQueueCreateMutex
                0x08004bb6       0x30 cmake/stm32cubemx/CMakeFiles/FreeRTOS.dir/__/__/Middlewares/Third_Party/FreeRTOS/Source/queue.c.obj
                0x08004bb6                xQueueCreateMutex
 *fill*         0x08004be6        0x2 
 .text.xQueueGenericSend
                0x08004be8      0x204 cmake/stm32cubemx/CMakeFiles/FreeRTOS.dir/__/__/Middlewares/Third_Party/FreeRTOS/Source/queue.c.obj
                0x08004be8                xQueueGenericSend
 .text.xQueueSemaphoreTake
                0x08004dec      0x220 cmake/stm32cubemx/CMakeFiles/FreeRTOS.dir/__/__/Middlewares/Third_Party/FreeRTOS/Source/queue.c.obj
                0x08004dec                xQueueSemaphoreTake
 .text.prvGetDisinheritPriorityAfterTimeout
                0x0800500c       0x2e cmake/stm32cubemx/CMakeFiles/FreeRTOS.dir/__/__/Middlewares/Third_Party/FreeRTOS/Source/queue.c.obj
 .text.prvCopyDataToQueue
                0x0800503a       0xd4 cmake/stm32cubemx/CMakeFiles/FreeRTOS.dir/__/__/Middlewares/Third_Party/FreeRTOS/Source/queue.c.obj
 .text.prvUnlockQueue
                0x0800510e       0xa4 cmake/stm32cubemx/CMakeFiles/FreeRTOS.dir/__/__/Middlewares/Third_Party/FreeRTOS/Source/queue.c.obj
 .text.prvIsQueueEmpty
                0x080051b2       0x2c cmake/stm32cubemx/CMakeFiles/FreeRTOS.dir/__/__/Middlewares/Third_Party/FreeRTOS/Source/queue.c.obj
 .text.prvIsQueueFull
                0x080051de       0x30 cmake/stm32cubemx/CMakeFiles/FreeRTOS.dir/__/__/Middlewares/Third_Party/FreeRTOS/Source/queue.c.obj
 .text.xTaskCreateStatic
                0x0800520e       0xc0 cmake/stm32cubemx/CMakeFiles/FreeRTOS.dir/__/__/Middlewares/Third_Party/FreeRTOS/Source/tasks.c.obj
                0x0800520e                xTaskCreateStatic
 .text.xTaskCreate
                0x080052ce       0x8a cmake/stm32cubemx/CMakeFiles/FreeRTOS.dir/__/__/Middlewares/Third_Party/FreeRTOS/Source/tasks.c.obj
                0x080052ce                xTaskCreate
 .text.prvInitialiseNewTask
                0x08005358      0x110 cmake/stm32cubemx/CMakeFiles/FreeRTOS.dir/__/__/Middlewares/Third_Party/FreeRTOS/Source/tasks.c.obj
 .text.prvAddNewTaskToReadyList
                0x08005468       0xd4 cmake/stm32cubemx/CMakeFiles/FreeRTOS.dir/__/__/Middlewares/Third_Party/FreeRTOS/Source/tasks.c.obj
 .text.vTaskDelay
                0x0800553c       0x6c cmake/stm32cubemx/CMakeFiles/FreeRTOS.dir/__/__/Middlewares/Third_Party/FreeRTOS/Source/tasks.c.obj
                0x0800553c                vTaskDelay
 .text.vTaskStartScheduler
                0x080055a8       0xc4 cmake/stm32cubemx/CMakeFiles/FreeRTOS.dir/__/__/Middlewares/Third_Party/FreeRTOS/Source/tasks.c.obj
                0x080055a8                vTaskStartScheduler
 .text.vTaskSuspendAll
                0x0800566c       0x1c cmake/stm32cubemx/CMakeFiles/FreeRTOS.dir/__/__/Middlewares/Third_Party/FreeRTOS/Source/tasks.c.obj
                0x0800566c                vTaskSuspendAll
 .text.xTaskResumeAll
                0x08005688      0x13c cmake/stm32cubemx/CMakeFiles/FreeRTOS.dir/__/__/Middlewares/Third_Party/FreeRTOS/Source/tasks.c.obj
                0x08005688                xTaskResumeAll
 .text.xTaskIncrementTick
                0x080057c4      0x174 cmake/stm32cubemx/CMakeFiles/FreeRTOS.dir/__/__/Middlewares/Third_Party/FreeRTOS/Source/tasks.c.obj
                0x080057c4                xTaskIncrementTick
 .text.vTaskSwitchContext
                0x08005938       0xb8 cmake/stm32cubemx/CMakeFiles/FreeRTOS.dir/__/__/Middlewares/Third_Party/FreeRTOS/Source/tasks.c.obj
                0x08005938                vTaskSwitchContext
 .text.vTaskPlaceOnEventList
                0x080059f0       0x4c cmake/stm32cubemx/CMakeFiles/FreeRTOS.dir/__/__/Middlewares/Third_Party/FreeRTOS/Source/tasks.c.obj
                0x080059f0                vTaskPlaceOnEventList
 .text.xTaskRemoveFromEventList
                0x08005a3c       0xc8 cmake/stm32cubemx/CMakeFiles/FreeRTOS.dir/__/__/Middlewares/Third_Party/FreeRTOS/Source/tasks.c.obj
                0x08005a3c                xTaskRemoveFromEventList
 .text.vTaskInternalSetTimeOutState
                0x08005b04       0x2c cmake/stm32cubemx/CMakeFiles/FreeRTOS.dir/__/__/Middlewares/Third_Party/FreeRTOS/Source/tasks.c.obj
                0x08005b04                vTaskInternalSetTimeOutState
 .text.xTaskCheckForTimeOut
                0x08005b30       0xc8 cmake/stm32cubemx/CMakeFiles/FreeRTOS.dir/__/__/Middlewares/Third_Party/FreeRTOS/Source/tasks.c.obj
                0x08005b30                xTaskCheckForTimeOut
 .text.vTaskMissedYield
                0x08005bf8       0x18 cmake/stm32cubemx/CMakeFiles/FreeRTOS.dir/__/__/Middlewares/Third_Party/FreeRTOS/Source/tasks.c.obj
                0x08005bf8                vTaskMissedYield
 .text.prvIdleTask
                0x08005c10       0x30 cmake/stm32cubemx/CMakeFiles/FreeRTOS.dir/__/__/Middlewares/Third_Party/FreeRTOS/Source/tasks.c.obj
 .text.prvInitialiseTaskLists
                0x08005c40       0x80 cmake/stm32cubemx/CMakeFiles/FreeRTOS.dir/__/__/Middlewares/Third_Party/FreeRTOS/Source/tasks.c.obj
 .text.prvCheckTasksWaitingTermination
                0x08005cc0       0x5c cmake/stm32cubemx/CMakeFiles/FreeRTOS.dir/__/__/Middlewares/Third_Party/FreeRTOS/Source/tasks.c.obj
 .text.prvDeleteTCB
                0x08005d1c       0x60 cmake/stm32cubemx/CMakeFiles/FreeRTOS.dir/__/__/Middlewares/Third_Party/FreeRTOS/Source/tasks.c.obj
 .text.prvResetNextTaskUnblockTime
                0x08005d7c       0x40 cmake/stm32cubemx/CMakeFiles/FreeRTOS.dir/__/__/Middlewares/Third_Party/FreeRTOS/Source/tasks.c.obj
 .text.xTaskGetSchedulerState
                0x08005dbc       0x3c cmake/stm32cubemx/CMakeFiles/FreeRTOS.dir/__/__/Middlewares/Third_Party/FreeRTOS/Source/tasks.c.obj
                0x08005dbc                xTaskGetSchedulerState
 .text.xTaskPriorityInherit
                0x08005df8       0xec cmake/stm32cubemx/CMakeFiles/FreeRTOS.dir/__/__/Middlewares/Third_Party/FreeRTOS/Source/tasks.c.obj
                0x08005df8                xTaskPriorityInherit
 .text.xTaskPriorityDisinherit
                0x08005ee4      0x110 cmake/stm32cubemx/CMakeFiles/FreeRTOS.dir/__/__/Middlewares/Third_Party/FreeRTOS/Source/tasks.c.obj
                0x08005ee4                xTaskPriorityDisinherit
 .text.vTaskPriorityDisinheritAfterTimeout
                0x08005ff4      0x120 cmake/stm32cubemx/CMakeFiles/FreeRTOS.dir/__/__/Middlewares/Third_Party/FreeRTOS/Source/tasks.c.obj
                0x08005ff4                vTaskPriorityDisinheritAfterTimeout
 .text.pvTaskIncrementMutexHeldCount
                0x08006114       0x28 cmake/stm32cubemx/CMakeFiles/FreeRTOS.dir/__/__/Middlewares/Third_Party/FreeRTOS/Source/tasks.c.obj
                0x08006114                pvTaskIncrementMutexHeldCount
 .text.xTaskNotifyWait
                0x0800613c       0xb4 cmake/stm32cubemx/CMakeFiles/FreeRTOS.dir/__/__/Middlewares/Third_Party/FreeRTOS/Source/tasks.c.obj
                0x0800613c                xTaskNotifyWait
 .text.xTaskGenericNotify
                0x080061f0      0x170 cmake/stm32cubemx/CMakeFiles/FreeRTOS.dir/__/__/Middlewares/Third_Party/FreeRTOS/Source/tasks.c.obj
                0x080061f0                xTaskGenericNotify
 .text.xTaskGenericNotifyFromISR
                0x08006360      0x1bc cmake/stm32cubemx/CMakeFiles/FreeRTOS.dir/__/__/Middlewares/Third_Party/FreeRTOS/Source/tasks.c.obj
                0x08006360                xTaskGenericNotifyFromISR
 .text.prvAddCurrentTaskToDelayedList
                0x0800651c       0xcc cmake/stm32cubemx/CMakeFiles/FreeRTOS.dir/__/__/Middlewares/Third_Party/FreeRTOS/Source/tasks.c.obj
 .text.makeFreeRtosPriority
                0x080065e8       0x2e cmake/stm32cubemx/CMakeFiles/FreeRTOS.dir/__/__/Middlewares/Third_Party/FreeRTOS/Source/CMSIS_RTOS/cmsis_os.c.obj
 .text.osKernelStart
                0x08006616        0xe cmake/stm32cubemx/CMakeFiles/FreeRTOS.dir/__/__/Middlewares/Third_Party/FreeRTOS/Source/CMSIS_RTOS/cmsis_os.c.obj
                0x08006616                osKernelStart
 .text.osThreadCreate
                0x08006624       0x98 cmake/stm32cubemx/CMakeFiles/FreeRTOS.dir/__/__/Middlewares/Third_Party/FreeRTOS/Source/CMSIS_RTOS/cmsis_os.c.obj
                0x08006624                osThreadCreate
 .text.osSemaphoreCreate
                0x080066bc       0x64 cmake/stm32cubemx/CMakeFiles/FreeRTOS.dir/__/__/Middlewares/Third_Party/FreeRTOS/Source/CMSIS_RTOS/cmsis_os.c.obj
                0x080066bc                osSemaphoreCreate
 .text.pvPortMalloc
                0x08006720      0x19c cmake/stm32cubemx/CMakeFiles/FreeRTOS.dir/__/__/Middlewares/Third_Party/FreeRTOS/Source/portable/MemMang/heap_4.c.obj
                0x08006720                pvPortMalloc
 .text.vPortFree
                0x080068bc       0xc8 cmake/stm32cubemx/CMakeFiles/FreeRTOS.dir/__/__/Middlewares/Third_Party/FreeRTOS/Source/portable/MemMang/heap_4.c.obj
                0x080068bc                vPortFree
 .text.prvHeapInit
                0x08006984       0xc4 cmake/stm32cubemx/CMakeFiles/FreeRTOS.dir/__/__/Middlewares/Third_Party/FreeRTOS/Source/portable/MemMang/heap_4.c.obj
 .text.prvInsertBlockIntoFreeList
                0x08006a48       0xb0 cmake/stm32cubemx/CMakeFiles/FreeRTOS.dir/__/__/Middlewares/Third_Party/FreeRTOS/Source/portable/MemMang/heap_4.c.obj
 .text.pxPortInitialiseStack
                0x08006af8       0x58 cmake/stm32cubemx/CMakeFiles/FreeRTOS.dir/__/__/Middlewares/Third_Party/FreeRTOS/Source/portable/GCC/ARM_CM3/port.c.obj
                0x08006af8                pxPortInitialiseStack
 .text.prvTaskExitError
                0x08006b50       0x58 cmake/stm32cubemx/CMakeFiles/FreeRTOS.dir/__/__/Middlewares/Third_Party/FreeRTOS/Source/portable/GCC/ARM_CM3/port.c.obj
 *fill*         0x08006ba8        0x8 
 .text.SVC_Handler
                0x08006bb0       0x28 cmake/stm32cubemx/CMakeFiles/FreeRTOS.dir/__/__/Middlewares/Third_Party/FreeRTOS/Source/portable/GCC/ARM_CM3/port.c.obj
                0x08006bb0                SVC_Handler
 .text.prvPortStartFirstTask
                0x08006bd8       0x20 cmake/stm32cubemx/CMakeFiles/FreeRTOS.dir/__/__/Middlewares/Third_Party/FreeRTOS/Source/portable/GCC/ARM_CM3/port.c.obj
 .text.xPortStartScheduler
                0x08006bf8       0xe4 cmake/stm32cubemx/CMakeFiles/FreeRTOS.dir/__/__/Middlewares/Third_Party/FreeRTOS/Source/portable/GCC/ARM_CM3/port.c.obj
                0x08006bf8                xPortStartScheduler
 .text.vPortEnterCritical
                0x08006cdc       0x60 cmake/stm32cubemx/CMakeFiles/FreeRTOS.dir/__/__/Middlewares/Third_Party/FreeRTOS/Source/portable/GCC/ARM_CM3/port.c.obj
                0x08006cdc                vPortEnterCritical
 .text.vPortExitCritical
                0x08006d3c       0x54 cmake/stm32cubemx/CMakeFiles/FreeRTOS.dir/__/__/Middlewares/Third_Party/FreeRTOS/Source/portable/GCC/ARM_CM3/port.c.obj
                0x08006d3c                vPortExitCritical
 .text.PendSV_Handler
                0x08006d90       0x48 cmake/stm32cubemx/CMakeFiles/FreeRTOS.dir/__/__/Middlewares/Third_Party/FreeRTOS/Source/portable/GCC/ARM_CM3/port.c.obj
                0x08006d90                PendSV_Handler
 .text.SysTick_Handler
                0x08006dd8       0x44 cmake/stm32cubemx/CMakeFiles/FreeRTOS.dir/__/__/Middlewares/Third_Party/FreeRTOS/Source/portable/GCC/ARM_CM3/port.c.obj
                0x08006dd8                SysTick_Handler
 .text.vPortSetupTimerInterrupt
                0x08006e1c       0x44 cmake/stm32cubemx/CMakeFiles/FreeRTOS.dir/__/__/Middlewares/Third_Party/FreeRTOS/Source/portable/GCC/ARM_CM3/port.c.obj
                0x08006e1c                vPortSetupTimerInterrupt
 .text.vPortValidateInterruptPriority
                0x08006e60       0x80 cmake/stm32cubemx/CMakeFiles/FreeRTOS.dir/__/__/Middlewares/Third_Party/FreeRTOS/Source/portable/GCC/ARM_CM3/port.c.obj
                0x08006e60                vPortValidateInterruptPriority
 .text.main     0x08006ee0       0x40 CMakeFiles/sequencer_1.1.dir/Core/Src/main.c.obj
                0x08006ee0                main
 .text.SystemClock_Config
                0x08006f20       0xbe CMakeFiles/sequencer_1.1.dir/Core/Src/main.c.obj
                0x08006f20                SystemClock_Config
 *fill*         0x08006fde        0x2 
 .text.HAL_TIM_PeriodElapsedCallback
                0x08006fe0      0x300 CMakeFiles/sequencer_1.1.dir/Core/Src/main.c.obj
                0x08006fe0                HAL_TIM_PeriodElapsedCallback
 .text.Error_Handler
                0x080072e0        0xc CMakeFiles/sequencer_1.1.dir/Core/Src/main.c.obj
                0x080072e0                Error_Handler
 .text.MX_GPIO_Init
                0x080072ec      0x1d8 CMakeFiles/sequencer_1.1.dir/Core/Src/gpio.c.obj
                0x080072ec                MX_GPIO_Init
 .text.vApplicationGetIdleTaskMemory
                0x080074c4       0x30 CMakeFiles/sequencer_1.1.dir/Core/Src/freertos.c.obj
                0x080074c4                vApplicationGetIdleTaskMemory
 .text.MX_FREERTOS_Init
                0x080074f4       0x58 CMakeFiles/sequencer_1.1.dir/Core/Src/freertos.c.obj
                0x080074f4                MX_FREERTOS_Init
 .text.StartDefaultTask
                0x0800754c        0xc CMakeFiles/sequencer_1.1.dir/Core/Src/freertos.c.obj
                0x0800754c                StartDefaultTask
 .text.MX_ADC1_Init
                0x08007558       0xb8 CMakeFiles/sequencer_1.1.dir/Core/Src/adc.c.obj
                0x08007558                MX_ADC1_Init
 .text.HAL_ADC_MspInit
                0x08007610       0xd0 CMakeFiles/sequencer_1.1.dir/Core/Src/adc.c.obj
                0x08007610                HAL_ADC_MspInit
 .text.MX_DMA_Init
                0x080076e0       0x3c CMakeFiles/sequencer_1.1.dir/Core/Src/dma.c.obj
                0x080076e0                MX_DMA_Init
 .text.MX_I2C1_Init
                0x0800771c       0x5c CMakeFiles/sequencer_1.1.dir/Core/Src/i2c.c.obj
                0x0800771c                MX_I2C1_Init
 .text.HAL_I2C_MspInit
                0x08007778       0x7c CMakeFiles/sequencer_1.1.dir/Core/Src/i2c.c.obj
                0x08007778                HAL_I2C_MspInit
 .text.MX_TIM1_Init
                0x080077f4       0xa0 CMakeFiles/sequencer_1.1.dir/Core/Src/tim.c.obj
                0x080077f4                MX_TIM1_Init
 .text.MX_TIM2_Init
                0x08007894       0x98 CMakeFiles/sequencer_1.1.dir/Core/Src/tim.c.obj
                0x08007894                MX_TIM2_Init
 .text.MX_TIM3_Init
                0x0800792c       0x98 CMakeFiles/sequencer_1.1.dir/Core/Src/tim.c.obj
                0x0800792c                MX_TIM3_Init
 .text.HAL_TIM_Base_MspInit
                0x080079c4       0xa8 CMakeFiles/sequencer_1.1.dir/Core/Src/tim.c.obj
                0x080079c4                HAL_TIM_Base_MspInit
 .text.MX_USART1_UART_Init
                0x08007a6c       0x54 CMakeFiles/sequencer_1.1.dir/Core/Src/usart.c.obj
                0x08007a6c                MX_USART1_UART_Init
 .text.HAL_UART_MspInit
                0x08007ac0       0xa8 CMakeFiles/sequencer_1.1.dir/Core/Src/usart.c.obj
                0x08007ac0                HAL_UART_MspInit
 .text.MX_USB_PCD_Init
                0x08007b68       0x44 CMakeFiles/sequencer_1.1.dir/Core/Src/usb.c.obj
                0x08007b68                MX_USB_PCD_Init
 .text.HAL_PCD_MspInit
                0x08007bac       0x3c CMakeFiles/sequencer_1.1.dir/Core/Src/usb.c.obj
                0x08007bac                HAL_PCD_MspInit
 .text.NMI_Handler
                0x08007be8        0x8 CMakeFiles/sequencer_1.1.dir/Core/Src/stm32f1xx_it.c.obj
                0x08007be8                NMI_Handler
 .text.HardFault_Handler
                0x08007bf0        0x8 CMakeFiles/sequencer_1.1.dir/Core/Src/stm32f1xx_it.c.obj
                0x08007bf0                HardFault_Handler
 .text.MemManage_Handler
                0x08007bf8        0x8 CMakeFiles/sequencer_1.1.dir/Core/Src/stm32f1xx_it.c.obj
                0x08007bf8                MemManage_Handler
 .text.BusFault_Handler
                0x08007c00        0x8 CMakeFiles/sequencer_1.1.dir/Core/Src/stm32f1xx_it.c.obj
                0x08007c00                BusFault_Handler
 .text.UsageFault_Handler
                0x08007c08        0x8 CMakeFiles/sequencer_1.1.dir/Core/Src/stm32f1xx_it.c.obj
                0x08007c08                UsageFault_Handler
 .text.DebugMon_Handler
                0x08007c10        0xc CMakeFiles/sequencer_1.1.dir/Core/Src/stm32f1xx_it.c.obj
                0x08007c10                DebugMon_Handler
 .text.DMA1_Channel1_IRQHandler
                0x08007c1c       0x14 CMakeFiles/sequencer_1.1.dir/Core/Src/stm32f1xx_it.c.obj
                0x08007c1c                DMA1_Channel1_IRQHandler
 .text.EXTI9_5_IRQHandler
                0x08007c30       0x18 CMakeFiles/sequencer_1.1.dir/Core/Src/stm32f1xx_it.c.obj
                0x08007c30                EXTI9_5_IRQHandler
 .text.TIM1_UP_IRQHandler
                0x08007c48       0x14 CMakeFiles/sequencer_1.1.dir/Core/Src/stm32f1xx_it.c.obj
                0x08007c48                TIM1_UP_IRQHandler
 .text.TIM3_IRQHandler
                0x08007c5c       0x14 CMakeFiles/sequencer_1.1.dir/Core/Src/stm32f1xx_it.c.obj
                0x08007c5c                TIM3_IRQHandler
 .text.USART1_IRQHandler
                0x08007c70       0x14 CMakeFiles/sequencer_1.1.dir/Core/Src/stm32f1xx_it.c.obj
                0x08007c70                USART1_IRQHandler
 .text.TIM7_IRQHandler
                0x08007c84       0x14 CMakeFiles/sequencer_1.1.dir/Core/Src/stm32f1xx_it.c.obj
                0x08007c84                TIM7_IRQHandler
 .text.HAL_MspInit
                0x08007c98       0x70 CMakeFiles/sequencer_1.1.dir/Core/Src/stm32f1xx_hal_msp.c.obj
                0x08007c98                HAL_MspInit
 .text.HAL_InitTick
                0x08007d08       0xfc CMakeFiles/sequencer_1.1.dir/Core/Src/stm32f1xx_hal_timebase_tim.c.obj
                0x08007d08                HAL_InitTick
 .text.Reset_Handler
                0x08007e04       0x48 CMakeFiles/sequencer_1.1.dir/startup_stm32f103xe.s.obj
                0x08007e04                Reset_Handler
 .text.Default_Handler
                0x08007e4c        0x2 CMakeFiles/sequencer_1.1.dir/startup_stm32f103xe.s.obj
                0x08007e4c                RTC_Alarm_IRQHandler
                0x08007e4c                EXTI2_IRQHandler
                0x08007e4c                TIM8_TRG_COM_IRQHandler
                0x08007e4c                TIM8_CC_IRQHandler
                0x08007e4c                TIM1_CC_IRQHandler
                0x08007e4c                TIM6_IRQHandler
                0x08007e4c                PVD_IRQHandler
                0x08007e4c                SDIO_IRQHandler
                0x08007e4c                EXTI3_IRQHandler
                0x08007e4c                EXTI0_IRQHandler
                0x08007e4c                I2C2_EV_IRQHandler
                0x08007e4c                ADC1_2_IRQHandler
                0x08007e4c                SPI1_IRQHandler
                0x08007e4c                TAMPER_IRQHandler
                0x08007e4c                TIM8_UP_IRQHandler
                0x08007e4c                DMA2_Channel2_IRQHandler
                0x08007e4c                DMA1_Channel4_IRQHandler
                0x08007e4c                USART3_IRQHandler
                0x08007e4c                RTC_IRQHandler
                0x08007e4c                DMA1_Channel7_IRQHandler
                0x08007e4c                CAN1_RX1_IRQHandler
                0x08007e4c                UART5_IRQHandler
                0x08007e4c                ADC3_IRQHandler
                0x08007e4c                TIM4_IRQHandler
                0x08007e4c                DMA2_Channel1_IRQHandler
                0x08007e4c                I2C1_EV_IRQHandler
                0x08007e4c                DMA1_Channel6_IRQHandler
                0x08007e4c                UART4_IRQHandler
                0x08007e4c                RCC_IRQHandler
                0x08007e4c                TIM1_TRG_COM_IRQHandler
                0x08007e4c                Default_Handler
                0x08007e4c                EXTI15_10_IRQHandler
                0x08007e4c                TIM5_IRQHandler
                0x08007e4c                SPI2_IRQHandler
                0x08007e4c                DMA1_Channel5_IRQHandler
                0x08007e4c                EXTI4_IRQHandler
                0x08007e4c                USB_LP_CAN1_RX0_IRQHandler
                0x08007e4c                USB_HP_CAN1_TX_IRQHandler
                0x08007e4c                DMA1_Channel3_IRQHandler
                0x08007e4c                FSMC_IRQHandler
                0x08007e4c                WWDG_IRQHandler
                0x08007e4c                TIM2_IRQHandler
                0x08007e4c                TIM1_BRK_IRQHandler
                0x08007e4c                EXTI1_IRQHandler
                0x08007e4c                DMA2_Channel4_5_IRQHandler
                0x08007e4c                USART2_IRQHandler
                0x08007e4c                I2C2_ER_IRQHandler
                0x08007e4c                DMA1_Channel2_IRQHandler
                0x08007e4c                TIM8_BRK_IRQHandler
                0x08007e4c                CAN1_SCE_IRQHandler
                0x08007e4c                FLASH_IRQHandler
                0x08007e4c                SPI3_IRQHandler
                0x08007e4c                I2C1_ER_IRQHandler
                0x08007e4c                USBWakeUp_IRQHandler
                0x08007e4c                DMA2_Channel3_IRQHandler
 *fill*         0x08007e4e        0x2 
 .text.LED_Set  0x08007e50      0x184 CMakeFiles/sequencer_1.1.dir/App/Src/led.c.obj
                0x08007e50                LED_Set
 .text.LED_ClearAll
                0x08007fd4       0x84 CMakeFiles/sequencer_1.1.dir/App/Src/led.c.obj
                0x08007fd4                LED_ClearAll
 .text.LED_AnimationWelcome
                0x08008058       0xa4 CMakeFiles/sequencer_1.1.dir/App/Src/led.c.obj
                0x08008058                LED_AnimationWelcome
 .text.DelayFuncUs
                0x080080fc       0x50 CMakeFiles/sequencer_1.1.dir/App/Src/misc.c.obj
                0x080080fc                DelayFuncUs
 .text.CalculateSyncTimestamps
                0x0800814c       0x68 CMakeFiles/sequencer_1.1.dir/App/Src/misc.c.obj
                0x0800814c                CalculateSyncTimestamps
 .text.HAL_UART_RxCpltCallback
                0x080081b4       0x12 CMakeFiles/sequencer_1.1.dir/App/Src/interrupt.c.obj
                0x080081b4                HAL_UART_RxCpltCallback
 *fill*         0x080081c6        0x2 
 .text.HAL_GPIO_EXTI_Callback
                0x080081c8      0x114 CMakeFiles/sequencer_1.1.dir/App/Src/interrupt.c.obj
                0x080081c8                HAL_GPIO_EXTI_Callback
 .text.MIDI_SendNoteOn
                0x080082dc       0x6c CMakeFiles/sequencer_1.1.dir/App/Src/midi.c.obj
                0x080082dc                MIDI_SendNoteOn
 .text.MIDI_SendAllNotesOff
                0x08008348       0x48 CMakeFiles/sequencer_1.1.dir/App/Src/midi.c.obj
                0x08008348                MIDI_SendAllNotesOff
 .text.CalculateStepTime
                0x08008390       0x38 CMakeFiles/sequencer_1.1.dir/App/Src/tasks.c.obj
 .text.CalculateSyncEventsPerStep
                0x080083c8       0x1e CMakeFiles/sequencer_1.1.dir/App/Src/tasks.c.obj
 *fill*         0x080083e6        0x2 
 .text.CalculateGateTime
                0x080083e8       0x34 CMakeFiles/sequencer_1.1.dir/App/Src/tasks.c.obj
 .text.InitApp  0x0800841c      0x608 CMakeFiles/sequencer_1.1.dir/App/Src/tasks.c.obj
                0x0800841c                InitApp
 .text.LedUpdateTask
                0x08008a24      0x558 CMakeFiles/sequencer_1.1.dir/App/Src/tasks.c.obj
                0x08008a24                LedUpdateTask
 .text.DispUpdateTask
                0x08008f7c       0x40 CMakeFiles/sequencer_1.1.dir/App/Src/tasks.c.obj
                0x08008f7c                DispUpdateTask
 *fill*         0x08008fbc        0x4 
 .text.PotUpdateTask
                0x08008fc0      0x2b0 CMakeFiles/sequencer_1.1.dir/App/Src/tasks.c.obj
                0x08008fc0                PotUpdateTask
 .text.ButtonReadTask
                0x08009270      0x938 CMakeFiles/sequencer_1.1.dir/App/Src/tasks.c.obj
                0x08009270                ButtonReadTask
 .text.MainTask
                0x08009ba8      0x4f0 CMakeFiles/sequencer_1.1.dir/App/Src/tasks.c.obj
                0x08009ba8                MainTask
 .text.IncrementBPM
                0x0800a098      0x128 CMakeFiles/sequencer_1.1.dir/App/Src/tasks.c.obj
 .text.DecrementBPM
                0x0800a1c0      0x114 CMakeFiles/sequencer_1.1.dir/App/Src/tasks.c.obj
 .text.Step     0x0800a2d4      0x10c CMakeFiles/sequencer_1.1.dir/App/Src/tasks.c.obj
 .text.SendNoteONs
                0x0800a3e0       0x8e CMakeFiles/sequencer_1.1.dir/App/Src/tasks.c.obj
 .text.SendNoteOFFs
                0x0800a46e       0x68 CMakeFiles/sequencer_1.1.dir/App/Src/tasks.c.obj
 .text.ResetSequencer
                0x0800a4d6       0x72 CMakeFiles/sequencer_1.1.dir/App/Src/tasks.c.obj
 .text.UART_Buf_AddToQueue
                0x0800a548       0xa0 CMakeFiles/sequencer_1.1.dir/App/Src/uart_buffer.c.obj
                0x0800a548                UART_Buf_AddToQueue
 .text.UART_Buf_IsEmpty
                0x0800a5e8       0x24 CMakeFiles/sequencer_1.1.dir/App/Src/uart_buffer.c.obj
                0x0800a5e8                UART_Buf_IsEmpty
 .text.UART_Buf_Send
                0x0800a60c       0x6c CMakeFiles/sequencer_1.1.dir/App/Src/uart_buffer.c.obj
                0x0800a60c                UART_Buf_Send
 .text.HAL_UART_TxCpltCallback
                0x0800a678       0x7c CMakeFiles/sequencer_1.1.dir/App/Src/uart_buffer.c.obj
                0x0800a678                HAL_UART_TxCpltCallback
 .text.tm1637_SetUsDelayFunction
                0x0800a6f4       0x1c CMakeFiles/sequencer_1.1.dir/Drivers/TM1637/tm1637.c.obj
                0x0800a6f4                tm1637_SetUsDelayFunction
 .text.tm1637_ConvertDecimalToData
                0x0800a710       0x8c CMakeFiles/sequencer_1.1.dir/Drivers/TM1637/tm1637.c.obj
 .text.tm1637_ConvertCharToData
                0x0800a79c      0x130 CMakeFiles/sequencer_1.1.dir/Drivers/TM1637/tm1637.c.obj
 .text.tm1637_SetNumber
                0x0800a8cc      0x174 CMakeFiles/sequencer_1.1.dir/Drivers/TM1637/tm1637.c.obj
                0x0800a8cc                tm1637_SetNumber
 .text.tm1637_SetWord
                0x0800aa40       0x8c CMakeFiles/sequencer_1.1.dir/Drivers/TM1637/tm1637.c.obj
                0x0800aa40                tm1637_SetWord
 .text.tm1637_SetDefault
                0x0800aacc       0x20 CMakeFiles/sequencer_1.1.dir/Drivers/TM1637/tm1637.c.obj
                0x0800aacc                tm1637_SetDefault
 .text.tm1637_SetData
                0x0800aaec       0xaa CMakeFiles/sequencer_1.1.dir/Drivers/TM1637/tm1637.c.obj
 *fill*         0x0800ab96        0x2 
 .text.tm1637_CLKhigh
                0x0800ab98       0x18 CMakeFiles/sequencer_1.1.dir/Drivers/TM1637/tm1637.c.obj
 .text.tm1637_CLKlow
                0x0800abb0       0x18 CMakeFiles/sequencer_1.1.dir/Drivers/TM1637/tm1637.c.obj
 .text.tm1637_DIOhigh
                0x0800abc8       0x18 CMakeFiles/sequencer_1.1.dir/Drivers/TM1637/tm1637.c.obj
 .text.tm1637_DIOlow
                0x0800abe0       0x18 CMakeFiles/sequencer_1.1.dir/Drivers/TM1637/tm1637.c.obj
 .text.tm1637_WaitForACK
                0x0800abf8       0x54 CMakeFiles/sequencer_1.1.dir/Drivers/TM1637/tm1637.c.obj
 .text.tm1637_StartPacket
                0x0800ac4c       0x3c CMakeFiles/sequencer_1.1.dir/Drivers/TM1637/tm1637.c.obj
 .text.tm1637_StopPacket
                0x0800ac88       0x1c CMakeFiles/sequencer_1.1.dir/Drivers/TM1637/tm1637.c.obj
 .text.tm1637_ReinitDIO
                0x0800aca4       0x5c CMakeFiles/sequencer_1.1.dir/Drivers/TM1637/tm1637.c.obj
 .text.tm1637_SendPacket
                0x0800ad00       0x60 CMakeFiles/sequencer_1.1.dir/Drivers/TM1637/tm1637.c.obj
 .text.memset   0x0800ad60       0x10 F:/Program Files/ST/STM32CubeCLT_1.18.0/GNU-tools-for-STM32/bin/../lib/gcc/arm-none-eabi/13.3.1/../../../../arm-none-eabi/lib/thumb/v7-m/nofp\libg_nano.a(libc_a-memset.o)
                0x0800ad60                memset
 .text.__libc_init_array
                0x0800ad70       0x48 F:/Program Files/ST/STM32CubeCLT_1.18.0/GNU-tools-for-STM32/bin/../lib/gcc/arm-none-eabi/13.3.1/../../../../arm-none-eabi/lib/thumb/v7-m/nofp\libg_nano.a(libc_a-init.o)
                0x0800ad70                __libc_init_array
 .text.memcpy   0x0800adb8       0x1c F:/Program Files/ST/STM32CubeCLT_1.18.0/GNU-tools-for-STM32/bin/../lib/gcc/arm-none-eabi/13.3.1/../../../../arm-none-eabi/lib/thumb/v7-m/nofp\libg_nano.a(libc_a-memcpy-stub.o)
                0x0800adb8                memcpy
 *(.glue_7)
 .glue_7        0x0800add4        0x0 linker stubs
 *(.glue_7t)
 .glue_7t       0x0800add4        0x0 linker stubs
 *(.eh_frame)
 .eh_frame      0x0800add4        0x0 F:/Program Files/ST/STM32CubeCLT_1.18.0/GNU-tools-for-STM32/bin/../lib/gcc/arm-none-eabi/13.3.1/thumb/v7-m/nofp/crtbegin.o
 *(.init)
 .init          0x0800add4        0x4 F:/Program Files/ST/STM32CubeCLT_1.18.0/GNU-tools-for-STM32/bin/../lib/gcc/arm-none-eabi/13.3.1/thumb/v7-m/nofp/crti.o
                0x0800add4                _init
 .init          0x0800add8        0x8 F:/Program Files/ST/STM32CubeCLT_1.18.0/GNU-tools-for-STM32/bin/../lib/gcc/arm-none-eabi/13.3.1/thumb/v7-m/nofp/crtn.o
 *(.fini)
 .fini          0x0800ade0        0x4 F:/Program Files/ST/STM32CubeCLT_1.18.0/GNU-tools-for-STM32/bin/../lib/gcc/arm-none-eabi/13.3.1/thumb/v7-m/nofp/crti.o
                0x0800ade0                _fini
 .fini          0x0800ade4        0x8 F:/Program Files/ST/STM32CubeCLT_1.18.0/GNU-tools-for-STM32/bin/../lib/gcc/arm-none-eabi/13.3.1/thumb/v7-m/nofp/crtn.o
                0x0800adec                        . = ALIGN (0x4)
                0x0800adec                        _etext = .

.vfp11_veneer   0x0800adec        0x0
 .vfp11_veneer  0x0800adec        0x0 linker stubs

.v4_bx          0x0800adec        0x0
 .v4_bx         0x0800adec        0x0 linker stubs

.iplt           0x0800adec        0x0
 .iplt          0x0800adec        0x0 F:/Program Files/ST/STM32CubeCLT_1.18.0/GNU-tools-for-STM32/bin/../lib/gcc/arm-none-eabi/13.3.1/thumb/v7-m/nofp/crtbegin.o

.rodata         0x0800adec      0x10c
                0x0800adec                        . = ALIGN (0x4)
 *(.rodata)
 .rodata        0x0800adec        0x5 cmake/stm32cubemx/CMakeFiles/FreeRTOS.dir/__/__/Middlewares/Third_Party/FreeRTOS/Source/tasks.c.obj
 *fill*         0x0800adf1        0x3 
 .rodata        0x0800adf4       0x28 CMakeFiles/sequencer_1.1.dir/Core/Src/freertos.c.obj
 .rodata        0x0800ae1c       0x4d CMakeFiles/sequencer_1.1.dir/App/Src/tasks.c.obj
 *(.rodata*)
 *fill*         0x0800ae69        0x3 
 .rodata.AHBPrescTable
                0x0800ae6c       0x10 cmake/stm32cubemx/CMakeFiles/STM32_Drivers.dir/__/__/Core/Src/system_stm32f1xx.c.obj
                0x0800ae6c                AHBPrescTable
 .rodata.APBPrescTable
                0x0800ae7c        0x8 cmake/stm32cubemx/CMakeFiles/STM32_Drivers.dir/__/__/Core/Src/system_stm32f1xx.c.obj
                0x0800ae7c                APBPrescTable
 .rodata.aPLLMULFactorTable.1
                0x0800ae84       0x10 cmake/stm32cubemx/CMakeFiles/STM32_Drivers.dir/__/__/Drivers/STM32F1xx_HAL_Driver/Src/stm32f1xx_hal_rcc.c.obj
 .rodata.aPredivFactorTable.0
                0x0800ae94        0x2 cmake/stm32cubemx/CMakeFiles/STM32_Drivers.dir/__/__/Drivers/STM32F1xx_HAL_Driver/Src/stm32f1xx_hal_rcc.c.obj
 .rodata.midiClockMsg
                0x0800ae96        0x1 CMakeFiles/sequencer_1.1.dir/Core/Src/main.c.obj
                0x0800ae96                midiClockMsg
 *fill*         0x0800ae97        0x1 
 .rodata.btnSelect
                0x0800ae98       0x20 CMakeFiles/sequencer_1.1.dir/App/Src/tasks.c.obj
 .rodata.btnDetect
                0x0800aeb8       0x40 CMakeFiles/sequencer_1.1.dir/App/Src/tasks.c.obj
                0x0800aef8                        . = ALIGN (0x4)

.ARM.extab      0x0800aef8        0x0
                0x0800aef8                        . = ALIGN (0x4)
 *(.ARM.extab* .gnu.linkonce.armextab.*)
                0x0800aef8                        . = ALIGN (0x4)

.ARM            0x0800aef8        0x0
                0x0800aef8                        . = ALIGN (0x4)
                0x0800aef8                        __exidx_start = .
 *(.ARM.exidx*)
                0x0800aef8                        __exidx_end = .
                0x0800aef8                        . = ALIGN (0x4)

.preinit_array  0x0800aef8        0x0
                0x0800aef8                        . = ALIGN (0x4)
                0x0800aef8                        PROVIDE (__preinit_array_start = .)
 *(.preinit_array*)
                0x0800aef8                        PROVIDE (__preinit_array_end = .)
                0x0800aef8                        . = ALIGN (0x4)

.init_array     0x0800aef8        0x4
                0x0800aef8                        . = ALIGN (0x4)
                0x0800aef8                        PROVIDE (__init_array_start = .)
 *(SORT_BY_NAME(.init_array.*))
 *(.init_array*)
 .init_array    0x0800aef8        0x4 F:/Program Files/ST/STM32CubeCLT_1.18.0/GNU-tools-for-STM32/bin/../lib/gcc/arm-none-eabi/13.3.1/thumb/v7-m/nofp/crtbegin.o
                0x0800aefc                        PROVIDE (__init_array_end = .)
                0x0800aefc                        . = ALIGN (0x4)

.fini_array     0x0800aefc        0x4
                0x0800aefc                        . = ALIGN (0x4)
                [!provide]                        PROVIDE (__fini_array_start = .)
 *(SORT_BY_NAME(.fini_array.*))
 *(.fini_array*)
 .fini_array    0x0800aefc        0x4 F:/Program Files/ST/STM32CubeCLT_1.18.0/GNU-tools-for-STM32/bin/../lib/gcc/arm-none-eabi/13.3.1/thumb/v7-m/nofp/crtbegin.o
                [!provide]                        PROVIDE (__fini_array_end = .)
                0x0800af00                        . = ALIGN (0x4)
                0x0800af00                        _sidata = LOADADDR (.data)

.rel.dyn        0x0800af00        0x0
 .rel.iplt      0x0800af00        0x0 F:/Program Files/ST/STM32CubeCLT_1.18.0/GNU-tools-for-STM32/bin/../lib/gcc/arm-none-eabi/13.3.1/thumb/v7-m/nofp/crtbegin.o

.data           0x20000000       0x18 load address 0x0800af00
                0x20000000                        . = ALIGN (0x4)
                0x20000000                        _sdata = .
 *(.data)
 *(.data*)
 .data.SystemCoreClock
                0x20000000        0x4 cmake/stm32cubemx/CMakeFiles/STM32_Drivers.dir/__/__/Core/Src/system_stm32f1xx.c.obj
                0x20000000                SystemCoreClock
 .data.uwTickPrio
                0x20000004        0x4 cmake/stm32cubemx/CMakeFiles/STM32_Drivers.dir/__/__/Drivers/STM32F1xx_HAL_Driver/Src/stm32f1xx_hal.c.obj
                0x20000004                uwTickPrio
 .data.uwTickFreq
                0x20000008        0x1 cmake/stm32cubemx/CMakeFiles/STM32_Drivers.dir/__/__/Drivers/STM32F1xx_HAL_Driver/Src/stm32f1xx_hal.c.obj
                0x20000008                uwTickFreq
 *fill*         0x20000009        0x3 
 .data.uxCriticalNesting
                0x2000000c        0x4 cmake/stm32cubemx/CMakeFiles/FreeRTOS.dir/__/__/Middlewares/Third_Party/FreeRTOS/Source/portable/GCC/ARM_CM3/port.c.obj
 .data.pinStateA
                0x20000010        0x1 CMakeFiles/sequencer_1.1.dir/App/Src/interrupt.c.obj
                0x20000010                pinStateA
 .data.pinStateB
                0x20000011        0x1 CMakeFiles/sequencer_1.1.dir/App/Src/interrupt.c.obj
                0x20000011                pinStateB
 .data.tempoBpm
                0x20000012        0x2 CMakeFiles/sequencer_1.1.dir/App/Src/tasks.c.obj
 .data.syncCntPrev.2
                0x20000014        0x4 CMakeFiles/sequencer_1.1.dir/App/Src/tasks.c.obj
 *(.RamFunc)
 *(.RamFunc*)
                0x20000018                        . = ALIGN (0x4)

.igot.plt       0x20000018        0x0 load address 0x0800af18
 .igot.plt      0x20000018        0x0 F:/Program Files/ST/STM32CubeCLT_1.18.0/GNU-tools-for-STM32/bin/../lib/gcc/arm-none-eabi/13.3.1/thumb/v7-m/nofp/crtbegin.o

.tdata          0x20000018        0x0 load address 0x0800af18
 *(.tdata .tdata.* .gnu.linkonce.td.*)
                0x20000018                        . = ALIGN (0x4)
                0x20000018                        _edata = .
                [!provide]                        PROVIDE (__data_end = .)
                [!provide]                        PROVIDE (__tdata_end = .)
                [!provide]                        PROVIDE (__tdata_start = ADDR (.tdata))
                [!provide]                        PROVIDE (__tdata_size = (__tdata_end - __tdata_start))
                [!provide]                        PROVIDE (__data_start = ADDR (.data))
                [!provide]                        PROVIDE (__data_size = (__data_end - __data_start))
                [!provide]                        PROVIDE (__tdata_source = LOADADDR (.tdata))
                [!provide]                        PROVIDE (__tdata_source_end = (LOADADDR (.tdata) + SIZEOF (.tdata)))
                [!provide]                        PROVIDE (__tdata_source_size = (__tdata_source_end - __tdata_source))
                [!provide]                        PROVIDE (__data_source = LOADADDR (.data))
                [!provide]                        PROVIDE (__data_source_end = __tdata_source_end)
                [!provide]                        PROVIDE (__data_source_size = (__data_source_end - __data_source))

.tbss           0x20000018        0x0 load address 0x0800af18
                0x20000018                        _sbss = .
                0x20000018                        __bss_start__ = _sbss
 *(.tbss .tbss.*)
                0x20000018                        . = ALIGN (0x4)
                [!provide]                        PROVIDE (__tbss_end = .)
                [!provide]                        PROVIDE (__tbss_start = ADDR (.tbss))
                [!provide]                        PROVIDE (__tbss_size = (__tbss_end - __tbss_start))
                [!provide]                        PROVIDE (__tbss_offset = (ADDR (.tbss) - ADDR (.tdata)))
                [!provide]                        PROVIDE (__tls_base = __tdata_start)
                [!provide]                        PROVIDE (__tls_end = __tbss_end)
                [!provide]                        PROVIDE (__tls_size = (__tls_end - __tls_base))
                [!provide]                        PROVIDE (__tls_align = MAX (ALIGNOF (.tdata), ALIGNOF (.tbss)))
                [!provide]                        PROVIDE (__tls_size_align = (((__tls_size + __tls_align) - 0x1) & ~ ((__tls_align - 0x1))))
                [!provide]                        PROVIDE (__arm32_tls_tcb_offset = MAX (0x8, __tls_align))
                [!provide]                        PROVIDE (__arm64_tls_tcb_offset = MAX (0x10, __tls_align))

.bss            0x20000018     0x98d0 load address 0x0800af18
 *(.bss)
 .bss           0x20000018       0x1c F:/Program Files/ST/STM32CubeCLT_1.18.0/GNU-tools-for-STM32/bin/../lib/gcc/arm-none-eabi/13.3.1/thumb/v7-m/nofp/crtbegin.o
 *(.bss*)
 .bss.uwTick    0x20000034        0x4 cmake/stm32cubemx/CMakeFiles/STM32_Drivers.dir/__/__/Drivers/STM32F1xx_HAL_Driver/Src/stm32f1xx_hal.c.obj
                0x20000034                uwTick
 .bss.pxCurrentTCB
                0x20000038        0x4 cmake/stm32cubemx/CMakeFiles/FreeRTOS.dir/__/__/Middlewares/Third_Party/FreeRTOS/Source/tasks.c.obj
                0x20000038                pxCurrentTCB
 .bss.pxReadyTasksLists
                0x2000003c       0x8c cmake/stm32cubemx/CMakeFiles/FreeRTOS.dir/__/__/Middlewares/Third_Party/FreeRTOS/Source/tasks.c.obj
 .bss.xDelayedTaskList1
                0x200000c8       0x14 cmake/stm32cubemx/CMakeFiles/FreeRTOS.dir/__/__/Middlewares/Third_Party/FreeRTOS/Source/tasks.c.obj
 .bss.xDelayedTaskList2
                0x200000dc       0x14 cmake/stm32cubemx/CMakeFiles/FreeRTOS.dir/__/__/Middlewares/Third_Party/FreeRTOS/Source/tasks.c.obj
 .bss.pxDelayedTaskList
                0x200000f0        0x4 cmake/stm32cubemx/CMakeFiles/FreeRTOS.dir/__/__/Middlewares/Third_Party/FreeRTOS/Source/tasks.c.obj
 .bss.pxOverflowDelayedTaskList
                0x200000f4        0x4 cmake/stm32cubemx/CMakeFiles/FreeRTOS.dir/__/__/Middlewares/Third_Party/FreeRTOS/Source/tasks.c.obj
 .bss.xPendingReadyList
                0x200000f8       0x14 cmake/stm32cubemx/CMakeFiles/FreeRTOS.dir/__/__/Middlewares/Third_Party/FreeRTOS/Source/tasks.c.obj
 .bss.xTasksWaitingTermination
                0x2000010c       0x14 cmake/stm32cubemx/CMakeFiles/FreeRTOS.dir/__/__/Middlewares/Third_Party/FreeRTOS/Source/tasks.c.obj
 .bss.uxDeletedTasksWaitingCleanUp
                0x20000120        0x4 cmake/stm32cubemx/CMakeFiles/FreeRTOS.dir/__/__/Middlewares/Third_Party/FreeRTOS/Source/tasks.c.obj
 .bss.xSuspendedTaskList
                0x20000124       0x14 cmake/stm32cubemx/CMakeFiles/FreeRTOS.dir/__/__/Middlewares/Third_Party/FreeRTOS/Source/tasks.c.obj
 .bss.uxCurrentNumberOfTasks
                0x20000138        0x4 cmake/stm32cubemx/CMakeFiles/FreeRTOS.dir/__/__/Middlewares/Third_Party/FreeRTOS/Source/tasks.c.obj
 .bss.xTickCount
                0x2000013c        0x4 cmake/stm32cubemx/CMakeFiles/FreeRTOS.dir/__/__/Middlewares/Third_Party/FreeRTOS/Source/tasks.c.obj
 .bss.uxTopReadyPriority
                0x20000140        0x4 cmake/stm32cubemx/CMakeFiles/FreeRTOS.dir/__/__/Middlewares/Third_Party/FreeRTOS/Source/tasks.c.obj
 .bss.xSchedulerRunning
                0x20000144        0x4 cmake/stm32cubemx/CMakeFiles/FreeRTOS.dir/__/__/Middlewares/Third_Party/FreeRTOS/Source/tasks.c.obj
 .bss.xPendedTicks
                0x20000148        0x4 cmake/stm32cubemx/CMakeFiles/FreeRTOS.dir/__/__/Middlewares/Third_Party/FreeRTOS/Source/tasks.c.obj
 .bss.xYieldPending
                0x2000014c        0x4 cmake/stm32cubemx/CMakeFiles/FreeRTOS.dir/__/__/Middlewares/Third_Party/FreeRTOS/Source/tasks.c.obj
 .bss.xNumOfOverflows
                0x20000150        0x4 cmake/stm32cubemx/CMakeFiles/FreeRTOS.dir/__/__/Middlewares/Third_Party/FreeRTOS/Source/tasks.c.obj
 .bss.uxTaskNumber
                0x20000154        0x4 cmake/stm32cubemx/CMakeFiles/FreeRTOS.dir/__/__/Middlewares/Third_Party/FreeRTOS/Source/tasks.c.obj
 .bss.xNextTaskUnblockTime
                0x20000158        0x4 cmake/stm32cubemx/CMakeFiles/FreeRTOS.dir/__/__/Middlewares/Third_Party/FreeRTOS/Source/tasks.c.obj
 .bss.xIdleTaskHandle
                0x2000015c        0x4 cmake/stm32cubemx/CMakeFiles/FreeRTOS.dir/__/__/Middlewares/Third_Party/FreeRTOS/Source/tasks.c.obj
 .bss.uxSchedulerSuspended
                0x20000160        0x4 cmake/stm32cubemx/CMakeFiles/FreeRTOS.dir/__/__/Middlewares/Third_Party/FreeRTOS/Source/tasks.c.obj
 .bss.ucHeap    0x20000164      0xc00 cmake/stm32cubemx/CMakeFiles/FreeRTOS.dir/__/__/Middlewares/Third_Party/FreeRTOS/Source/portable/MemMang/heap_4.c.obj
 .bss.xStart    0x20000d64        0x8 cmake/stm32cubemx/CMakeFiles/FreeRTOS.dir/__/__/Middlewares/Third_Party/FreeRTOS/Source/portable/MemMang/heap_4.c.obj
 .bss.pxEnd     0x20000d6c        0x4 cmake/stm32cubemx/CMakeFiles/FreeRTOS.dir/__/__/Middlewares/Third_Party/FreeRTOS/Source/portable/MemMang/heap_4.c.obj
 .bss.xFreeBytesRemaining
                0x20000d70        0x4 cmake/stm32cubemx/CMakeFiles/FreeRTOS.dir/__/__/Middlewares/Third_Party/FreeRTOS/Source/portable/MemMang/heap_4.c.obj
 .bss.xMinimumEverFreeBytesRemaining
                0x20000d74        0x4 cmake/stm32cubemx/CMakeFiles/FreeRTOS.dir/__/__/Middlewares/Third_Party/FreeRTOS/Source/portable/MemMang/heap_4.c.obj
 .bss.xNumberOfSuccessfulAllocations
                0x20000d78        0x4 cmake/stm32cubemx/CMakeFiles/FreeRTOS.dir/__/__/Middlewares/Third_Party/FreeRTOS/Source/portable/MemMang/heap_4.c.obj
 .bss.xNumberOfSuccessfulFrees
                0x20000d7c        0x4 cmake/stm32cubemx/CMakeFiles/FreeRTOS.dir/__/__/Middlewares/Third_Party/FreeRTOS/Source/portable/MemMang/heap_4.c.obj
 .bss.xBlockAllocatedBit
                0x20000d80        0x4 cmake/stm32cubemx/CMakeFiles/FreeRTOS.dir/__/__/Middlewares/Third_Party/FreeRTOS/Source/portable/MemMang/heap_4.c.obj
 .bss.ucMaxSysCallPriority
                0x20000d84        0x1 cmake/stm32cubemx/CMakeFiles/FreeRTOS.dir/__/__/Middlewares/Third_Party/FreeRTOS/Source/portable/GCC/ARM_CM3/port.c.obj
 *fill*         0x20000d85        0x3 
 .bss.ulMaxPRIGROUPValue
                0x20000d88        0x4 cmake/stm32cubemx/CMakeFiles/FreeRTOS.dir/__/__/Middlewares/Third_Party/FreeRTOS/Source/portable/GCC/ARM_CM3/port.c.obj
 .bss.rotA_cooldownMs
                0x20000d8c        0x1 CMakeFiles/sequencer_1.1.dir/Core/Src/main.c.obj
                0x20000d8c                rotA_cooldownMs
 .bss.rotB_cooldownMs
                0x20000d8d        0x1 CMakeFiles/sequencer_1.1.dir/Core/Src/main.c.obj
                0x20000d8d                rotB_cooldownMs
 .bss.tempoChangeCooldown
                0x20000d8e        0x1 CMakeFiles/sequencer_1.1.dir/Core/Src/main.c.obj
                0x20000d8e                tempoChangeCooldown
 *fill*         0x20000d8f        0x1 
 .bss.counter_100us
                0x20000d90        0x2 CMakeFiles/sequencer_1.1.dir/Core/Src/main.c.obj
                0x20000d90                counter_100us
 *fill*         0x20000d92        0x2 
 .bss.lastTimestamp
                0x20000d94        0x4 CMakeFiles/sequencer_1.1.dir/Core/Src/main.c.obj
                0x20000d94                lastTimestamp
 .bss.nextTimestamp
                0x20000d98        0x4 CMakeFiles/sequencer_1.1.dir/Core/Src/main.c.obj
                0x20000d98                nextTimestamp
 .bss.syncCnt   0x20000d9c        0x2 CMakeFiles/sequencer_1.1.dir/Core/Src/main.c.obj
                0x20000d9c                syncCnt
 *fill*         0x20000d9e        0x2 
 .bss.defaultTaskHandle
                0x20000da0        0x4 CMakeFiles/sequencer_1.1.dir/Core/Src/freertos.c.obj
                0x20000da0                defaultTaskHandle
 .bss.myBinarySem01Handle
                0x20000da4        0x4 CMakeFiles/sequencer_1.1.dir/Core/Src/freertos.c.obj
                0x20000da4                myBinarySem01Handle
 .bss.xIdleTaskTCBBuffer
                0x20000da8       0x54 CMakeFiles/sequencer_1.1.dir/Core/Src/freertos.c.obj
 .bss.xIdleStack
                0x20000dfc      0x200 CMakeFiles/sequencer_1.1.dir/Core/Src/freertos.c.obj
 .bss.hadc1     0x20000ffc       0x30 CMakeFiles/sequencer_1.1.dir/Core/Src/adc.c.obj
                0x20000ffc                hadc1
 .bss.hdma_adc1
                0x2000102c       0x44 CMakeFiles/sequencer_1.1.dir/Core/Src/adc.c.obj
                0x2000102c                hdma_adc1
 .bss.hi2c1     0x20001070       0x54 CMakeFiles/sequencer_1.1.dir/Core/Src/i2c.c.obj
                0x20001070                hi2c1
 .bss.htim1     0x200010c4       0x48 CMakeFiles/sequencer_1.1.dir/Core/Src/tim.c.obj
                0x200010c4                htim1
 .bss.htim2     0x2000110c       0x48 CMakeFiles/sequencer_1.1.dir/Core/Src/tim.c.obj
                0x2000110c                htim2
 .bss.htim3     0x20001154       0x48 CMakeFiles/sequencer_1.1.dir/Core/Src/tim.c.obj
                0x20001154                htim3
 .bss.huart1    0x2000119c       0x48 CMakeFiles/sequencer_1.1.dir/Core/Src/usart.c.obj
                0x2000119c                huart1
 .bss.hpcd_USB_FS
                0x200011e4      0x2d8 CMakeFiles/sequencer_1.1.dir/Core/Src/usb.c.obj
                0x200011e4                hpcd_USB_FS
 .bss.htim7     0x200014bc       0x48 CMakeFiles/sequencer_1.1.dir/Core/Src/stm32f1xx_hal_timebase_tim.c.obj
                0x200014bc                htim7
 .bss.potBuffer
                0x20001504        0xc CMakeFiles/sequencer_1.1.dir/App/Src/tasks.c.obj
 .bss.gatePercent
                0x20001510        0x1 CMakeFiles/sequencer_1.1.dir/App/Src/tasks.c.obj
 *fill*         0x20001511        0x3 
 .bss.seq       0x20001514     0x826c CMakeFiles/sequencer_1.1.dir/App/Src/tasks.c.obj
                0x20001514                seq
 .bss.seqSel    0x20009780        0x4 CMakeFiles/sequencer_1.1.dir/App/Src/tasks.c.obj
 .bss.modeCurr  0x20009784        0x1 CMakeFiles/sequencer_1.1.dir/App/Src/tasks.c.obj
 *fill*         0x20009785        0x3 
 .bss.btnPressed
                0x20009788       0x20 CMakeFiles/sequencer_1.1.dir/App/Src/tasks.c.obj
 .bss.globPlaying
                0x200097a8        0x1 CMakeFiles/sequencer_1.1.dir/App/Src/tasks.c.obj
                0x200097a8                globPlaying
 *fill*         0x200097a9        0x1 
 .bss.blinkCnt_ms
                0x200097aa        0x2 CMakeFiles/sequencer_1.1.dir/App/Src/tasks.c.obj
                0x200097aa                blinkCnt_ms
 .bss.syncTimestamps_100us
                0x200097ac       0x64 CMakeFiles/sequencer_1.1.dir/App/Src/tasks.c.obj
                0x200097ac                syncTimestamps_100us
 .bss.uartSem   0x20009810        0x4 CMakeFiles/sequencer_1.1.dir/App/Src/tasks.c.obj
                0x20009810                uartSem
 .bss.rsrcMutex
                0x20009814        0x4 CMakeFiles/sequencer_1.1.dir/App/Src/tasks.c.obj
                0x20009814                rsrcMutex
 .bss.globStopFlag
                0x20009818        0x1 CMakeFiles/sequencer_1.1.dir/App/Src/tasks.c.obj
                0x20009818                globStopFlag
 .bss.globStartFlag
                0x20009819        0x1 CMakeFiles/sequencer_1.1.dir/App/Src/tasks.c.obj
                0x20009819                globStartFlag
 .bss.bpmIncreased
                0x2000981a        0x1 CMakeFiles/sequencer_1.1.dir/App/Src/tasks.c.obj
                0x2000981a                bpmIncreased
 .bss.modeChanged
                0x2000981b        0x1 CMakeFiles/sequencer_1.1.dir/App/Src/tasks.c.obj
                0x2000981b                modeChanged
 .bss.iStepSel  0x2000981c        0x1 CMakeFiles/sequencer_1.1.dir/App/Src/tasks.c.obj
 *fill*         0x2000981d        0x3 
 .bss.mainTaskHandle
                0x20009820        0x4 CMakeFiles/sequencer_1.1.dir/App/Src/tasks.c.obj
                0x20009820                mainTaskHandle
 .bss.ledUpdateTaskHandle
                0x20009824        0x4 CMakeFiles/sequencer_1.1.dir/App/Src/tasks.c.obj
                0x20009824                ledUpdateTaskHandle
 .bss.dispUpdateTaskHandle
                0x20009828        0x4 CMakeFiles/sequencer_1.1.dir/App/Src/tasks.c.obj
                0x20009828                dispUpdateTaskHandle
 .bss.potUpdateTaskHandle
                0x2000982c        0x4 CMakeFiles/sequencer_1.1.dir/App/Src/tasks.c.obj
                0x2000982c                potUpdateTaskHandle
 .bss.buttonReadTaskHandle
                0x20009830        0x4 CMakeFiles/sequencer_1.1.dir/App/Src/tasks.c.obj
                0x20009830                buttonReadTaskHandle
 .bss.stepLEDsBlink.15
                0x20009834       0x10 CMakeFiles/sequencer_1.1.dir/App/Src/tasks.c.obj
 .bss.miscLEDsBlink.14
                0x20009844        0x6 CMakeFiles/sequencer_1.1.dir/App/Src/tasks.c.obj
 *fill*         0x2000984a        0x2 
 .bss.potLEDsBlink.13
                0x2000984c        0x3 CMakeFiles/sequencer_1.1.dir/App/Src/tasks.c.obj
 *fill*         0x2000984f        0x1 
 .bss.seqLEDsBlink.12
                0x20009850        0x4 CMakeFiles/sequencer_1.1.dir/App/Src/tasks.c.obj
 .bss.blinkCntLoc_ms.11
                0x20009854        0x2 CMakeFiles/sequencer_1.1.dir/App/Src/tasks.c.obj
 *fill*         0x20009856        0x2 
 .bss.notVal.10
                0x20009858        0x4 CMakeFiles/sequencer_1.1.dir/App/Src/tasks.c.obj
 .bss.stepBlinkInProg.9
                0x2000985c        0x1 CMakeFiles/sequencer_1.1.dir/App/Src/tasks.c.obj
 *fill*         0x2000985d        0x3 
 .bss.potLEDs.8
                0x20009860        0x3 CMakeFiles/sequencer_1.1.dir/App/Src/tasks.c.obj
 *fill*         0x20009863        0x1 
 .bss.seqLEDs.7
                0x20009864        0x4 CMakeFiles/sequencer_1.1.dir/App/Src/tasks.c.obj
 .bss.miscLEDs.6
                0x20009868        0x6 CMakeFiles/sequencer_1.1.dir/App/Src/tasks.c.obj
 *fill*         0x2000986e        0x2 
 .bss.stepLEDs.5
                0x20009870       0x10 CMakeFiles/sequencer_1.1.dir/App/Src/tasks.c.obj
 .bss.syncCntLocal.4
                0x20009880        0x2 CMakeFiles/sequencer_1.1.dir/App/Src/tasks.c.obj
 *fill*         0x20009882        0x2 
 .bss.notVal.3  0x20009884        0x4 CMakeFiles/sequencer_1.1.dir/App/Src/tasks.c.obj
 .bss.allNotesOff.1
                0x20009888        0x1 CMakeFiles/sequencer_1.1.dir/App/Src/tasks.c.obj
 .bss.allSeqOff.0
                0x20009889        0x1 CMakeFiles/sequencer_1.1.dir/App/Src/tasks.c.obj
 *fill*         0x2000988a        0x2 
 .bss.midiRxBuffer
                0x2000988c        0x3 CMakeFiles/sequencer_1.1.dir/App/Src/globals.c.obj
                0x2000988c                midiRxBuffer
 *fill*         0x2000988f        0x1 
 .bss.buffer    0x20009890       0x50 CMakeFiles/sequencer_1.1.dir/App/Src/uart_buffer.c.obj
 .bss.top       0x200098e0        0x1 CMakeFiles/sequencer_1.1.dir/App/Src/uart_buffer.c.obj
 .bss.btm       0x200098e1        0x1 CMakeFiles/sequencer_1.1.dir/App/Src/uart_buffer.c.obj
 .bss.num       0x200098e2        0x1 CMakeFiles/sequencer_1.1.dir/App/Src/uart_buffer.c.obj
 .bss.transferInProgress
                0x200098e3        0x1 CMakeFiles/sequencer_1.1.dir/App/Src/uart_buffer.c.obj
 .bss.DelayUs   0x200098e4        0x4 CMakeFiles/sequencer_1.1.dir/Drivers/TM1637/tm1637.c.obj
 *(COMMON)
                0x200098e8                        . = ALIGN (0x4)
                0x200098e8                        _ebss = .
                0x200098e8                        __bss_end__ = _ebss
                [!provide]                        PROVIDE (__bss_end = .)
                [!provide]                        PROVIDE (__non_tls_bss_start = ADDR (.bss))
                [!provide]                        PROVIDE (__bss_start = __tbss_start)
                [!provide]                        PROVIDE (__bss_size = (__bss_end - __bss_start))

._user_heap_stack
                0x200098e8      0x600 load address 0x0800af18
                0x200098e8                        . = ALIGN (0x8)
                [!provide]                        PROVIDE (end = .)
                0x200098e8                        PROVIDE (_end = .)
                0x20009ae8                        . = (. + _Min_Heap_Size)
 *fill*         0x200098e8      0x200 
                0x20009ee8                        . = (. + _Min_Stack_Size)
 *fill*         0x20009ae8      0x400 
                0x20009ee8                        . = ALIGN (0x8)

/DISCARD/
 libc.a:*(*)
 libm.a:*(*)
 libgcc.a:*(*)
OUTPUT(sequencer_1.1.elf elf32-littlearm)
LOAD linker stubs

.ARM.attributes
                0x00000000       0x29
 .ARM.attributes
                0x00000000       0x1d F:/Program Files/ST/STM32CubeCLT_1.18.0/GNU-tools-for-STM32/bin/../lib/gcc/arm-none-eabi/13.3.1/thumb/v7-m/nofp/crti.o
 .ARM.attributes
                0x0000001d       0x2d F:/Program Files/ST/STM32CubeCLT_1.18.0/GNU-tools-for-STM32/bin/../lib/gcc/arm-none-eabi/13.3.1/thumb/v7-m/nofp/crtbegin.o
 .ARM.attributes
                0x0000004a       0x2d cmake/stm32cubemx/CMakeFiles/STM32_Drivers.dir/__/__/Core/Src/system_stm32f1xx.c.obj
 .ARM.attributes
                0x00000077       0x2d cmake/stm32cubemx/CMakeFiles/STM32_Drivers.dir/__/__/Drivers/STM32F1xx_HAL_Driver/Src/stm32f1xx_hal_tim.c.obj
 .ARM.attributes
                0x000000a4       0x2d cmake/stm32cubemx/CMakeFiles/STM32_Drivers.dir/__/__/Drivers/STM32F1xx_HAL_Driver/Src/stm32f1xx_hal_tim_ex.c.obj
 .ARM.attributes
                0x000000d1       0x2d cmake/stm32cubemx/CMakeFiles/STM32_Drivers.dir/__/__/Drivers/STM32F1xx_HAL_Driver/Src/stm32f1xx_hal_adc.c.obj
 .ARM.attributes
                0x000000fe       0x2d cmake/stm32cubemx/CMakeFiles/STM32_Drivers.dir/__/__/Drivers/STM32F1xx_HAL_Driver/Src/stm32f1xx_hal.c.obj
 .ARM.attributes
                0x0000012b       0x2d cmake/stm32cubemx/CMakeFiles/STM32_Drivers.dir/__/__/Drivers/STM32F1xx_HAL_Driver/Src/stm32f1xx_hal_rcc.c.obj
 .ARM.attributes
                0x00000158       0x2d cmake/stm32cubemx/CMakeFiles/STM32_Drivers.dir/__/__/Drivers/STM32F1xx_HAL_Driver/Src/stm32f1xx_hal_rcc_ex.c.obj
 .ARM.attributes
                0x00000185       0x2d cmake/stm32cubemx/CMakeFiles/STM32_Drivers.dir/__/__/Drivers/STM32F1xx_HAL_Driver/Src/stm32f1xx_hal_gpio.c.obj
 .ARM.attributes
                0x000001b2       0x2d cmake/stm32cubemx/CMakeFiles/STM32_Drivers.dir/__/__/Drivers/STM32F1xx_HAL_Driver/Src/stm32f1xx_hal_dma.c.obj
 .ARM.attributes
                0x000001df       0x2d cmake/stm32cubemx/CMakeFiles/STM32_Drivers.dir/__/__/Drivers/STM32F1xx_HAL_Driver/Src/stm32f1xx_hal_cortex.c.obj
 .ARM.attributes
                0x0000020c       0x2d cmake/stm32cubemx/CMakeFiles/STM32_Drivers.dir/__/__/Drivers/STM32F1xx_HAL_Driver/Src/stm32f1xx_hal_i2c.c.obj
 .ARM.attributes
                0x00000239       0x2d cmake/stm32cubemx/CMakeFiles/STM32_Drivers.dir/__/__/Drivers/STM32F1xx_HAL_Driver/Src/stm32f1xx_hal_uart.c.obj
 .ARM.attributes
                0x00000266       0x2d cmake/stm32cubemx/CMakeFiles/STM32_Drivers.dir/__/__/Drivers/STM32F1xx_HAL_Driver/Src/stm32f1xx_hal_pcd.c.obj
 .ARM.attributes
                0x00000293       0x2d cmake/stm32cubemx/CMakeFiles/STM32_Drivers.dir/__/__/Drivers/STM32F1xx_HAL_Driver/Src/stm32f1xx_ll_usb.c.obj
 .ARM.attributes
                0x000002c0       0x2d cmake/stm32cubemx/CMakeFiles/FreeRTOS.dir/__/__/Middlewares/Third_Party/FreeRTOS/Source/list.c.obj
 .ARM.attributes
                0x000002ed       0x2d cmake/stm32cubemx/CMakeFiles/FreeRTOS.dir/__/__/Middlewares/Third_Party/FreeRTOS/Source/queue.c.obj
 .ARM.attributes
                0x0000031a       0x2d cmake/stm32cubemx/CMakeFiles/FreeRTOS.dir/__/__/Middlewares/Third_Party/FreeRTOS/Source/tasks.c.obj
 .ARM.attributes
                0x00000347       0x2d cmake/stm32cubemx/CMakeFiles/FreeRTOS.dir/__/__/Middlewares/Third_Party/FreeRTOS/Source/CMSIS_RTOS/cmsis_os.c.obj
 .ARM.attributes
                0x00000374       0x2d cmake/stm32cubemx/CMakeFiles/FreeRTOS.dir/__/__/Middlewares/Third_Party/FreeRTOS/Source/portable/MemMang/heap_4.c.obj
 .ARM.attributes
                0x000003a1       0x2d cmake/stm32cubemx/CMakeFiles/FreeRTOS.dir/__/__/Middlewares/Third_Party/FreeRTOS/Source/portable/GCC/ARM_CM3/port.c.obj
 .ARM.attributes
                0x000003ce       0x2d CMakeFiles/sequencer_1.1.dir/Core/Src/main.c.obj
 .ARM.attributes
                0x000003fb       0x2d CMakeFiles/sequencer_1.1.dir/Core/Src/gpio.c.obj
 .ARM.attributes
                0x00000428       0x2d CMakeFiles/sequencer_1.1.dir/Core/Src/freertos.c.obj
 .ARM.attributes
                0x00000455       0x2d CMakeFiles/sequencer_1.1.dir/Core/Src/adc.c.obj
 .ARM.attributes
                0x00000482       0x2d CMakeFiles/sequencer_1.1.dir/Core/Src/dma.c.obj
 .ARM.attributes
                0x000004af       0x2d CMakeFiles/sequencer_1.1.dir/Core/Src/i2c.c.obj
 .ARM.attributes
                0x000004dc       0x2d CMakeFiles/sequencer_1.1.dir/Core/Src/tim.c.obj
 .ARM.attributes
                0x00000509       0x2d CMakeFiles/sequencer_1.1.dir/Core/Src/usart.c.obj
 .ARM.attributes
                0x00000536       0x2d CMakeFiles/sequencer_1.1.dir/Core/Src/usb.c.obj
 .ARM.attributes
                0x00000563       0x2d CMakeFiles/sequencer_1.1.dir/Core/Src/stm32f1xx_it.c.obj
 .ARM.attributes
                0x00000590       0x2d CMakeFiles/sequencer_1.1.dir/Core/Src/stm32f1xx_hal_msp.c.obj
 .ARM.attributes
                0x000005bd       0x2d CMakeFiles/sequencer_1.1.dir/Core/Src/stm32f1xx_hal_timebase_tim.c.obj
 .ARM.attributes
                0x000005ea       0x21 CMakeFiles/sequencer_1.1.dir/startup_stm32f103xe.s.obj
 .ARM.attributes
                0x0000060b       0x2d CMakeFiles/sequencer_1.1.dir/App/Src/led.c.obj
 .ARM.attributes
                0x00000638       0x2d CMakeFiles/sequencer_1.1.dir/App/Src/misc.c.obj
 .ARM.attributes
                0x00000665       0x2d CMakeFiles/sequencer_1.1.dir/App/Src/interrupt.c.obj
 .ARM.attributes
                0x00000692       0x2d CMakeFiles/sequencer_1.1.dir/App/Src/midi.c.obj
 .ARM.attributes
                0x000006bf       0x2d CMakeFiles/sequencer_1.1.dir/App/Src/tasks.c.obj
 .ARM.attributes
                0x000006ec       0x2d CMakeFiles/sequencer_1.1.dir/App/Src/globals.c.obj
 .ARM.attributes
                0x00000719       0x2d CMakeFiles/sequencer_1.1.dir/App/Src/uart_buffer.c.obj
 .ARM.attributes
                0x00000746       0x2d CMakeFiles/sequencer_1.1.dir/Drivers/TM1637/tm1637.c.obj
 .ARM.attributes
                0x00000773       0x1d F:/Program Files/ST/STM32CubeCLT_1.18.0/GNU-tools-for-STM32/bin/../lib/gcc/arm-none-eabi/13.3.1/thumb/v7-m/nofp\libgcc.a(_arm_addsubdf3.o)
 .ARM.attributes
                0x00000790       0x1d F:/Program Files/ST/STM32CubeCLT_1.18.0/GNU-tools-for-STM32/bin/../lib/gcc/arm-none-eabi/13.3.1/thumb/v7-m/nofp\libgcc.a(_arm_muldivdf3.o)
 .ARM.attributes
                0x000007ad       0x1d F:/Program Files/ST/STM32CubeCLT_1.18.0/GNU-tools-for-STM32/bin/../lib/gcc/arm-none-eabi/13.3.1/thumb/v7-m/nofp\libgcc.a(_arm_cmpdf2.o)
 .ARM.attributes
                0x000007ca       0x1d F:/Program Files/ST/STM32CubeCLT_1.18.0/GNU-tools-for-STM32/bin/../lib/gcc/arm-none-eabi/13.3.1/thumb/v7-m/nofp\libgcc.a(_arm_fixunsdfsi.o)
 .ARM.attributes
                0x000007e7       0x1d F:/Program Files/ST/STM32CubeCLT_1.18.0/GNU-tools-for-STM32/bin/../lib/gcc/arm-none-eabi/13.3.1/thumb/v7-m/nofp\libgcc.a(_arm_addsubsf3.o)
 .ARM.attributes
                0x00000804       0x2d F:/Program Files/ST/STM32CubeCLT_1.18.0/GNU-tools-for-STM32/bin/../lib/gcc/arm-none-eabi/13.3.1/../../../../arm-none-eabi/lib/thumb/v7-m/nofp\libg_nano.a(libc_a-memset.o)
 .ARM.attributes
                0x00000831       0x2d F:/Program Files/ST/STM32CubeCLT_1.18.0/GNU-tools-for-STM32/bin/../lib/gcc/arm-none-eabi/13.3.1/../../../../arm-none-eabi/lib/thumb/v7-m/nofp\libg_nano.a(libc_a-init.o)
 .ARM.attributes
                0x0000085e       0x2d F:/Program Files/ST/STM32CubeCLT_1.18.0/GNU-tools-for-STM32/bin/../lib/gcc/arm-none-eabi/13.3.1/../../../../arm-none-eabi/lib/thumb/v7-m/nofp\libg_nano.a(libc_a-memcpy-stub.o)
 .ARM.attributes
                0x0000088b       0x1d F:/Program Files/ST/STM32CubeCLT_1.18.0/GNU-tools-for-STM32/bin/../lib/gcc/arm-none-eabi/13.3.1/thumb/v7-m/nofp/crtn.o

.comment        0x00000000       0x43
 .comment       0x00000000       0x43 cmake/stm32cubemx/CMakeFiles/STM32_Drivers.dir/__/__/Core/Src/system_stm32f1xx.c.obj
                                 0x44 (size before relaxing)
 .comment       0x00000043       0x44 cmake/stm32cubemx/CMakeFiles/STM32_Drivers.dir/__/__/Drivers/STM32F1xx_HAL_Driver/Src/stm32f1xx_hal_tim.c.obj