Archive member included to satisfy reference by file (symbol)

F:/Program Files/ST/STM32CubeCLT_1.18.0/GNU-tools-for-STM32/bin/../lib/gcc/arm-none-eabi/13.3.1/thumb/v7-m/nofp\libgcc.a(_arm_muldf3.o)
                              CMakeFiles/sequencer_1.1.dir/App/Src/tasks.c.obj (__aeabi_dmul)
F:/Program Files/ST/STM32CubeCLT_1.18.0/GNU-tools-for-STM32/bin/../lib/gcc/arm-none-eabi/13.3.1/thumb/v7-m/nofp\libgcc.a(_arm_addsubdf3.o)
                              CMakeFiles/sequencer_1.1.dir/App/Src/tasks.c.obj (__aeabi_dsub)
F:/Program Files/ST/STM32CubeCLT_1.18.0/GNU-tools-for-STM32/bin/../lib/gcc/arm-none-eabi/13.3.1/thumb/v7-m/nofp\libgcc.a(_arm_muldivdf3.o)
                              CMakeFiles/sequencer_1.1.dir/App/Src/tasks.c.obj (__aeabi_ddiv)
F:/Program Files/ST/STM32CubeCLT_1.18.0/GNU-tools-for-STM32/bin/../lib/gcc/arm-none-eabi/13.3.1/thumb/v7-m/nofp\libgcc.a(_arm_cmpdf2.o)
                              CMakeFiles/sequencer_1.1.dir/App/Src/tasks.c.obj (__aeabi_dcmpgt)
F:/Program Files/ST/STM32CubeCLT_1.18.0/GNU-tools-for-STM32/bin/../lib/gcc/arm-none-eabi/13.3.1/thumb/v7-m/nofp\libgcc.a(_arm_fixunsdfsi.o)
                              CMakeFiles/sequencer_1.1.dir/App/Src/tasks.c.obj (__aeabi_d2uiz)
F:/Program Files/ST/STM32CubeCLT_1.18.0/GNU-tools-for-STM32/bin/../lib/gcc/arm-none-eabi/13.3.1/thumb/v7-m/nofp\libgcc.a(_arm_addsubsf3.o)
                              CMakeFiles/sequencer_1.1.dir/App/Src/tasks.c.obj (__aeabi_i2f)
F:/Program Files/ST/STM32CubeCLT_1.18.0/GNU-tools-for-STM32/bin/../lib/gcc/arm-none-eabi/13.3.1/../../../../arm-none-eabi/lib/thumb/v7-m/nofp\libg_nano.a(libc_a-exit.o)
                              F:/Program Files/ST/STM32CubeCLT_1.18.0/GNU-tools-for-STM32/bin/../lib/gcc/arm-none-eabi/13.3.1/../../../../arm-none-eabi/lib/thumb/v7-m/nofp/crt0.o (exit)
F:/Program Files/ST/STM32CubeCLT_1.18.0/GNU-tools-for-STM32/bin/../lib/gcc/arm-none-eabi/13.3.1/../../../../arm-none-eabi/lib/thumb/v7-m/nofp\libg_nano.a(libc_a-findfp.o)
                              F:/Program Files/ST/STM32CubeCLT_1.18.0/GNU-tools-for-STM32/bin/../lib/gcc/arm-none-eabi/13.3.1/../../../../arm-none-eabi/lib/thumb/v7-m/nofp\libg_nano.a(libc_a-exit.o) (__stdio_exit_handler)
F:/Program Files/ST/STM32CubeCLT_1.18.0/GNU-tools-for-STM32/bin/../lib/gcc/arm-none-eabi/13.3.1/../../../../arm-none-eabi/lib/thumb/v7-m/nofp\libg_nano.a(libc_a-fwalk.o)
                              F:/Program Files/ST/STM32CubeCLT_1.18.0/GNU-tools-for-STM32/bin/../lib/gcc/arm-none-eabi/13.3.1/../../../../arm-none-eabi/lib/thumb/v7-m/nofp\libg_nano.a(libc_a-findfp.o) (_fwalk_sglue)
F:/Program Files/ST/STM32CubeCLT_1.18.0/GNU-tools-for-STM32/bin/../lib/gcc/arm-none-eabi/13.3.1/../../../../arm-none-eabi/lib/thumb/v7-m/nofp\libg_nano.a(libc_a-sprintf.o)
                              CMakeFiles/sequencer_1.1.dir/Drivers/TM1637/tm1637.c.obj (sprintf)
F:/Program Files/ST/STM32CubeCLT_1.18.0/GNU-tools-for-STM32/bin/../lib/gcc/arm-none-eabi/13.3.1/../../../../arm-none-eabi/lib/thumb/v7-m/nofp\libg_nano.a(libc_a-stdio.o)
                              F:/Program Files/ST/STM32CubeCLT_1.18.0/GNU-tools-for-STM32/bin/../lib/gcc/arm-none-eabi/13.3.1/../../../../arm-none-eabi/lib/thumb/v7-m/nofp\libg_nano.a(libc_a-findfp.o) (__sread)
F:/Program Files/ST/STM32CubeCLT_1.18.0/GNU-tools-for-STM32/bin/../lib/gcc/arm-none-eabi/13.3.1/../../../../arm-none-eabi/lib/thumb/v7-m/nofp\libg_nano.a(libc_a-memset.o)
                              F:/Program Files/ST/STM32CubeCLT_1.18.0/GNU-tools-for-STM32/bin/../lib/gcc/arm-none-eabi/13.3.1/../../../../arm-none-eabi/lib/thumb/v7-m/nofp/crt0.o (memset)
F:/Program Files/ST/STM32CubeCLT_1.18.0/GNU-tools-for-STM32/bin/../lib/gcc/arm-none-eabi/13.3.1/../../../../arm-none-eabi/lib/thumb/v7-m/nofp\libg_nano.a(libc_a-closer.o)
                              F:/Program Files/ST/STM32CubeCLT_1.18.0/GNU-tools-for-STM32/bin/../lib/gcc/arm-none-eabi/13.3.1/../../../../arm-none-eabi/lib/thumb/v7-m/nofp\libg_nano.a(libc_a-stdio.o) (_close_r)
F:/Program Files/ST/STM32CubeCLT_1.18.0/GNU-tools-for-STM32/bin/../lib/gcc/arm-none-eabi/13.3.1/../../../../arm-none-eabi/lib/thumb/v7-m/nofp\libg_nano.a(libc_a-reent.o)
                              F:/Program Files/ST/STM32CubeCLT_1.18.0/GNU-tools-for-STM32/bin/../lib/gcc/arm-none-eabi/13.3.1/../../../../arm-none-eabi/lib/thumb/v7-m/nofp\libg_nano.a(libc_a-closer.o) (errno)
F:/Program Files/ST/STM32CubeCLT_1.18.0/GNU-tools-for-STM32/bin/../lib/gcc/arm-none-eabi/13.3.1/../../../../arm-none-eabi/lib/thumb/v7-m/nofp\libg_nano.a(libc_a-impure.o)
                              F:/Program Files/ST/STM32CubeCLT_1.18.0/GNU-tools-for-STM32/bin/../lib/gcc/arm-none-eabi/13.3.1/../../../../arm-none-eabi/lib/thumb/v7-m/nofp\libg_nano.a(libc_a-sprintf.o) (_impure_ptr)
F:/Program Files/ST/STM32CubeCLT_1.18.0/GNU-tools-for-STM32/bin/../lib/gcc/arm-none-eabi/13.3.1/../../../../arm-none-eabi/lib/thumb/v7-m/nofp\libg_nano.a(libc_a-lseekr.o)
[...]
Memory Configuration

Name             Origin             Length             Attributes
RAM              0x20000000         0x0000c000         xrw
FLASH            0x08000000         0x00040000         xr
*default*        0x00000000         0xffffffff

Linker script and memory map

LOAD F:/Program Files/ST/STM32CubeCLT_1.18.0/GNU-tools-for-STM32/bin/../lib/gcc/arm-none-eabi/13.3.1/thumb/v7-m/nofp/crti.o
LOAD F:/Program Files/ST/STM32CubeCLT_1.18.0/GNU-tools-for-STM32/bin/../lib/gcc/arm-none-eabi/13.3.1/thumb/v7-m/nofp/crtbegin.o
LOAD F:/Program Files/ST/STM32CubeCLT_1.18.0/GNU-tools-for-STM32/bin/../lib/gcc/arm-none-eabi/13.3.1/../../../../arm-none-eabi/lib/thumb/v7-m/nofp/crt0.o
LOAD cmake/stm32cubemx/CMakeFiles/STM32_Drivers.dir/__/__/Core/Src/system_stm32f1xx.c.obj
LOAD cmake/stm32cubemx/CMakeFiles/STM32_Drivers.dir/__/__/Drivers/STM32F1xx_HAL_Driver/Src/stm32f1xx_hal_gpio_ex.c.obj
LOAD cmake/stm32cubemx/CMakeFiles/STM32_Drivers.dir/__/__/Drivers/STM32F1xx_HAL_Driver/Src/stm32f1xx_hal_tim.c.obj
LOAD cmake/stm32cubemx/CMakeFiles/STM32_Drivers.dir/__/__/Drivers/STM32F1xx_HAL_Driver/Src/stm32f1xx_hal_tim_ex.c.obj
LOAD cmake/stm32cubemx/CMakeFiles/STM32_Drivers.dir/__/__/Drivers/STM32F1xx_HAL_Driver/Src/stm32f1xx_hal_adc.c.obj
LOAD cmake/stm32cubemx/CMakeFiles/STM32_Drivers.dir/__/__/Drivers/STM32F1xx_HAL_Driver/Src/stm32f1xx_hal_adc_ex.c.obj
LOAD cmake/stm32cubemx/CMakeFiles/STM32_Drivers.dir/__/__/Drivers/STM32F1xx_HAL_Driver/Src/stm32f1xx_hal.c.obj
LOAD cmake/stm32cubemx/CMakeFiles/STM32_Drivers.dir/__/__/Drivers/STM32F1xx_HAL_Driver/Src/stm32f1xx_hal_rcc.c.obj
LOAD cmake/stm32cubemx/CMakeFiles/STM32_Drivers.dir/__/__/Drivers/STM32F1xx_HAL_Driver/Src/stm32f1xx_hal_rcc_ex.c.obj
LOAD cmake/stm32cubemx/CMakeFiles/STM32_Drivers.dir/__/__/Drivers/STM32F1xx_HAL_Driver/Src/stm32f1xx_hal_gpio.c.obj
LOAD cmake/stm32cubemx/CMakeFiles/STM32_Drivers.dir/__/__/Drivers/STM32F1xx_HAL_Driver/Src/stm32f1xx_hal_dma.c.obj
LOAD cmake/stm32cubemx/CMakeFiles/STM32_Drivers.dir/__/__/Drivers/STM32F1xx_HAL_Driver/Src/stm32f1xx_hal_cortex.c.obj
LOAD cmake/stm32cubemx/CMakeFiles/STM32_Drivers.dir/__/__/Drivers/STM32F1xx_HAL_Driver/Src/stm32f1xx_hal_pwr.c.obj
LOAD cmake/stm32cubemx/CMakeFiles/STM32_Drivers.dir/__/__/Drivers/STM32F1xx_HAL_Driver/Src/stm32f1xx_hal_flash.c.obj
LOAD cmake/stm32cubemx/CMakeFiles/STM32_Drivers.dir/__/__/Drivers/STM32F1xx_HAL_Driver/Src/stm32f1xx_hal_flash_ex.c.obj
LOAD cmake/stm32cubemx/CMakeFiles/STM32_Drivers.dir/__/__/Drivers/STM32F1xx_HAL_Driver/Src/stm32f1xx_hal_exti.c.obj
LOAD cmake/stm32cubemx/CMakeFiles/STM32_Drivers.dir/__/__/Drivers/STM32F1xx_HAL_Driver/Src/stm32f1xx_hal_i2c.c.obj
LOAD cmake/stm32cubemx/CMakeFiles/STM32_Drivers.dir/__/__/Drivers/STM32F1xx_HAL_Driver/Src/stm32f1xx_hal_uart.c.obj
LOAD cmake/stm32cubemx/CMakeFiles/STM32_Drivers.dir/__/__/Drivers/STM32F1xx_HAL_Driver/Src/stm32f1xx_hal_pcd.c.obj
LOAD cmake/stm32cubemx/CMakeFiles/STM32_Drivers.dir/__/__/Drivers/STM32F1xx_HAL_Driver/Src/stm32f1xx_hal_pcd_ex.c.obj
LOAD cmake/stm32cubemx/CMakeFiles/STM32_Drivers.dir/__/__/Drivers/STM32F1xx_HAL_Driver/Src/stm32f1xx_ll_usb.c.obj
LOAD cmake/stm32cubemx/CMakeFiles/FreeRTOS.dir/__/__/Middlewares/Third_Party/FreeRTOS/Source/croutine.c.obj
LOAD cmake/stm32cubemx/CMakeFiles/FreeRTOS.dir/__/__/Middlewares/Third_Party/FreeRTOS/Source/event_groups.c.obj
LOAD cmake/stm32cubemx/CMakeFiles/FreeRTOS.dir/__/__/Middlewares/Third_Party/FreeRTOS/Source/list.c.obj
LOAD cmake/stm32cubemx/CMakeFiles/FreeRTOS.dir/__/__/Middlewares/Third_Party/FreeRTOS/Source/queue.c.obj
LOAD cmake/stm32cubemx/CMakeFiles/FreeRTOS.dir/__/__/Middlewares/Third_Party/FreeRTOS/Source/stream_buffer.c.obj
LOAD cmake/stm32cubemx/CMakeFiles/FreeRTOS.dir/__/__/Middlewares/Third_Party/FreeRTOS/Source/tasks.c.obj
LOAD cmake/stm32cubemx/CMakeFiles/FreeRTOS.dir/__/__/Middlewares/Third_Party/FreeRTOS/Source/timers.c.obj
LOAD cmake/stm32cubemx/CMakeFiles/FreeRTOS.dir/__/__/Middlewares/Third_Party/FreeRTOS/Source/CMSIS_RTOS/cmsis_os.c.obj
LOAD cmake/stm32cubemx/CMakeFiles/FreeRTOS.dir/__/__/Middlewares/Third_Party/FreeRTOS/Source/portable/MemMang/heap_4.c.obj
LOAD cmake/stm32cubemx/CMakeFiles/FreeRTOS.dir/__/__/Middlewares/Third_Party/FreeRTOS/Source/portable/GCC/ARM_CM3/port.c.obj
LOAD CMakeFiles/sequencer_1.1.dir/Core/Src/main.c.obj
LOAD CMakeFiles/sequencer_1.1.dir/Core/Src/gpio.c.obj
LOAD CMakeFiles/sequencer_1.1.dir/Core/Src/freertos.c.obj
LOAD CMakeFiles/sequencer_1.1.dir/Core/Src/adc.c.obj
LOAD CMakeFiles/sequencer_1.1.dir/Core/Src/dma.c.obj
LOAD CMakeFiles/sequencer_1.1.dir/Core/Src/i2c.c.obj
LOAD CMakeFiles/sequencer_1.1.dir/Core/Src/tim.c.obj
LOAD CMakeFiles/sequencer_1.1.dir/Core/Src/usart.c.obj
LOAD CMakeFiles/sequencer_1.1.dir/Core/Src/usb.c.obj
LOAD CMakeFiles/sequencer_1.1.dir/Core/Src/stm32f1xx_it.c.obj
LOAD CMakeFiles/sequencer_1.1.dir/Core/Src/stm32f1xx_hal_msp.c.obj
LOAD CMakeFiles/sequencer_1.1.dir/Core/Src/stm32f1xx_hal_timebase_tim.c.obj
LOAD CMakeFiles/sequencer_1.1.dir/Core/Src/sysmem.c.obj
LOAD CMakeFiles/sequencer_1.1.dir/Core/Src/syscalls.c.obj
LOAD CMakeFiles/sequencer_1.1.dir/startup_stm32f103xe.s.obj
LOAD CMakeFiles/sequencer_1.1.dir/App/Src/led.c.obj
LOAD CMakeFiles/sequencer_1.1.dir/App/Src/misc.c.obj
LOAD CMakeFiles/sequencer_1.1.dir/App/Src/interrupt.c.obj
LOAD CMakeFiles/sequencer_1.1.dir/App/Src/midi.c.obj
LOAD CMakeFiles/sequencer_1.1.dir/App/Src/tasks.c.obj
LOAD CMakeFiles/sequencer_1.1.dir/App/Src/globals.c.obj
LOAD CMakeFiles/sequencer_1.1.dir/App/Src/uart_buffer.c.obj
LOAD CMakeFiles/sequencer_1.1.dir/Drivers/TM1637/tm1637.c.obj
LOAD F:/Program Files/ST/STM32CubeCLT_1.18.0/GNU-tools-for-STM32/bin/../lib/gcc/arm-none-eabi/13.3.1/../../../../arm-none-eabi/lib/thumb/v7-m/nofp\libm.a
START GROUP
LOAD F:/Program Files/ST/STM32CubeCLT_1.18.0/GNU-tools-for-STM32/bin/../lib/gcc/arm-none-eabi/13.3.1/thumb/v7-m/nofp\libgcc.a
LOAD F:/Program Files/ST/STM32CubeCLT_1.18.0/GNU-tools-for-STM32/bin/../lib/gcc/arm-none-eabi/13.3.1/../../../../arm-none-eabi/lib/thumb/v7-m/nofp\libg_nano.a
LOAD F:/Program Files/ST/STM32CubeCLT_1.18.0/GNU-tools-for-STM32/bin/../lib/gcc/arm-none-eabi/13.3.1/../../../../arm-none-eabi/lib/thumb/v7-m/nofp\libc_nano.a
END GROUP
START GROUP
LOAD F:/Program Files/ST/STM32CubeCLT_1.18.0/GNU-tools-for-STM32/bin/../lib/gcc/arm-none-eabi/13.3.1/thumb/v7-m/nofp\libgcc.a
LOAD F:/Program Files/ST/STM32CubeCLT_1.18.0/GNU-tools-for-STM32/bin/../lib/gcc/arm-none-eabi/13.3.1/../../../../arm-none-eabi/lib/thumb/v7-m/nofp\libc_nano.a
END GROUP
LOAD F:/Program Files/ST/STM32CubeCLT_1.18.0/GNU-tools-for-STM32/bin/../lib/gcc/arm-none-eabi/13.3.1/thumb/v7-m/nofp/crtend.o
LOAD F:/Program Files/ST/STM32CubeCLT_1.18.0/GNU-tools-for-STM32/bin/../lib/gcc/arm-none-eabi/13.3.1/thumb/v7-m/nofp/crtn.o
                0x2000c000                        _estack = (ORIGIN (RAM) + LENGTH (RAM))
                0x00000200                        _Min_Heap_Size = 0x200
                0x00000400                        _Min_Stack_Size = 0x400

.isr_vector     0x08000000      0x1e4
                0x08000000                        . = ALIGN (0x4)
 *(.isr_vector)
 .isr_vector    0x08000000      0x1e4 CMakeFiles/sequencer_1.1.dir/startup_stm32f103xe.s.obj
                0x08000000                g_pfnVectors
                0x080001e4                        . = ALIGN (0x4)

.text           0x080001f0     0xb790
                0x080001f0                        . = ALIGN (0x4)
 *(.text)
 .text          0x080001f0       0x40 F:/Program Files/ST/STM32CubeCLT_1.18.0/GNU-tools-for-STM32/bin/../lib/gcc/arm-none-eabi/13.3.1/thumb/v7-m/nofp/crtbegin.o
 .text          0x08000230      0x378 F:/Program Files/ST/STM32CubeCLT_1.18.0/GNU-tools-for-STM32/bin/../lib/gcc/arm-none-eabi/13.3.1/thumb/v7-m/nofp\libgcc.a(_arm_addsubdf3.o)
                0x08000230                __aeabi_drsub
                0x08000238                __aeabi_dsub
                0x08000238                __subdf3
                0x0800023c                __aeabi_dadd
                0x0800023c                __adddf3
                0x080004b4                __floatunsidf
                0x080004b4                __aeabi_ui2d
                0x080004d4                __floatsidf
                0x080004d4                __aeabi_i2d
                0x080004f8                __aeabi_f2d
                0x080004f8                __extendsfdf2
                0x0800053c                __floatundidf
                0x0800053c                __aeabi_ul2d
                0x0800054c                __floatdidf
                0x0800054c                __aeabi_l2d
 .text          0x080005a8      0x424 F:/Program Files/ST/STM32CubeCLT_1.18.0/GNU-tools-for-STM32/bin/../lib/gcc/arm-none-eabi/13.3.1/thumb/v7-m/nofp\libgcc.a(_arm_muldivdf3.o)
                0x080005a8                __aeabi_dmul
                0x080005a8                __muldf3
                0x080007fc                __divdf3
                0x080007fc                __aeabi_ddiv
 .text          0x080009cc      0x110 F:/Program Files/ST/STM32CubeCLT_1.18.0/GNU-tools-for-STM32/bin/../lib/gcc/arm-none-eabi/13.3.1/thumb/v7-m/nofp\libgcc.a(_arm_cmpdf2.o)
                0x080009cc                __gtdf2
                0x080009cc                __gedf2
                0x080009d4                __ltdf2
                0x080009d4                __ledf2
                0x080009dc                __nedf2
                0x080009dc                __eqdf2
                0x080009dc                __cmpdf2
                0x08000a58                __aeabi_cdrcmple
                0x08000a68                __aeabi_cdcmpeq
                0x08000a68                __aeabi_cdcmple
                0x08000a78                __aeabi_dcmpeq
                0x08000a8c                __aeabi_dcmplt
                0x08000aa0                __aeabi_dcmple
                0x08000ab4                __aeabi_dcmpge
                0x08000ac8                __aeabi_dcmpgt
 .text          0x08000adc       0x40 F:/Program Files/ST/STM32CubeCLT_1.18.0/GNU-tools-for-STM32/bin/../lib/gcc/arm-none-eabi/13.3.1/thumb/v7-m/nofp\libgcc.a(_arm_fixunsdfsi.o)
                0x08000adc                __aeabi_d2uiz
                0x08000adc                __fixunsdfsi
 .text          0x08000b1c      0x21c F:/Program Files/ST/STM32CubeCLT_1.18.0/GNU-tools-for-STM32/bin/../lib/gcc/arm-none-eabi/13.3.1/thumb/v7-m/nofp\libgcc.a(_arm_addsubsf3.o)
                0x08000b1c                __aeabi_frsub
                0x08000b24                __subsf3
                0x08000b24                __aeabi_fsub
                0x08000b28                __aeabi_fadd
                0x08000b28                __addsf3
                0x08000c88                __aeabi_ui2f
                0x08000c88                __floatunsisf
                0x08000c90                __aeabi_i2f
                0x08000c90                __floatsisf
                0x08000cac                __aeabi_ul2f
                0x08000cac                __floatundisf
                0x08000cbc                __aeabi_l2f
                0x08000cbc                __floatdisf
 *(.text*)
 .text.SystemInit
                0x08000d38        0xc cmake/stm32cubemx/CMakeFiles/STM32_Drivers.dir/__/__/Core/Src/system_stm32f1xx.c.obj
                0x08000d38                SystemInit
 .text.HAL_TIM_Base_Init
                0x08000d44       0x9e cmake/stm32cubemx/CMakeFiles/STM32_Drivers.dir/__/__/Drivers/STM32F1xx_HAL_Driver/Src/stm32f1xx_hal_tim.c.obj
                0x08000d44                HAL_TIM_Base_Init
 *fill*         0x08000de2        0x2 
 .text.HAL_TIM_Base_Start
                0x08000de4       0xb0 cmake/stm32cubemx/CMakeFiles/STM32_Drivers.dir/__/__/Drivers/STM32F1xx_HAL_Driver/Src/stm32f1xx_hal_tim.c.obj
                0x08000de4                HAL_TIM_Base_Start
 .text.HAL_TIM_Base_Start_IT
                0x08000e94       0xc0 cmake/stm32cubemx/CMakeFiles/STM32_Drivers.dir/__/__/Drivers/STM32F1xx_HAL_Driver/Src/stm32f1xx_hal_tim.c.obj
                0x08000e94                HAL_TIM_Base_Start_IT
 .text.HAL_TIM_IRQHandler
                0x08000f54      0x1e0 cmake/stm32cubemx/CMakeFiles/STM32_Drivers.dir/__/__/Drivers/STM32F1xx_HAL_Driver/Src/stm32f1xx_hal_tim.c.obj
                0x08000f54                HAL_TIM_IRQHandler
 .text.HAL_TIM_ConfigClockSource
                0x08001134      0x18e cmake/stm32cubemx/CMakeFiles/STM32_Drivers.dir/__/__/Drivers/STM32F1xx_HAL_Driver/Src/stm32f1xx_hal_tim.c.obj
                0x08001134                HAL_TIM_ConfigClockSource
 .text.HAL_TIM_OC_DelayElapsedCallback
                0x080012c2       0x12 cmake/stm32cubemx/CMakeFiles/STM32_Drivers.dir/__/__/Drivers/STM32F1xx_HAL_Driver/Src/stm32f1xx_hal_tim.c.obj
                0x080012c2                HAL_TIM_OC_DelayElapsedCallback
 .text.HAL_TIM_IC_CaptureCallback
                0x080012d4       0x12 cmake/stm32cubemx/CMakeFiles/STM32_Drivers.dir/__/__/Drivers/STM32F1xx_HAL_Driver/Src/stm32f1xx_hal_tim.c.obj
                0x080012d4                HAL_TIM_IC_CaptureCallback
 .text.HAL_TIM_PWM_PulseFinishedCallback
                0x080012e6       0x12 cmake/stm32cubemx/CMakeFiles/STM32_Drivers.dir/__/__/Drivers/STM32F1xx_HAL_Driver/Src/stm32f1xx_hal_tim.c.obj
                0x080012e6                HAL_TIM_PWM_PulseFinishedCallback
 .text.HAL_TIM_TriggerCallback
                0x080012f8       0x12 cmake/stm32cubemx/CMakeFiles/STM32_Drivers.dir/__/__/Drivers/STM32F1xx_HAL_Driver/Src/stm32f1xx_hal_tim.c.obj
                0x080012f8                HAL_TIM_TriggerCallback
 *fill*         0x0800130a        0x2 
 .text.TIM_Base_SetConfig
                0x0800130c      0x10c cmake/stm32cubemx/CMakeFiles/STM32_Drivers.dir/__/__/Drivers/STM32F1xx_HAL_Driver/Src/stm32f1xx_hal_tim.c.obj
                0x0800130c                TIM_Base_SetConfig
 .text.TIM_TI1_ConfigInputStage
                0x08001418       0x5c cmake/stm32cubemx/CMakeFiles/STM32_Drivers.dir/__/__/Drivers/STM32F1xx_HAL_Driver/Src/stm32f1xx_hal_tim.c.obj
 .text.TIM_TI2_ConfigInputStage
                0x08001474       0x5e cmake/stm32cubemx/CMakeFiles/STM32_Drivers.dir/__/__/Drivers/STM32F1xx_HAL_Driver/Src/stm32f1xx_hal_tim.c.obj
 .text.TIM_ITRx_SetConfig
                0x080014d2       0x34 cmake/stm32cubemx/CMakeFiles/STM32_Drivers.dir/__/__/Drivers/STM32F1xx_HAL_Driver/Src/stm32f1xx_hal_tim.c.obj
 .text.TIM_ETR_SetConfig
                0x08001506       0x3e cmake/stm32cubemx/CMakeFiles/STM32_Drivers.dir/__/__/Drivers/STM32F1xx_HAL_Driver/Src/stm32f1xx_hal_tim.c.obj
                0x08001506                TIM_ETR_SetConfig
 .text.HAL_TIMEx_MasterConfigSynchronization
                0x08001544       0xd8 cmake/stm32cubemx/CMakeFiles/STM32_Drivers.dir/__/__/Drivers/STM32F1xx_HAL_Driver/Src/stm32f1xx_hal_tim_ex.c.obj
                0x08001544                HAL_TIMEx_MasterConfigSynchronization
 .text.HAL_TIMEx_CommutCallback
                0x0800161c       0x12 cmake/stm32cubemx/CMakeFiles/STM32_Drivers.dir/__/__/Drivers/STM32F1xx_HAL_Driver/Src/stm32f1xx_hal_tim_ex.c.obj
                0x0800161c                HAL_TIMEx_CommutCallback
 .text.HAL_TIMEx_BreakCallback
                0x0800162e       0x12 cmake/stm32cubemx/CMakeFiles/STM32_Drivers.dir/__/__/Drivers/STM32F1xx_HAL_Driver/Src/stm32f1xx_hal_tim_ex.c.obj
                0x0800162e                HAL_TIMEx_BreakCallback
 .text.HAL_ADC_Init
                0x08001640      0x1d4 cmake/stm32cubemx/CMakeFiles/STM32_Drivers.dir/__/__/Drivers/STM32F1xx_HAL_Driver/Src/stm32f1xx_hal_adc.c.obj
                0x08001640                HAL_ADC_Init
 .text.HAL_ADC_Start_DMA
                0x08001814      0x1bc cmake/stm32cubemx/CMakeFiles/STM32_Drivers.dir/__/__/Drivers/STM32F1xx_HAL_Driver/Src/stm32f1xx_hal_adc.c.obj
                0x08001814                HAL_ADC_Start_DMA
 .text.HAL_ADC_ConvCpltCallback
                0x080019d0       0x12 cmake/stm32cubemx/CMakeFiles/STM32_Drivers.dir/__/__/Drivers/STM32F1xx_HAL_Driver/Src/stm32f1xx_hal_adc.c.obj
                0x080019d0                HAL_ADC_ConvCpltCallback
 .text.HAL_ADC_ConvHalfCpltCallback
                0x080019e2       0x12 cmake/stm32cubemx/CMakeFiles/STM32_Drivers.dir/__/__/Drivers/STM32F1xx_HAL_Driver/Src/stm32f1xx_hal_adc.c.obj
                0x080019e2                HAL_ADC_ConvHalfCpltCallback
 .text.HAL_ADC_ErrorCallback
                0x080019f4       0x12 cmake/stm32cubemx/CMakeFiles/STM32_Drivers.dir/__/__/Drivers/STM32F1xx_HAL_Driver/Src/stm32f1xx_hal_adc.c.obj
                0x080019f4                HAL_ADC_ErrorCallback
 *fill*         0x08001a06        0x2 
 .text.HAL_ADC_ConfigChannel
                0x08001a08      0x1f0 cmake/stm32cubemx/CMakeFiles/STM32_Drivers.dir/__/__/Drivers/STM32F1xx_HAL_Driver/Src/stm32f1xx_hal_adc.c.obj
                0x08001a08                HAL_ADC_ConfigChannel
 .text.ADC_Enable
                0x08001bf8       0xb4 cmake/stm32cubemx/CMakeFiles/STM32_Drivers.dir/__/__/Drivers/STM32F1xx_HAL_Driver/Src/stm32f1xx_hal_adc.c.obj
                0x08001bf8                ADC_Enable
 .text.ADC_ConversionStop_Disable
                0x08001cac       0x82 cmake/stm32cubemx/CMakeFiles/STM32_Drivers.dir/__/__/Drivers/STM32F1xx_HAL_Driver/Src/stm32f1xx_hal_adc.c.obj
                0x08001cac                ADC_ConversionStop_Disable
 .text.ADC_DMAConvCplt
                0x08001d2e       0x7c cmake/stm32cubemx/CMakeFiles/STM32_Drivers.dir/__/__/Drivers/STM32F1xx_HAL_Driver/Src/stm32f1xx_hal_adc.c.obj
                0x08001d2e                ADC_DMAConvCplt
 .text.ADC_DMAHalfConvCplt
                0x08001daa       0x1c cmake/stm32cubemx/CMakeFiles/STM32_Drivers.dir/__/__/Drivers/STM32F1xx_HAL_Driver/Src/stm32f1xx_hal_adc.c.obj
                0x08001daa                ADC_DMAHalfConvCplt
 .text.ADC_DMAError
                0x08001dc6       0x34 cmake/stm32cubemx/CMakeFiles/STM32_Drivers.dir/__/__/Drivers/STM32F1xx_HAL_Driver/Src/stm32f1xx_hal_adc.c.obj
                0x08001dc6                ADC_DMAError
 *fill*         0x08001dfa        0x2 
 .text.HAL_Init
                0x08001dfc       0x2c cmake/stm32cubemx/CMakeFiles/STM32_Drivers.dir/__/__/Drivers/STM32F1xx_HAL_Driver/Src/stm32f1xx_hal.c.obj
                0x08001dfc                HAL_Init
 .text.HAL_IncTick
                0x08001e28       0x24 cmake/stm32cubemx/CMakeFiles/STM32_Drivers.dir/__/__/Drivers/STM32F1xx_HAL_Driver/Src/stm32f1xx_hal.c.obj
                0x08001e28                HAL_IncTick
 .text.HAL_GetTick
                0x08001e4c       0x14 cmake/stm32cubemx/CMakeFiles/STM32_Drivers.dir/__/__/Drivers/STM32F1xx_HAL_Driver/Src/stm32f1xx_hal.c.obj
                0x08001e4c                HAL_GetTick
 .text.HAL_Delay
                0x08001e60       0x48 cmake/stm32cubemx/CMakeFiles/STM32_Drivers.dir/__/__/Drivers/STM32F1xx_HAL_Driver/Src/stm32f1xx_hal.c.obj
                0x08001e60                HAL_Delay
 .text.HAL_RCC_OscConfig
                0x08001ea8      0x504 cmake/stm32cubemx/CMakeFiles/STM32_Drivers.dir/__/__/Drivers/STM32F1xx_HAL_Driver/Src/stm32f1xx_hal_rcc.c.obj
                0x08001ea8                HAL_RCC_OscConfig
 .text.HAL_RCC_ClockConfig
                0x080023ac      0x1d4 cmake/stm32cubemx/CMakeFiles/STM32_Drivers.dir/__/__/Drivers/STM32F1xx_HAL_Driver/Src/stm32f1xx_hal_rcc.c.obj
                0x080023ac                HAL_RCC_ClockConfig
 .text.HAL_RCC_GetSysClockFreq
                0x08002580       0xa8 cmake/stm32cubemx/CMakeFiles/STM32_Drivers.dir/__/__/Drivers/STM32F1xx_HAL_Driver/Src/stm32f1xx_hal_rcc.c.obj
                0x08002580                HAL_RCC_GetSysClockFreq
 .text.HAL_RCC_GetHCLKFreq
                0x08002628       0x14 cmake/stm32cubemx/CMakeFiles/STM32_Drivers.dir/__/__/Drivers/STM32F1xx_HAL_Driver/Src/stm32f1xx_hal_rcc.c.obj
                0x08002628                HAL_RCC_GetHCLKFreq
 .text.HAL_RCC_GetPCLK1Freq
                0x0800263c       0x28 cmake/stm32cubemx/CMakeFiles/STM32_Drivers.dir/__/__/Drivers/STM32F1xx_HAL_Driver/Src/stm32f1xx_hal_rcc.c.obj
                0x0800263c                HAL_RCC_GetPCLK1Freq
 .text.HAL_RCC_GetPCLK2Freq
                0x08002664       0x28 cmake/stm32cubemx/CMakeFiles/STM32_Drivers.dir/__/__/Drivers/STM32F1xx_HAL_Driver/Src/stm32f1xx_hal_rcc.c.obj
                0x08002664                HAL_RCC_GetPCLK2Freq
 .text.HAL_RCC_GetClockConfig
                0x0800268c       0x60 cmake/stm32cubemx/CMakeFiles/STM32_Drivers.dir/__/__/Drivers/STM32F1xx_HAL_Driver/Src/stm32f1xx_hal_rcc.c.obj
                0x0800268c                HAL_RCC_GetClockConfig
 .text.RCC_Delay
                0x080026ec       0x3c cmake/stm32cubemx/CMakeFiles/STM32_Drivers.dir/__/__/Drivers/STM32F1xx_HAL_Driver/Src/stm32f1xx_hal_rcc.c.obj
 .text.HAL_RCCEx_PeriphCLKConfig
                0x08002728      0x16c cmake/stm32cubemx/CMakeFiles/STM32_Drivers.dir/__/__/Drivers/STM32F1xx_HAL_Driver/Src/stm32f1xx_hal_rcc_ex.c.obj
                0x08002728                HAL_RCCEx_PeriphCLKConfig
 .text.HAL_GPIO_Init
                0x08002894      0x328 cmake/stm32cubemx/CMakeFiles/STM32_Drivers.dir/__/__/Drivers/STM32F1xx_HAL_Driver/Src/stm32f1xx_hal_gpio.c.obj
                0x08002894                HAL_GPIO_Init
 .text.HAL_GPIO_ReadPin
                0x08002bbc       0x2e cmake/stm32cubemx/CMakeFiles/STM32_Drivers.dir/__/__/Drivers/STM32F1xx_HAL_Driver/Src/stm32f1xx_hal_gpio.c.obj
                0x08002bbc                HAL_GPIO_ReadPin
 .text.HAL_GPIO_WritePin
                0x08002bea       0x30 cmake/stm32cubemx/CMakeFiles/STM32_Drivers.dir/__/__/Drivers/STM32F1xx_HAL_Driver/Src/stm32f1xx_hal_gpio.c.obj
                0x08002bea                HAL_GPIO_WritePin
 .text.HAL_GPIO_TogglePin
                0x08002c1a       0x32 cmake/stm32cubemx/CMakeFiles/STM32_Drivers.dir/__/__/Drivers/STM32F1xx_HAL_Driver/Src/stm32f1xx_hal_gpio.c.obj
                0x08002c1a                HAL_GPIO_TogglePin
 .text.HAL_GPIO_EXTI_IRQHandler
                0x08002c4c       0x30 cmake/stm32cubemx/CMakeFiles/STM32_Drivers.dir/__/__/Drivers/STM32F1xx_HAL_Driver/Src/stm32f1xx_hal_gpio.c.obj
                0x08002c4c                HAL_GPIO_EXTI_IRQHandler
 .text.HAL_DMA_Init
                0x08002c7c       0xec cmake/stm32cubemx/CMakeFiles/STM32_Drivers.dir/__/__/Drivers/STM32F1xx_HAL_Driver/Src/stm32f1xx_hal_dma.c.obj
                0x08002c7c                HAL_DMA_Init
 .text.HAL_DMA_Start_IT
                0x08002d68       0xc0 cmake/stm32cubemx/CMakeFiles/STM32_Drivers.dir/__/__/Drivers/STM32F1xx_HAL_Driver/Src/stm32f1xx_hal_dma.c.obj
                0x08002d68                HAL_DMA_Start_IT
 .text.HAL_DMA_Abort
                0x08002e28       0x76 cmake/stm32cubemx/CMakeFiles/STM32_Drivers.dir/__/__/Drivers/STM32F1xx_HAL_Driver/Src/stm32f1xx_hal_dma.c.obj
                0x08002e28                HAL_DMA_Abort
 *fill*         0x08002e9e        0x2 
 .text.HAL_DMA_Abort_IT
                0x08002ea0      0x210 cmake/stm32cubemx/CMakeFiles/STM32_Drivers.dir/__/__/Drivers/STM32F1xx_HAL_Driver/Src/stm32f1xx_hal_dma.c.obj
                0x08002ea0                HAL_DMA_Abort_IT
 .text.HAL_DMA_IRQHandler
                0x080030b0      0x478 cmake/stm32cubemx/CMakeFiles/STM32_Drivers.dir/__/__/Drivers/STM32F1xx_HAL_Driver/Src/stm32f1xx_hal_dma.c.obj
                0x080030b0                HAL_DMA_IRQHandler
 .text.DMA_SetConfig
                0x08003528       0x5a cmake/stm32cubemx/CMakeFiles/STM32_Drivers.dir/__/__/Drivers/STM32F1xx_HAL_Driver/Src/stm32f1xx_hal_dma.c.obj
 *fill*         0x08003582        0x2 
 .text.__NVIC_SetPriorityGrouping
                0x08003584       0x48 cmake/stm32cubemx/CMakeFiles/STM32_Drivers.dir/__/__/Drivers/STM32F1xx_HAL_Driver/Src/stm32f1xx_hal_cortex.c.obj
 .text.__NVIC_GetPriorityGrouping
                0x080035cc       0x1c cmake/stm32cubemx/CMakeFiles/STM32_Drivers.dir/__/__/Drivers/STM32F1xx_HAL_Driver/Src/stm32f1xx_hal_cortex.c.obj
 .text.__NVIC_EnableIRQ
                0x080035e8       0x38 cmake/stm32cubemx/CMakeFiles/STM32_Drivers.dir/__/__/Drivers/STM32F1xx_HAL_Driver/Src/stm32f1xx_hal_cortex.c.obj
 .text.__NVIC_SetPriority
                0x08003620       0x54 cmake/stm32cubemx/CMakeFiles/STM32_Drivers.dir/__/__/Drivers/STM32F1xx_HAL_Driver/Src/stm32f1xx_hal_cortex.c.obj
 .text.NVIC_EncodePriority
                0x08003674       0x64 cmake/stm32cubemx/CMakeFiles/STM32_Drivers.dir/__/__/Drivers/STM32F1xx_HAL_Driver/Src/stm32f1xx_hal_cortex.c.obj
 .text.HAL_NVIC_SetPriorityGrouping
                0x080036d8       0x16 cmake/stm32cubemx/CMakeFiles/STM32_Drivers.dir/__/__/Drivers/STM32F1xx_HAL_Driver/Src/stm32f1xx_hal_cortex.c.obj
                0x080036d8                HAL_NVIC_SetPriorityGrouping
 .text.HAL_NVIC_SetPriority
                0x080036ee       0x38 cmake/stm32cubemx/CMakeFiles/STM32_Drivers.dir/__/__/Drivers/STM32F1xx_HAL_Driver/Src/stm32f1xx_hal_cortex.c.obj
                0x080036ee                HAL_NVIC_SetPriority
 .text.HAL_NVIC_EnableIRQ
                0x08003726       0x1c cmake/stm32cubemx/CMakeFiles/STM32_Drivers.dir/__/__/Drivers/STM32F1xx_HAL_Driver/Src/stm32f1xx_hal_cortex.c.obj
                0x08003726                HAL_NVIC_EnableIRQ
 *fill*         0x08003742        0x2 
 .text.HAL_I2C_Init
                0x08003744      0x288 cmake/stm32cubemx/CMakeFiles/STM32_Drivers.dir/__/__/Drivers/STM32F1xx_HAL_Driver/Src/stm32f1xx_hal_i2c.c.obj
                0x08003744                HAL_I2C_Init
 .text.HAL_UART_Init
                0x080039cc       0xa0 cmake/stm32cubemx/CMakeFiles/STM32_Drivers.dir/__/__/Drivers/STM32F1xx_HAL_Driver/Src/stm32f1xx_hal_uart.c.obj
                0x080039cc                HAL_UART_Init
 .text.HAL_UART_Transmit_IT
                0x08003a6c       0x6a cmake/stm32cubemx/CMakeFiles/STM32_Drivers.dir/__/__/Drivers/STM32F1xx_HAL_Driver/Src/stm32f1xx_hal_uart.c.obj
                0x08003a6c                HAL_UART_Transmit_IT
 .text.HAL_UART_Receive_IT
                0x08003ad6       0x4a cmake/stm32cubemx/CMakeFiles/STM32_Drivers.dir/__/__/Drivers/STM32F1xx_HAL_Driver/Src/stm32f1xx_hal_uart.c.obj
                0x08003ad6                HAL_UART_Receive_IT
 .text.HAL_UART_IRQHandler
                0x08003b20      0x524 cmake/stm32cubemx/CMakeFiles/STM32_Drivers.dir/__/__/Drivers/STM32F1xx_HAL_Driver/Src/stm32f1xx_hal_uart.c.obj
                0x08003b20                HAL_UART_IRQHandler
 .text.HAL_UART_ErrorCallback
                0x08004044       0x12 cmake/stm32cubemx/CMakeFiles/STM32_Drivers.dir/__/__/Drivers/STM32F1xx_HAL_Driver/Src/stm32f1xx_hal_uart.c.obj
                0x08004044                HAL_UART_ErrorCallback
 .text.HAL_UARTEx_RxEventCallback
                0x08004056       0x16 cmake/stm32cubemx/CMakeFiles/STM32_Drivers.dir/__/__/Drivers/STM32F1xx_HAL_Driver/Src/stm32f1xx_hal_uart.c.obj
                0x08004056                HAL_UARTEx_RxEventCallback
 .text.UART_Start_Receive_IT
                0x0800406c       0x72 cmake/stm32cubemx/CMakeFiles/STM32_Drivers.dir/__/__/Drivers/STM32F1xx_HAL_Driver/Src/stm32f1xx_hal_uart.c.obj
                0x0800406c                UART_Start_Receive_IT
 .text.UART_EndRxTransfer
                0x080040de       0xc4 cmake/stm32cubemx/CMakeFiles/STM32_Drivers.dir/__/__/Drivers/STM32F1xx_HAL_Driver/Src/stm32f1xx_hal_uart.c.obj
 .text.UART_DMAAbortOnError
                0x080041a2       0x28 cmake/stm32cubemx/CMakeFiles/STM32_Drivers.dir/__/__/Drivers/STM32F1xx_HAL_Driver/Src/stm32f1xx_hal_uart.c.obj
 .text.UART_Transmit_IT
                0x080041ca       0x9e cmake/stm32cubemx/CMakeFiles/STM32_Drivers.dir/__/__/Drivers/STM32F1xx_HAL_Driver/Src/stm32f1xx_hal_uart.c.obj
 .text.UART_EndTransmit_IT
                0x08004268       0x30 cmake/stm32cubemx/CMakeFiles/STM32_Drivers.dir/__/__/Drivers/STM32F1xx_HAL_Driver/Src/stm32f1xx_hal_uart.c.obj
 .text.UART_Receive_IT
                0x08004298      0x17c cmake/stm32cubemx/CMakeFiles/STM32_Drivers.dir/__/__/Drivers/STM32F1xx_HAL_Driver/Src/stm32f1xx_hal_uart.c.obj
 .text.UART_SetConfig
                0x08004414      0x11c cmake/stm32cubemx/CMakeFiles/STM32_Drivers.dir/__/__/Drivers/STM32F1xx_HAL_Driver/Src/stm32f1xx_hal_uart.c.obj
 .text.HAL_PCD_Init
                0x08004530      0x1ec cmake/stm32cubemx/CMakeFiles/STM32_Drivers.dir/__/__/Drivers/STM32F1xx_HAL_Driver/Src/stm32f1xx_hal_pcd.c.obj
                0x08004530                HAL_PCD_Init
 .text.USB_CoreInit
                0x0800471c       0x1a cmake/stm32cubemx/CMakeFiles/STM32_Drivers.dir/__/__/Drivers/STM32F1xx_HAL_Driver/Src/stm32f1xx_ll_usb.c.obj
                0x0800471c                USB_CoreInit
 .text.USB_DisableGlobalInt
                0x08004736       0x34 cmake/stm32cubemx/CMakeFiles/STM32_Drivers.dir/__/__/Drivers/STM32F1xx_HAL_Driver/Src/stm32f1xx_ll_usb.c.obj
                0x08004736                USB_DisableGlobalInt
 .text.USB_SetCurrentMode
                0x0800476a       0x18 cmake/stm32cubemx/CMakeFiles/STM32_Drivers.dir/__/__/Drivers/STM32F1xx_HAL_Driver/Src/stm32f1xx_ll_usb.c.obj
                0x0800476a                USB_SetCurrentMode
 .text.USB_DevInit
                0x08004782       0x3a cmake/stm32cubemx/CMakeFiles/STM32_Drivers.dir/__/__/Drivers/STM32F1xx_HAL_Driver/Src/stm32f1xx_ll_usb.c.obj
                0x08004782                USB_DevInit
 .text.USB_DevDisconnect
                0x080047bc       0x14 cmake/stm32cubemx/CMakeFiles/STM32_Drivers.dir/__/__/Drivers/STM32F1xx_HAL_Driver/Src/stm32f1xx_ll_usb.c.obj
                0x080047bc                USB_DevDisconnect
 .text.vListInitialise
                0x080047d0       0x3e cmake/stm32cubemx/CMakeFiles/FreeRTOS.dir/__/__/Middlewares/Third_Party/FreeRTOS/Source/list.c.obj
                0x080047d0                vListInitialise
 .text.vListInitialiseItem
                0x0800480e       0x18 cmake/stm32cubemx/CMakeFiles/FreeRTOS.dir/__/__/Middlewares/Third_Party/FreeRTOS/Source/list.c.obj
                0x0800480e                vListInitialiseItem
 .text.vListInsertEnd
                0x08004826       0x46 cmake/stm32cubemx/CMakeFiles/FreeRTOS.dir/__/__/Middlewares/Third_Party/FreeRTOS/Source/list.c.obj
                0x08004826                vListInsertEnd
 .text.vListInsert
                0x0800486c       0x70 cmake/stm32cubemx/CMakeFiles/FreeRTOS.dir/__/__/Middlewares/Third_Party/FreeRTOS/Source/list.c.obj
                0x0800486c                vListInsert
 .text.uxListRemove
                0x080048dc       0x52 cmake/stm32cubemx/CMakeFiles/FreeRTOS.dir/__/__/Middlewares/Third_Party/FreeRTOS/Source/list.c.obj
                0x080048dc                uxListRemove
 *fill*         0x0800492e        0x2 
 .text.xQueueGenericReset
                0x08004930       0xd4 cmake/stm32cubemx/CMakeFiles/FreeRTOS.dir/__/__/Middlewares/Third_Party/FreeRTOS/Source/queue.c.obj
                0x08004930                xQueueGenericReset
 .text.xQueueGenericCreateStatic
                0x08004a04       0xfa cmake/stm32cubemx/CMakeFiles/FreeRTOS.dir/__/__/Middlewares/Third_Party/FreeRTOS/Source/queue.c.obj
                0x08004a04                xQueueGenericCreateStatic
 .text.xQueueGenericCreate
                0x08004afe       0x76 cmake/stm32cubemx/CMakeFiles/FreeRTOS.dir/__/__/Middlewares/Third_Party/FreeRTOS/Source/queue.c.obj
                0x08004afe                xQueueGenericCreate
 .text.prvInitialiseNewQueue
                0x08004b74       0x3e cmake/stm32cubemx/CMakeFiles/FreeRTOS.dir/__/__/Middlewares/Third_Party/FreeRTOS/Source/queue.c.obj
 .text.prvInitialiseMutex
                0x08004bb2       0x34 cmake/stm32cubemx/CMakeFiles/FreeRTOS.dir/__/__/Middlewares/Third_Party/FreeRTOS/Source/queue.c.obj
 .text.xQueueCreateMutex
                0x08004be6       0x30 cmake/stm32cubemx/CMakeFiles/FreeRTOS.dir/__/__/Middlewares/Third_Party/FreeRTOS/Source/queue.c.obj
                0x08004be6                xQueueCreateMutex
 *fill*         0x08004c16        0x2 
 .text.xQueueGenericSend
                0x08004c18      0x204 cmake/stm32cubemx/CMakeFiles/FreeRTOS.dir/__/__/Middlewares/Third_Party/FreeRTOS/Source/queue.c.obj
                0x08004c18                xQueueGenericSend
 .text.xQueueSemaphoreTake
                0x08004e1c      0x220 cmake/stm32cubemx/CMakeFiles/FreeRTOS.dir/__/__/Middlewares/Third_Party/FreeRTOS/Source/queue.c.obj
                0x08004e1c                xQueueSemaphoreTake
 .text.prvGetDisinheritPriorityAfterTimeout
                0x0800503c       0x2e cmake/stm32cubemx/CMakeFiles/FreeRTOS.dir/__/__/Middlewares/Third_Party/FreeRTOS/Source/queue.c.obj
 .text.prvCopyDataToQueue
                0x0800506a       0xd4 cmake/stm32cubemx/CMakeFiles/FreeRTOS.dir/__/__/Middlewares/Third_Party/FreeRTOS/Source/queue.c.obj
 .text.prvUnlockQueue
                0x0800513e       0xa4 cmake/stm32cubemx/CMakeFiles/FreeRTOS.dir/__/__/Middlewares/Third_Party/FreeRTOS/Source/queue.c.obj
 .text.prvIsQueueEmpty
                0x080051e2       0x2c cmake/stm32cubemx/CMakeFiles/FreeRTOS.dir/__/__/Middlewares/Third_Party/FreeRTOS/Source/queue.c.obj
 .text.prvIsQueueFull
                0x0800520e       0x30 cmake/stm32cubemx/CMakeFiles/FreeRTOS.dir/__/__/Middlewares/Third_Party/FreeRTOS/Source/queue.c.obj
 .text.xTaskCreateStatic
                0x0800523e       0xc0 cmake/stm32cubemx/CMakeFiles/FreeRTOS.dir/__/__/Middlewares/Third_Party/FreeRTOS/Source/tasks.c.obj
                0x0800523e                xTaskCreateStatic
 .text.xTaskCreate
                0x080052fe       0x8a cmake/stm32cubemx/CMakeFiles/FreeRTOS.dir/__/__/Middlewares/Third_Party/FreeRTOS/Source/tasks.c.obj
                0x080052fe                xTaskCreate
 .text.prvInitialiseNewTask
                0x08005388      0x110 cmake/stm32cubemx/CMakeFiles/FreeRTOS.dir/__/__/Middlewares/Third_Party/FreeRTOS/Source/tasks.c.obj
 .text.prvAddNewTaskToReadyList
                0x08005498       0xd4 cmake/stm32cubemx/CMakeFiles/FreeRTOS.dir/__/__/Middlewares/Third_Party/FreeRTOS/Source/tasks.c.obj
 .text.vTaskDelay
                0x0800556c       0x6c cmake/stm32cubemx/CMakeFiles/FreeRTOS.dir/__/__/Middlewares/Third_Party/FreeRTOS/Source/tasks.c.obj
                0x0800556c                vTaskDelay
 .text.vTaskStartScheduler
                0x080055d8       0xc4 cmake/stm32cubemx/CMakeFiles/FreeRTOS.dir/__/__/Middlewares/Third_Party/FreeRTOS/Source/tasks.c.obj
                0x080055d8                vTaskStartScheduler
 .text.vTaskSuspendAll
                0x0800569c       0x1c cmake/stm32cubemx/CMakeFiles/FreeRTOS.dir/__/__/Middlewares/Third_Party/FreeRTOS/Source/tasks.c.obj
                0x0800569c                vTaskSuspendAll
 .text.xTaskResumeAll
                0x080056b8      0x13c cmake/stm32cubemx/CMakeFiles/FreeRTOS.dir/__/__/Middlewares/Third_Party/FreeRTOS/Source/tasks.c.obj
                0x080056b8                xTaskResumeAll
 .text.xTaskIncrementTick
                0x080057f4      0x174 cmake/stm32cubemx/CMakeFiles/FreeRTOS.dir/__/__/Middlewares/Third_Party/FreeRTOS/Source/tasks.c.obj
                0x080057f4                xTaskIncrementTick
 .text.vTaskSwitchContext
                0x08005968       0xb8 cmake/stm32cubemx/CMakeFiles/FreeRTOS.dir/__/__/Middlewares/Third_Party/FreeRTOS/Source/tasks.c.obj
                0x08005968                vTaskSwitchContext
 .text.vTaskPlaceOnEventList
                0x08005a20       0x4c cmake/stm32cubemx/CMakeFiles/FreeRTOS.dir/__/__/Middlewares/Third_Party/FreeRTOS/Source/tasks.c.obj
                0x08005a20                vTaskPlaceOnEventList
 .text.xTaskRemoveFromEventList
                0x08005a6c       0xc8 cmake/stm32cubemx/CMakeFiles/FreeRTOS.dir/__/__/Middlewares/Third_Party/FreeRTOS/Source/tasks.c.obj
                0x08005a6c                xTaskRemoveFromEventList
 .text.vTaskInternalSetTimeOutState
                0x08005b34       0x2c cmake/stm32cubemx/CMakeFiles/FreeRTOS.dir/__/__/Middlewares/Third_Party/FreeRTOS/Source/tasks.c.obj
                0x08005b34                vTaskInternalSetTimeOutState
 .text.xTaskCheckForTimeOut
                0x08005b60       0xc8 cmake/stm32cubemx/CMakeFiles/FreeRTOS.dir/__/__/Middlewares/Third_Party/FreeRTOS/Source/tasks.c.obj
                0x08005b60                xTaskCheckForTimeOut
 .text.vTaskMissedYield
                0x08005c28       0x18 cmake/stm32cubemx/CMakeFiles/FreeRTOS.dir/__/__/Middlewares/Third_Party/FreeRTOS/Source/tasks.c.obj
                0x08005c28                vTaskMissedYield
 .text.prvIdleTask
                0x08005c40       0x30 cmake/stm32cubemx/CMakeFiles/FreeRTOS.dir/__/__/Middlewares/Third_Party/FreeRTOS/Source/tasks.c.obj
 .text.prvInitialiseTaskLists
                0x08005c70       0x80 cmake/stm32cubemx/CMakeFiles/FreeRTOS.dir/__/__/Middlewares/Third_Party/FreeRTOS/Source/tasks.c.obj
 .text.prvCheckTasksWaitingTermination
                0x08005cf0       0x5c cmake/stm32cubemx/CMakeFiles/FreeRTOS.dir/__/__/Middlewares/Third_Party/FreeRTOS/Source/tasks.c.obj
 .text.prvDeleteTCB
                0x08005d4c       0x60 cmake/stm32cubemx/CMakeFiles/FreeRTOS.dir/__/__/Middlewares/Third_Party/FreeRTOS/Source/tasks.c.obj
 .text.prvResetNextTaskUnblockTime
                0x08005dac       0x40 cmake/stm32cubemx/CMakeFiles/FreeRTOS.dir/__/__/Middlewares/Third_Party/FreeRTOS/Source/tasks.c.obj
 .text.xTaskGetSchedulerState
                0x08005dec       0x3c cmake/stm32cubemx/CMakeFiles/FreeRTOS.dir/__/__/Middlewares/Third_Party/FreeRTOS/Source/tasks.c.obj
                0x08005dec                xTaskGetSchedulerState
 .text.xTaskPriorityInherit
                0x08005e28       0xec cmake/stm32cubemx/CMakeFiles/FreeRTOS.dir/__/__/Middlewares/Third_Party/FreeRTOS/Source/tasks.c.obj
                0x08005e28                xTaskPriorityInherit
 .text.xTaskPriorityDisinherit
                0x08005f14      0x110 cmake/stm32cubemx/CMakeFiles/FreeRTOS.dir/__/__/Middlewares/Third_Party/FreeRTOS/Source/tasks.c.obj
                0x08005f14                xTaskPriorityDisinherit
 .text.vTaskPriorityDisinheritAfterTimeout
                0x08006024      0x120 cmake/stm32cubemx/CMakeFiles/FreeRTOS.dir/__/__/Middlewares/Third_Party/FreeRTOS/Source/tasks.c.obj
                0x08006024                vTaskPriorityDisinheritAfterTimeout
 .text.pvTaskIncrementMutexHeldCount
                0x08006144       0x28 cmake/stm32cubemx/CMakeFiles/FreeRTOS.dir/__/__/Middlewares/Third_Party/FreeRTOS/Source/tasks.c.obj
                0x08006144                pvTaskIncrementMutexHeldCount
 .text.xTaskNotifyWait
                0x0800616c       0xb4 cmake/stm32cubemx/CMakeFiles/FreeRTOS.dir/__/__/Middlewares/Third_Party/FreeRTOS/Source/tasks.c.obj
                0x0800616c                xTaskNotifyWait
 .text.xTaskGenericNotify
                0x08006220      0x170 cmake/stm32cubemx/CMakeFiles/FreeRTOS.dir/__/__/Middlewares/Third_Party/FreeRTOS/Source/tasks.c.obj
                0x08006220                xTaskGenericNotify
 .text.xTaskGenericNotifyFromISR
                0x08006390      0x1bc cmake/stm32cubemx/CMakeFiles/FreeRTOS.dir/__/__/Middlewares/Third_Party/FreeRTOS/Source/tasks.c.obj
                0x08006390                xTaskGenericNotifyFromISR
 .text.prvAddCurrentTaskToDelayedList
                0x0800654c       0xcc cmake/stm32cubemx/CMakeFiles/FreeRTOS.dir/__/__/Middlewares/Third_Party/FreeRTOS/Source/tasks.c.obj
 .text.makeFreeRtosPriority
                0x08006618       0x2e cmake/stm32cubemx/CMakeFiles/FreeRTOS.dir/__/__/Middlewares/Third_Party/FreeRTOS/Source/CMSIS_RTOS/cmsis_os.c.obj
 .text.osKernelStart
                0x08006646        0xe cmake/stm32cubemx/CMakeFiles/FreeRTOS.dir/__/__/Middlewares/Third_Party/FreeRTOS/Source/CMSIS_RTOS/cmsis_os.c.obj
                0x08006646                osKernelStart
 .text.osThreadCreate
                0x08006654       0x98 cmake/stm32cubemx/CMakeFiles/FreeRTOS.dir/__/__/Middlewares/Third_Party/FreeRTOS/Source/CMSIS_RTOS/cmsis_os.c.obj
                0x08006654                osThreadCreate
 .text.osSemaphoreCreate
                0x080066ec       0x64 cmake/stm32cubemx/CMakeFiles/FreeRTOS.dir/__/__/Middlewares/Third_Party/FreeRTOS/Source/CMSIS_RTOS/cmsis_os.c.obj
                0x080066ec                osSemaphoreCreate
 .text.pvPortMalloc
                0x08006750      0x19c cmake/stm32cubemx/CMakeFiles/FreeRTOS.dir/__/__/Middlewares/Third_Party/FreeRTOS/Source/portable/MemMang/heap_4.c.obj
                0x08006750                pvPortMalloc
 .text.vPortFree
                0x080068ec       0xc8 cmake/stm32cubemx/CMakeFiles/FreeRTOS.dir/__/__/Middlewares/Third_Party/FreeRTOS/Source/portable/MemMang/heap_4.c.obj
                0x080068ec                vPortFree
 .text.prvHeapInit
                0x080069b4       0xc4 cmake/stm32cubemx/CMakeFiles/FreeRTOS.dir/__/__/Middlewares/Third_Party/FreeRTOS/Source/portable/MemMang/heap_4.c.obj
 .text.prvInsertBlockIntoFreeList
                0x08006a78       0xb0 cmake/stm32cubemx/CMakeFiles/FreeRTOS.dir/__/__/Middlewares/Third_Party/FreeRTOS/Source/portable/MemMang/heap_4.c.obj
 .text.pxPortInitialiseStack
                0x08006b28       0x58 cmake/stm32cubemx/CMakeFiles/FreeRTOS.dir/__/__/Middlewares/Third_Party/FreeRTOS/Source/portable/GCC/ARM_CM3/port.c.obj
                0x08006b28                pxPortInitialiseStack
 .text.prvTaskExitError
                0x08006b80       0x58 cmake/stm32cubemx/CMakeFiles/FreeRTOS.dir/__/__/Middlewares/Third_Party/FreeRTOS/Source/portable/GCC/ARM_CM3/port.c.obj
 *fill*         0x08006bd8        0x8 
 .text.SVC_Handler
                0x08006be0       0x28 cmake/stm32cubemx/CMakeFiles/FreeRTOS.dir/__/__/Middlewares/Third_Party/FreeRTOS/Source/portable/GCC/ARM_CM3/port.c.obj
                0x08006be0                SVC_Handler
 .text.prvPortStartFirstTask
                0x08006c08       0x20 cmake/stm32cubemx/CMakeFiles/FreeRTOS.dir/__/__/Middlewares/Third_Party/FreeRTOS/Source/portable/GCC/ARM_CM3/port.c.obj
 .text.xPortStartScheduler
                0x08006c28       0xe4 cmake/stm32cubemx/CMakeFiles/FreeRTOS.dir/__/__/Middlewares/Third_Party/FreeRTOS/Source/portable/GCC/ARM_CM3/port.c.obj
                0x08006c28                xPortStartScheduler
 .text.vPortEnterCritical
                0x08006d0c       0x60 cmake/stm32cubemx/CMakeFiles/FreeRTOS.dir/__/__/Middlewares/Third_Party/FreeRTOS/Source/portable/GCC/ARM_CM3/port.c.obj
                0x08006d0c                vPortEnterCritical
 .text.vPortExitCritical
                0x08006d6c       0x54 cmake/stm32cubemx/CMakeFiles/FreeRTOS.dir/__/__/Middlewares/Third_Party/FreeRTOS/Source/portable/GCC/ARM_CM3/port.c.obj
                0x08006d6c                vPortExitCritical
 .text.PendSV_Handler
                0x08006dc0       0x48 cmake/stm32cubemx/CMakeFiles/FreeRTOS.dir/__/__/Middlewares/Third_Party/FreeRTOS/Source/portable/GCC/ARM_CM3/port.c.obj
                0x08006dc0                PendSV_Handler
 .text.SysTick_Handler
                0x08006e08       0x44 cmake/stm32cubemx/CMakeFiles/FreeRTOS.dir/__/__/Middlewares/Third_Party/FreeRTOS/Source/portable/GCC/ARM_CM3/port.c.obj
                0x08006e08                SysTick_Handler
 .text.vPortSetupTimerInterrupt
                0x08006e4c       0x44 cmake/stm32cubemx/CMakeFiles/FreeRTOS.dir/__/__/Middlewares/Third_Party/FreeRTOS/Source/portable/GCC/ARM_CM3/port.c.obj
                0x08006e4c                vPortSetupTimerInterrupt
 .text.vPortValidateInterruptPriority
                0x08006e90       0x80 cmake/stm32cubemx/CMakeFiles/FreeRTOS.dir/__/__/Middlewares/Third_Party/FreeRTOS/Source/portable/GCC/ARM_CM3/port.c.obj
                0x08006e90                vPortValidateInterruptPriority
 .text.main     0x08006f10       0x40 CMakeFiles/sequencer_1.1.dir/Core/Src/main.c.obj
                0x08006f10                main
 .text.SystemClock_Config
                0x08006f50       0xbe CMakeFiles/sequencer_1.1.dir/Core/Src/main.c.obj
                0x08006f50                SystemClock_Config
 *fill*         0x0800700e        0x2 
 .text.HAL_TIM_PeriodElapsedCallback
                0x08007010      0x338 CMakeFiles/sequencer_1.1.dir/Core/Src/main.c.obj
                0x08007010                HAL_TIM_PeriodElapsedCallback
 .text.Error_Handler
                0x08007348        0xc CMakeFiles/sequencer_1.1.dir/Core/Src/main.c.obj
                0x08007348                Error_Handler
 .text.MX_GPIO_Init
                0x08007354      0x1d8 CMakeFiles/sequencer_1.1.dir/Core/Src/gpio.c.obj
                0x08007354                MX_GPIO_Init
 .text.vApplicationGetIdleTaskMemory
                0x0800752c       0x30 CMakeFiles/sequencer_1.1.dir/Core/Src/freertos.c.obj
                0x0800752c                vApplicationGetIdleTaskMemory
 .text.MX_FREERTOS_Init
                0x0800755c       0x58 CMakeFiles/sequencer_1.1.dir/Core/Src/freertos.c.obj
                0x0800755c                MX_FREERTOS_Init
 .text.StartDefaultTask
                0x080075b4        0xc CMakeFiles/sequencer_1.1.dir/Core/Src/freertos.c.obj
                0x080075b4                StartDefaultTask
 .text.MX_ADC1_Init
                0x080075c0       0xb8 CMakeFiles/sequencer_1.1.dir/Core/Src/adc.c.obj
                0x080075c0                MX_ADC1_Init
 .text.HAL_ADC_MspInit
                0x08007678       0xd0 CMakeFiles/sequencer_1.1.dir/Core/Src/adc.c.obj
                0x08007678                HAL_ADC_MspInit
 .text.MX_DMA_Init
                0x08007748       0x3c CMakeFiles/sequencer_1.1.dir/Core/Src/dma.c.obj
                0x08007748                MX_DMA_Init
 .text.MX_I2C1_Init
                0x08007784       0x5c CMakeFiles/sequencer_1.1.dir/Core/Src/i2c.c.obj
                0x08007784                MX_I2C1_Init
 .text.HAL_I2C_MspInit
                0x080077e0       0x7c CMakeFiles/sequencer_1.1.dir/Core/Src/i2c.c.obj
                0x080077e0                HAL_I2C_MspInit
 .text.MX_TIM1_Init
                0x0800785c       0xa0 CMakeFiles/sequencer_1.1.dir/Core/Src/tim.c.obj
                0x0800785c                MX_TIM1_Init
 .text.MX_TIM2_Init
                0x080078fc       0x98 CMakeFiles/sequencer_1.1.dir/Core/Src/tim.c.obj
                0x080078fc                MX_TIM2_Init
 .text.MX_TIM3_Init
                0x08007994       0x98 CMakeFiles/sequencer_1.1.dir/Core/Src/tim.c.obj
                0x08007994                MX_TIM3_Init
 .text.HAL_TIM_Base_MspInit
                0x08007a2c       0xa8 CMakeFiles/sequencer_1.1.dir/Core/Src/tim.c.obj
                0x08007a2c                HAL_TIM_Base_MspInit
 .text.MX_USART1_UART_Init
                0x08007ad4       0x54 CMakeFiles/sequencer_1.1.dir/Core/Src/usart.c.obj
                0x08007ad4                MX_USART1_UART_Init
 .text.HAL_UART_MspInit
                0x08007b28       0xa8 CMakeFiles/sequencer_1.1.dir/Core/Src/usart.c.obj
                0x08007b28                HAL_UART_MspInit
 .text.MX_USB_PCD_Init
                0x08007bd0       0x44 CMakeFiles/sequencer_1.1.dir/Core/Src/usb.c.obj
                0x08007bd0                MX_USB_PCD_Init
 .text.HAL_PCD_MspInit
                0x08007c14       0x3c CMakeFiles/sequencer_1.1.dir/Core/Src/usb.c.obj
                0x08007c14                HAL_PCD_MspInit
 .text.NMI_Handler
                0x08007c50        0x8 CMakeFiles/sequencer_1.1.dir/Core/Src/stm32f1xx_it.c.obj
                0x08007c50                NMI_Handler
 .text.HardFault_Handler
                0x08007c58        0x8 CMakeFiles/sequencer_1.1.dir/Core/Src/stm32f1xx_it.c.obj
                0x08007c58                HardFault_Handler
 .text.MemManage_Handler
                0x08007c60        0x8 CMakeFiles/sequencer_1.1.dir/Core/Src/stm32f1xx_it.c.obj
                0x08007c60                MemManage_Handler
 .text.BusFault_Handler
                0x08007c68        0x8 CMakeFiles/sequencer_1.1.dir/Core/Src/stm32f1xx_it.c.obj
                0x08007c68                BusFault_Handler
 .text.UsageFault_Handler
                0x08007c70        0x8 CMakeFiles/sequencer_1.1.dir/Core/Src/stm32f1xx_it.c.obj
                0x08007c70                UsageFault_Handler
 .text.DebugMon_Handler
                0x08007c78        0xc CMakeFiles/sequencer_1.1.dir/Core/Src/stm32f1xx_it.c.obj
                0x08007c78                DebugMon_Handler
 .text.DMA1_Channel1_IRQHandler
                0x08007c84       0x14 CMakeFiles/sequencer_1.1.dir/Core/Src/stm32f1xx_it.c.obj
                0x08007c84                DMA1_Channel1_IRQHandler
 .text.EXTI9_5_IRQHandler
                0x08007c98       0x18 CMakeFiles/sequencer_1.1.dir/Core/Src/stm32f1xx_it.c.obj
                0x08007c98                EXTI9_5_IRQHandler
 .text.TIM1_UP_IRQHandler
                0x08007cb0       0x14 CMakeFiles/sequencer_1.1.dir/Core/Src/stm32f1xx_it.c.obj
                0x08007cb0                TIM1_UP_IRQHandler
 .text.TIM3_IRQHandler
                0x08007cc4       0x14 CMakeFiles/sequencer_1.1.dir/Core/Src/stm32f1xx_it.c.obj
                0x08007cc4                TIM3_IRQHandler
 .text.USART1_IRQHandler
                0x08007cd8       0x14 CMakeFiles/sequencer_1.1.dir/Core/Src/stm32f1xx_it.c.obj
                0x08007cd8                USART1_IRQHandler
 .text.TIM7_IRQHandler
                0x08007cec       0x14 CMakeFiles/sequencer_1.1.dir/Core/Src/stm32f1xx_it.c.obj
                0x08007cec                TIM7_IRQHandler
 .text.HAL_MspInit
                0x08007d00       0x70 CMakeFiles/sequencer_1.1.dir/Core/Src/stm32f1xx_hal_msp.c.obj
                0x08007d00                HAL_MspInit
 .text.HAL_InitTick
                0x08007d70       0xfc CMakeFiles/sequencer_1.1.dir/Core/Src/stm32f1xx_hal_timebase_tim.c.obj
                0x08007d70                HAL_InitTick
 .text.Reset_Handler
                0x08007e6c       0x48 CMakeFiles/sequencer_1.1.dir/startup_stm32f103xe.s.obj
                0x08007e6c                Reset_Handler
 .text.Default_Handler
                0x08007eb4        0x2 CMakeFiles/sequencer_1.1.dir/startup_stm32f103xe.s.obj
                0x08007eb4                RTC_Alarm_IRQHandler
                0x08007eb4                EXTI2_IRQHandler
                0x08007eb4                TIM8_TRG_COM_IRQHandler
                0x08007eb4                TIM8_CC_IRQHandler
                0x08007eb4                TIM1_CC_IRQHandler
                0x08007eb4                TIM6_IRQHandler
                0x08007eb4                PVD_IRQHandler
                0x08007eb4                SDIO_IRQHandler
                0x08007eb4                EXTI3_IRQHandler
                0x08007eb4                EXTI0_IRQHandler
                0x08007eb4                I2C2_EV_IRQHandler
                0x08007eb4                ADC1_2_IRQHandler
                0x08007eb4                SPI1_IRQHandler
                0x08007eb4                TAMPER_IRQHandler
                0x08007eb4                TIM8_UP_IRQHandler
                0x08007eb4                DMA2_Channel2_IRQHandler
                0x08007eb4                DMA1_Channel4_IRQHandler
                0x08007eb4                USART3_IRQHandler
                0x08007eb4                RTC_IRQHandler
                0x08007eb4                DMA1_Channel7_IRQHandler
                0x08007eb4                CAN1_RX1_IRQHandler
                0x08007eb4                UART5_IRQHandler
                0x08007eb4                ADC3_IRQHandler
                0x08007eb4                TIM4_IRQHandler
                0x08007eb4                DMA2_Channel1_IRQHandler
                0x08007eb4                I2C1_EV_IRQHandler
                0x08007eb4                DMA1_Channel6_IRQHandler
                0x08007eb4                UART4_IRQHandler
                0x08007eb4                RCC_IRQHandler
                0x08007eb4                TIM1_TRG_COM_IRQHandler
                0x08007eb4                Default_Handler
                0x08007eb4                EXTI15_10_IRQHandler
                0x08007eb4                TIM5_IRQHandler
                0x08007eb4                SPI2_IRQHandler
                0x08007eb4                DMA1_Channel5_IRQHandler
                0x08007eb4                EXTI4_IRQHandler
                0x08007eb4                USB_LP_CAN1_RX0_IRQHandler
                0x08007eb4                USB_HP_CAN1_TX_IRQHandler
                0x08007eb4                DMA1_Channel3_IRQHandler
                0x08007eb4                FSMC_IRQHandler
                0x08007eb4                WWDG_IRQHandler
                0x08007eb4                TIM2_IRQHandler
                0x08007eb4                TIM1_BRK_IRQHandler
                0x08007eb4                EXTI1_IRQHandler
                0x08007eb4                DMA2_Channel4_5_IRQHandler
                0x08007eb4                USART2_IRQHandler
                0x08007eb4                I2C2_ER_IRQHandler
                0x08007eb4                DMA1_Channel2_IRQHandler
                0x08007eb4                TIM8_BRK_IRQHandler
                0x08007eb4                CAN1_SCE_IRQHandler
                0x08007eb4                FLASH_IRQHandler
                0x08007eb4                SPI3_IRQHandler
                0x08007eb4                I2C1_ER_IRQHandler
                0x08007eb4                USBWakeUp_IRQHandler
                0x08007eb4                DMA2_Channel3_IRQHandler
 *fill*         0x08007eb6        0x2 
 .text.LED_Set  0x08007eb8      0x184 CMakeFiles/sequencer_1.1.dir/App/Src/led.c.obj
                0x08007eb8                LED_Set
 .text.LED_ClearAll
                0x0800803c       0x84 CMakeFiles/sequencer_1.1.dir/App/Src/led.c.obj
                0x0800803c                LED_ClearAll
 .text.LED_AnimationWelcome
                0x080080c0       0xa4 CMakeFiles/sequencer_1.1.dir/App/Src/led.c.obj
                0x080080c0                LED_AnimationWelcome
 .text.DelayFuncUs
                0x08008164       0x50 CMakeFiles/sequencer_1.1.dir/App/Src/misc.c.obj
                0x08008164                DelayFuncUs
 .text.CalculateSyncTimestamps
                0x080081b4       0x68 CMakeFiles/sequencer_1.1.dir/App/Src/misc.c.obj
                0x080081b4                CalculateSyncTimestamps
 .text.HAL_UART_RxCpltCallback
                0x0800821c       0x12 CMakeFiles/sequencer_1.1.dir/App/Src/interrupt.c.obj
                0x0800821c                HAL_UART_RxCpltCallback
 *fill*         0x0800822e        0x2 
 .text.HAL_GPIO_EXTI_Callback
                0x08008230      0x114 CMakeFiles/sequencer_1.1.dir/App/Src/interrupt.c.obj
                0x08008230                HAL_GPIO_EXTI_Callback
 .text.MIDI_SendNoteOn
                0x08008344       0x6c CMakeFiles/sequencer_1.1.dir/App/Src/midi.c.obj
                0x08008344                MIDI_SendNoteOn
 .text.MIDI_SendAllNotesOff
                0x080083b0       0x48 CMakeFiles/sequencer_1.1.dir/App/Src/midi.c.obj
                0x080083b0                MIDI_SendAllNotesOff
 .text.CalculateStepTime
                0x080083f8       0x38 CMakeFiles/sequencer_1.1.dir/App/Src/tasks.c.obj
 .text.CalculateSyncEventsPerStep
                0x08008430       0x1e CMakeFiles/sequencer_1.1.dir/App/Src/tasks.c.obj
 *fill*         0x0800844e        0x2 
 .text.CalculateGateTime
                0x08008450       0x34 CMakeFiles/sequencer_1.1.dir/App/Src/tasks.c.obj
 .text.InitApp  0x08008484      0x67c CMakeFiles/sequencer_1.1.dir/App/Src/tasks.c.obj
                0x08008484                InitApp
 .text.LedUpdateTask
                0x08008b00      0x69c CMakeFiles/sequencer_1.1.dir/App/Src/tasks.c.obj
                0x08008b00                LedUpdateTask
 .text.DispUpdateTask
                0x0800919c       0x74 CMakeFiles/sequencer_1.1.dir/App/Src/tasks.c.obj
                0x0800919c                DispUpdateTask
 .text.PotUpdateTask
                0x08009210      0x2b0 CMakeFiles/sequencer_1.1.dir/App/Src/tasks.c.obj
                0x08009210                PotUpdateTask
 .text.ButtonReadTask
                0x080094c0      0x1c4 CMakeFiles/sequencer_1.1.dir/App/Src/tasks.c.obj
                0x080094c0                ButtonReadTask
 .text.MainTask
                0x08009684      0x56c CMakeFiles/sequencer_1.1.dir/App/Src/tasks.c.obj
                0x08009684                MainTask
 .text.MenuReset
                0x08009bf0       0x28 CMakeFiles/sequencer_1.1.dir/App/Src/tasks.c.obj
 .text.IncrementBPM
                0x08009c18      0x128 CMakeFiles/sequencer_1.1.dir/App/Src/tasks.c.obj
 .text.DecrementBPM
                0x08009d40      0x114 CMakeFiles/sequencer_1.1.dir/App/Src/tasks.c.obj
 .text.Step     0x08009e54      0x10c CMakeFiles/sequencer_1.1.dir/App/Src/tasks.c.obj
 .text.SendNoteONs
                0x08009f60       0x8e CMakeFiles/sequencer_1.1.dir/App/Src/tasks.c.obj
 .text.SendNoteOFFs
                0x08009fee       0x68 CMakeFiles/sequencer_1.1.dir/App/Src/tasks.c.obj
 .text.ResetSequencer
                0x0800a056       0x72 CMakeFiles/sequencer_1.1.dir/App/Src/tasks.c.obj
 .text.ButtonActivate
                0x0800a0c8      0xecc CMakeFiles/sequencer_1.1.dir/App/Src/tasks.c.obj
 .text.UART_Buf_AddToQueue
                0x0800af94       0xa0 CMakeFiles/sequencer_1.1.dir/App/Src/uart_buffer.c.obj
                0x0800af94                UART_Buf_AddToQueue
 .text.UART_Buf_IsEmpty
                0x0800b034       0x24 CMakeFiles/sequencer_1.1.dir/App/Src/uart_buffer.c.obj
                0x0800b034                UART_Buf_IsEmpty
 .text.UART_Buf_Send
                0x0800b058       0x6c CMakeFiles/sequencer_1.1.dir/App/Src/uart_buffer.c.obj
                0x0800b058                UART_Buf_Send
 .text.HAL_UART_TxCpltCallback
                0x0800b0c4       0x7c CMakeFiles/sequencer_1.1.dir/App/Src/uart_buffer.c.obj
                0x0800b0c4                HAL_UART_TxCpltCallback
 .text.tm1637_SetUsDelayFunction
                0x0800b140       0x1c CMakeFiles/sequencer_1.1.dir/Drivers/TM1637/tm1637.c.obj
                0x0800b140                tm1637_SetUsDelayFunction
 .text.tm1637_ConvertDecimalToData
                0x0800b15c       0x8c CMakeFiles/sequencer_1.1.dir/Drivers/TM1637/tm1637.c.obj
 .text.tm1637_ConvertCharToData
                0x0800b1e8      0x278 CMakeFiles/sequencer_1.1.dir/Drivers/TM1637/tm1637.c.obj
 .text.tm1637_SetNumber
                0x0800b460      0x174 CMakeFiles/sequencer_1.1.dir/Drivers/TM1637/tm1637.c.obj
                0x0800b460                tm1637_SetNumber
 .text.tm1637_SetWord
                0x0800b5d4       0x8c CMakeFiles/sequencer_1.1.dir/Drivers/TM1637/tm1637.c.obj
                0x0800b5d4                tm1637_SetWord
 .text.tm1637_SetDefault
                0x0800b660       0x20 CMakeFiles/sequencer_1.1.dir/Drivers/TM1637/tm1637.c.obj
                0x0800b660                tm1637_SetDefault
 .text.tm1637_SetData
                0x0800b680       0xaa CMakeFiles/sequencer_1.1.dir/Drivers/TM1637/tm1637.c.obj
 *fill*         0x0800b72a        0x2 
 .text.tm1637_CLKhigh
                0x0800b72c       0x18 CMakeFiles/sequencer_1.1.dir/Drivers/TM1637/tm1637.c.obj
 .text.tm1637_CLKlow
                0x0800b744       0x18 CMakeFiles/sequencer_1.1.dir/Drivers/TM1637/tm1637.c.obj
 .text.tm1637_DIOhigh
                0x0800b75c       0x18 CMakeFiles/sequencer_1.1.dir/Drivers/TM1637/tm1637.c.obj
 .text.tm1637_DIOlow
                0x0800b774       0x18 CMakeFiles/sequencer_1.1.dir/Drivers/TM1637/tm1637.c.obj
 .text.tm1637_WaitForACK
                0x0800b78c       0x54 CMakeFiles/sequencer_1.1.dir/Drivers/TM1637/tm1637.c.obj
 .text.tm1637_StartPacket
                0x0800b7e0       0x3c CMakeFiles/sequencer_1.1.dir/Drivers/TM1637/tm1637.c.obj
 .text.tm1637_StopPacket
                0x0800b81c       0x1c CMakeFiles/sequencer_1.1.dir/Drivers/TM1637/tm1637.c.obj
 .text.tm1637_ReinitDIO
                0x0800b838       0x5c CMakeFiles/sequencer_1.1.dir/Drivers/TM1637/tm1637.c.obj
 .text.tm1637_SendPacket
                0x0800b894       0x60 CMakeFiles/sequencer_1.1.dir/Drivers/TM1637/tm1637.c.obj
 .text.memset   0x0800b8f4       0x10 F:/Program Files/ST/STM32CubeCLT_1.18.0/GNU-tools-for-STM32/bin/../lib/gcc/arm-none-eabi/13.3.1/../../../../arm-none-eabi/lib/thumb/v7-m/nofp\libg_nano.a(libc_a-memset.o)
                0x0800b8f4                memset
 .text.__libc_init_array
                0x0800b904       0x48 F:/Program Files/ST/STM32CubeCLT_1.18.0/GNU-tools-for-STM32/bin/../lib/gcc/arm-none-eabi/13.3.1/../../../../arm-none-eabi/lib/thumb/v7-m/nofp\libg_nano.a(libc_a-init.o)
                0x0800b904                __libc_init_array
 .text.memcpy   0x0800b94c       0x1c F:/Program Files/ST/STM32CubeCLT_1.18.0/GNU-tools-for-STM32/bin/../lib/gcc/arm-none-eabi/13.3.1/../../../../arm-none-eabi/lib/thumb/v7-m/nofp\libg_nano.a(libc_a-memcpy-stub.o)
                0x0800b94c                memcpy
 *(.glue_7)
 .glue_7        0x0800b968        0x0 linker stubs
 *(.glue_7t)
 .glue_7t       0x0800b968        0x0 linker stubs
 *(.eh_frame)
 .eh_frame      0x0800b968        0x0 F:/Program Files/ST/STM32CubeCLT_1.18.0/GNU-tools-for-STM32/bin/../lib/gcc/arm-none-eabi/13.3.1/thumb/v7-m/nofp/crtbegin.o
 *(.init)
 .init          0x0800b968        0x4 F:/Program Files/ST/STM32CubeCLT_1.18.0/GNU-tools-for-STM32/bin/../lib/gcc/arm-none-eabi/13.3.1/thumb/v7-m/nofp/crti.o
                0x0800b968                _init
 .init          0x0800b96c        0x8 F:/Program Files/ST/STM32CubeCLT_1.18.0/GNU-tools-for-STM32/bin/../lib/gcc/arm-none-eabi/13.3.1/thumb/v7-m/nofp/crtn.o
 *(.fini)
 .fini          0x0800b974        0x4 F:/Program Files/ST/STM32CubeCLT_1.18.0/GNU-tools-for-STM32/bin/../lib/gcc/arm-none-eabi/13.3.1/thumb/v7-m/nofp/crti.o
                0x0800b974                _fini
 .fini          0x0800b978        0x8 F:/Program Files/ST/STM32CubeCLT_1.18.0/GNU-tools-for-STM32/bin/../lib/gcc/arm-none-eabi/13.3.1/thumb/v7-m/nofp/crtn.o
                0x0800b980                        . = ALIGN (0x4)
                0x0800b980                        _etext = .

.vfp11_veneer   0x0800b980        0x0
 .vfp11_veneer  0x0800b980        0x0 linker stubs

.v4_bx          0x0800b980        0x0
 .v4_bx         0x0800b980        0x0 linker stubs

.iplt           0x0800b980        0x0
 .iplt          0x0800b980        0x0 F:/Program Files/ST/STM32CubeCLT_1.18.0/GNU-tools-for-STM32/bin/../lib/gcc/arm-none-eabi/13.3.1/thumb/v7-m/nofp/crtbegin.o

.rodata         0x0800b980      0x11c
                0x0800b980                        . = ALIGN (0x4)
 *(.rodata)
 .rodata        0x0800b980        0x5 cmake/stm32cubemx/CMakeFiles/FreeRTOS.dir/__/__/Middlewares/Third_Party/FreeRTOS/Source/tasks.c.obj
 *fill*         0x0800b985        0x3 
 .rodata        0x0800b988       0x28 CMakeFiles/sequencer_1.1.dir/Core/Src/freertos.c.obj
 .rodata        0x0800b9b0       0x5d CMakeFiles/sequencer_1.1.dir/App/Src/tasks.c.obj
 *(.rodata*)
 *fill*         0x0800ba0d        0x3 
 .rodata.AHBPrescTable
                0x0800ba10       0x10 cmake/stm32cubemx/CMakeFiles/STM32_Drivers.dir/__/__/Core/Src/system_stm32f1xx.c.obj
                0x0800ba10                AHBPrescTable
 .rodata.APBPrescTable
                0x0800ba20        0x8 cmake/stm32cubemx/CMakeFiles/STM32_Drivers.dir/__/__/Core/Src/system_stm32f1xx.c.obj
                0x0800ba20                APBPrescTable
 .rodata.aPLLMULFactorTable.1
                0x0800ba28       0x10 cmake/stm32cubemx/CMakeFiles/STM32_Drivers.dir/__/__/Drivers/STM32F1xx_HAL_Driver/Src/stm32f1xx_hal_rcc.c.obj
 .rodata.aPredivFactorTable.0
                0x0800ba38        0x2 cmake/stm32cubemx/CMakeFiles/STM32_Drivers.dir/__/__/Drivers/STM32F1xx_HAL_Driver/Src/stm32f1xx_hal_rcc.c.obj
 .rodata.midiClockMsg
                0x0800ba3a        0x1 CMakeFiles/sequencer_1.1.dir/Core/Src/main.c.obj
                0x0800ba3a                midiClockMsg
 *fill*         0x0800ba3b        0x1 
 .rodata.btnSelect
                0x0800ba3c       0x20 CMakeFiles/sequencer_1.1.dir/App/Src/tasks.c.obj
 .rodata.btnDetect
                0x0800ba5c       0x40 CMakeFiles/sequencer_1.1.dir/App/Src/tasks.c.obj
                0x0800ba9c                        . = ALIGN (0x4)

.ARM.extab      0x0800ba9c        0x0
                0x0800ba9c                        . = ALIGN (0x4)
 *(.ARM.extab* .gnu.linkonce.armextab.*)
                0x0800ba9c                        . = ALIGN (0x4)

.ARM            0x0800ba9c        0x0
                0x0800ba9c                        . = ALIGN (0x4)
                0x0800ba9c                        __exidx_start = .
 *(.ARM.exidx*)
                0x0800ba9c                        __exidx_end = .
                0x0800ba9c                        . = ALIGN (0x4)

.preinit_array  0x0800ba9c        0x0
                0x0800ba9c                        . = ALIGN (0x4)
                0x0800ba9c                        PROVIDE (__preinit_array_start = .)
 *(.preinit_array*)
                0x0800ba9c                        PROVIDE (__preinit_array_end = .)
                0x0800ba9c                        . = ALIGN (0x4)

.init_array     0x0800ba9c        0x4
                0x0800ba9c                        . = ALIGN (0x4)
                0x0800ba9c                        PROVIDE (__init_array_start = .)
 *(SORT_BY_NAME(.init_array.*))
 *(.init_array*)
 .init_array    0x0800ba9c        0x4 F:/Program Files/ST/STM32CubeCLT_1.18.0/GNU-tools-for-STM32/bin/../lib/gcc/arm-none-eabi/13.3.1/thumb/v7-m/nofp/crtbegin.o
                0x0800baa0                        PROVIDE (__init_array_end = .)
                0x0800baa0                        . = ALIGN (0x4)

.fini_array     0x0800baa0        0x4
                0x0800baa0                        . = ALIGN (0x4)
                [!provide]                        PROVIDE (__fini_array_start = .)
 *(SORT_BY_NAME(.fini_array.*))
 *(.fini_array*)
 .fini_array    0x0800baa0        0x4 F:/Program Files/ST/STM32CubeCLT_1.18.0/GNU-tools-for-STM32/bin/../lib/gcc/arm-none-eabi/13.3.1/thumb/v7-m/nofp/crtbegin.o
                [!provide]                        PROVIDE (__fini_array_end = .)
                0x0800baa4                        . = ALIGN (0x4)
                0x0800baa4                        _sidata = LOADADDR (.data)

.rel.dyn        0x0800baa4        0x0
 .rel.iplt      0x0800baa4        0x0 F:/Program Files/ST/STM32CubeCLT_1.18.0/GNU-tools-for-STM32/bin/../lib/gcc/arm-none-eabi/13.3.1/thumb/v7-m/nofp/crtbegin.o

.data           0x20000000       0x18 load address 0x0800baa4
                0x20000000                        . = ALIGN (0x4)
                0x20000000                        _sdata = .
 *(.data)
 *(.data*)
 .data.SystemCoreClock
                0x20000000        0x4 cmake/stm32cubemx/CMakeFiles/STM32_Drivers.dir/__/__/Core/Src/system_stm32f1xx.c.obj
                0x20000000                SystemCoreClock
 .data.uwTickPrio
                0x20000004        0x4 cmake/stm32cubemx/CMakeFiles/STM32_Drivers.dir/__/__/Drivers/STM32F1xx_HAL_Driver/Src/stm32f1xx_hal.c.obj
                0x20000004                uwTickPrio
 .data.uwTickFreq
                0x20000008        0x1 cmake/stm32cubemx/CMakeFiles/STM32_Drivers.dir/__/__/Drivers/STM32F1xx_HAL_Driver/Src/stm32f1xx_hal.c.obj
                0x20000008                uwTickFreq
 *fill*         0x20000009        0x3 
 .data.uxCriticalNesting
                0x2000000c        0x4 cmake/stm32cubemx/CMakeFiles/FreeRTOS.dir/__/__/Middlewares/Third_Party/FreeRTOS/Source/portable/GCC/ARM_CM3/port.c.obj
 .data.pinStateA
                0x20000010        0x1 CMakeFiles/sequencer_1.1.dir/App/Src/interrupt.c.obj
                0x20000010                pinStateA
 .data.pinStateB
                0x20000011        0x1 CMakeFiles/sequencer_1.1.dir/App/Src/interrupt.c.obj
                0x20000011                pinStateB
 .data.tempoBpm
                0x20000012        0x2 CMakeFiles/sequencer_1.1.dir/App/Src/tasks.c.obj
 .data.syncCntPrev.2
                0x20000014        0x4 CMakeFiles/sequencer_1.1.dir/App/Src/tasks.c.obj
 *(.RamFunc)
 *(.RamFunc*)
                0x20000018                        . = ALIGN (0x4)

.igot.plt       0x20000018        0x0 load address 0x0800babc
 .igot.plt      0x20000018        0x0 F:/Program Files/ST/STM32CubeCLT_1.18.0/GNU-tools-for-STM32/bin/../lib/gcc/arm-none-eabi/13.3.1/thumb/v7-m/nofp/crtbegin.o

.tdata          0x20000018        0x0 load address 0x0800babc
 *(.tdata .tdata.* .gnu.linkonce.td.*)
                0x20000018                        . = ALIGN (0x4)
                0x20000018                        _edata = .
                [!provide]                        PROVIDE (__data_end = .)
                [!provide]                        PROVIDE (__tdata_end = .)
                [!provide]                        PROVIDE (__tdata_start = ADDR (.tdata))
                [!provide]                        PROVIDE (__tdata_size = (__tdata_end - __tdata_start))
                [!provide]                        PROVIDE (__data_start = ADDR (.data))
                [!provide]                        PROVIDE (__data_size = (__data_end - __data_start))
                [!provide]                        PROVIDE (__tdata_source = LOADADDR (.tdata))
                [!provide]                        PROVIDE (__tdata_source_end = (LOADADDR (.tdata) + SIZEOF (.tdata)))
                [!provide]                        PROVIDE (__tdata_source_size = (__tdata_source_end - __tdata_source))
                [!provide]                        PROVIDE (__data_source = LOADADDR (.data))
                [!provide]                        PROVIDE (__data_source_end = __tdata_source_end)
                [!provide]                        PROVIDE (__data_source_size = (__data_source_end - __data_source))

.tbss           0x20000018        0x0 load address 0x0800babc
                0x20000018                        _sbss = .
                0x20000018                        __bss_start__ = _sbss
 *(.tbss .tbss.*)
                0x20000018                        . = ALIGN (0x4)
                [!provide]                        PROVIDE (__tbss_end = .)
                [!provide]                        PROVIDE (__tbss_start = ADDR (.tbss))
                [!provide]                        PROVIDE (__tbss_size = (__tbss_end - __tbss_start))
                [!provide]                        PROVIDE (__tbss_offset = (ADDR (.tbss) - ADDR (.tdata)))
                [!provide]                        PROVIDE (__tls_base = __tdata_start)
                [!provide]                        PROVIDE (__tls_end = __tbss_end)
                [!provide]                        PROVIDE (__tls_size = (__tls_end - __tls_base))
                [!provide]                        PROVIDE (__tls_align = MAX (ALIGNOF (.tdata), ALIGNOF (.tbss)))
                [!provide]                        PROVIDE (__tls_size_align = (((__tls_size + __tls_align) - 0x1) & ~ ((__tls_align - 0x1))))
                [!provide]                        PROVIDE (__arm32_tls_tcb_offset = MAX (0x8, __tls_align))
                [!provide]                        PROVIDE (__arm64_tls_tcb_offset = MAX (0x10, __tls_align))

.bss            0x20000018     0x98e4 load address 0x0800babc
 *(.bss)
 .bss           0x20000018       0x1c F:/Program Files/ST/STM32CubeCLT_1.18.0/GNU-tools-for-STM32/bin/../lib/gcc/arm-none-eabi/13.3.1/thumb/v7-m/nofp/crtbegin.o
 *(.bss*)
 .bss.uwTick    0x20000034        0x4 cmake/stm32cubemx/CMakeFiles/STM32_Drivers.dir/__/__/Drivers/STM32F1xx_HAL_Driver/Src/stm32f1xx_hal.c.obj
                0x20000034                uwTick
 .bss.pxCurrentTCB
                0x20000038        0x4 cmake/stm32cubemx/CMakeFiles/FreeRTOS.dir/__/__/Middlewares/Third_Party/FreeRTOS/Source/tasks.c.obj
                0x20000038                pxCurrentTCB
 .bss.pxReadyTasksLists
                0x2000003c       0x8c cmake/stm32cubemx/CMakeFiles/FreeRTOS.dir/__/__/Middlewares/Third_Party/FreeRTOS/Source/tasks.c.obj
 .bss.xDelayedTaskList1
                0x200000c8       0x14 cmake/stm32cubemx/CMakeFiles/FreeRTOS.dir/__/__/Middlewares/Third_Party/FreeRTOS/Source/tasks.c.obj
 .bss.xDelayedTaskList2
                0x200000dc       0x14 cmake/stm32cubemx/CMakeFiles/FreeRTOS.dir/__/__/Middlewares/Third_Party/FreeRTOS/Source/tasks.c.obj
 .bss.pxDelayedTaskList
                0x200000f0        0x4 cmake/stm32cubemx/CMakeFiles/FreeRTOS.dir/__/__/Middlewares/Third_Party/FreeRTOS/Source/tasks.c.obj
 .bss.pxOverflowDelayedTaskList
                0x200000f4        0x4 cmake/stm32cubemx/CMakeFiles/FreeRTOS.dir/__/__/Middlewares/Third_Party/FreeRTOS/Source/tasks.c.obj
 .bss.xPendingReadyList
                0x200000f8       0x14 cmake/stm32cubemx/CMakeFiles/FreeRTOS.dir/__/__/Middlewares/Third_Party/FreeRTOS/Source/tasks.c.obj
 .bss.xTasksWaitingTermination
                0x2000010c       0x14 cmake/stm32cubemx/CMakeFiles/FreeRTOS.dir/__/__/Middlewares/Third_Party/FreeRTOS/Source/tasks.c.obj
 .bss.uxDeletedTasksWaitingCleanUp
                0x20000120        0x4 cmake/stm32cubemx/CMakeFiles/FreeRTOS.dir/__/__/Middlewares/Third_Party/FreeRTOS/Source/tasks.c.obj
 .bss.xSuspendedTaskList
                0x20000124       0x14 cmake/stm32cubemx/CMakeFiles/FreeRTOS.dir/__/__/Middlewares/Third_Party/FreeRTOS/Source/tasks.c.obj
 .bss.uxCurrentNumberOfTasks
                0x20000138        0x4 cmake/stm32cubemx/CMakeFiles/FreeRTOS.dir/__/__/Middlewares/Third_Party/FreeRTOS/Source/tasks.c.obj
 .bss.xTickCount
                0x2000013c        0x4 cmake/stm32cubemx/CMakeFiles/FreeRTOS.dir/__/__/Middlewares/Third_Party/FreeRTOS/Source/tasks.c.obj
 .bss.uxTopReadyPriority
                0x20000140        0x4 cmake/stm32cubemx/CMakeFiles/FreeRTOS.dir/__/__/Middlewares/Third_Party/FreeRTOS/Source/tasks.c.obj
 .bss.xSchedulerRunning
                0x20000144        0x4 cmake/stm32cubemx/CMakeFiles/FreeRTOS.dir/__/__/Middlewares/Third_Party/FreeRTOS/Source/tasks.c.obj
 .bss.xPendedTicks
                0x20000148        0x4 cmake/stm32cubemx/CMakeFiles/FreeRTOS.dir/__/__/Middlewares/Third_Party/FreeRTOS/Source/tasks.c.obj
 .bss.xYieldPending
                0x2000014c        0x4 cmake/stm32cubemx/CMakeFiles/FreeRTOS.dir/__/__/Middlewares/Third_Party/FreeRTOS/Source/tasks.c.obj
 .bss.xNumOfOverflows
                0x20000150        0x4 cmake/stm32cubemx/CMakeFiles/FreeRTOS.dir/__/__/Middlewares/Third_Party/FreeRTOS/Source/tasks.c.obj
 .bss.uxTaskNumber
                0x20000154        0x4 cmake/stm32cubemx/CMakeFiles/FreeRTOS.dir/__/__/Middlewares/Third_Party/FreeRTOS/Source/tasks.c.obj
 .bss.xNextTaskUnblockTime
                0x20000158        0x4 cmake/stm32cubemx/CMakeFiles/FreeRTOS.dir/__/__/Middlewares/Third_Party/FreeRTOS/Source/tasks.c.obj
 .bss.xIdleTaskHandle
                0x2000015c        0x4 cmake/stm32cubemx/CMakeFiles/FreeRTOS.dir/__/__/Middlewares/Third_Party/FreeRTOS/Source/tasks.c.obj
 .bss.uxSchedulerSuspended
                0x20000160        0x4 cmake/stm32cubemx/CMakeFiles/FreeRTOS.dir/__/__/Middlewares/Third_Party/FreeRTOS/Source/tasks.c.obj
 .bss.ucHeap    0x20000164      0xc00 cmake/stm32cubemx/CMakeFiles/FreeRTOS.dir/__/__/Middlewares/Third_Party/FreeRTOS/Source/portable/MemMang/heap_4.c.obj
 .bss.xStart    0x20000d64        0x8 cmake/stm32cubemx/CMakeFiles/FreeRTOS.dir/__/__/Middlewares/Third_Party/FreeRTOS/Source/portable/MemMang/heap_4.c.obj
 .bss.pxEnd     0x20000d6c        0x4 cmake/stm32cubemx/CMakeFiles/FreeRTOS.dir/__/__/Middlewares/Third_Party/FreeRTOS/Source/portable/MemMang/heap_4.c.obj
 .bss.xFreeBytesRemaining
                0x20000d70        0x4 cmake/stm32cubemx/CMakeFiles/FreeRTOS.dir/__/__/Middlewares/Third_Party/FreeRTOS/Source/portable/MemMang/heap_4.c.obj
 .bss.xMinimumEverFreeBytesRemaining
                0x20000d74        0x4 cmake/stm32cubemx/CMakeFiles/FreeRTOS.dir/__/__/Middlewares/Third_Party/FreeRTOS/Source/portable/MemMang/heap_4.c.obj
 .bss.xNumberOfSuccessfulAllocations
                0x20000d78        0x4 cmake/stm32cubemx/CMakeFiles/FreeRTOS.dir/__/__/Middlewares/Third_Party/FreeRTOS/Source/portable/MemMang/heap_4.c.obj
 .bss.xNumberOfSuccessfulFrees
                0x20000d7c        0x4 cmake/stm32cubemx/CMakeFiles/FreeRTOS.dir/__/__/Middlewares/Third_Party/FreeRTOS/Source/portable/MemMang/heap_4.c.obj
 .bss.xBlockAllocatedBit
                0x20000d80        0x4 cmake/stm32cubemx/CMakeFiles/FreeRTOS.dir/__/__/Middlewares/Third_Party/FreeRTOS/Source/portable/MemMang/heap_4.c.obj
 .bss.ucMaxSysCallPriority
                0x20000d84        0x1 cmake/stm32cubemx/CMakeFiles/FreeRTOS.dir/__/__/Middlewares/Third_Party/FreeRTOS/Source/portable/GCC/ARM_CM3/port.c.obj
 *fill*         0x20000d85        0x3 
 .bss.ulMaxPRIGROUPValue
                0x20000d88        0x4 cmake/stm32cubemx/CMakeFiles/FreeRTOS.dir/__/__/Middlewares/Third_Party/FreeRTOS/Source/portable/GCC/ARM_CM3/port.c.obj
 .bss.rotA_cooldownMs
                0x20000d8c        0x1 CMakeFiles/sequencer_1.1.dir/Core/Src/main.c.obj
                0x20000d8c                rotA_cooldownMs
 .bss.rotB_cooldownMs
                0x20000d8d        0x1 CMakeFiles/sequencer_1.1.dir/Core/Src/main.c.obj
                0x20000d8d                rotB_cooldownMs
 .bss.tempoChangeCooldown
                0x20000d8e        0x1 CMakeFiles/sequencer_1.1.dir/Core/Src/main.c.obj
                0x20000d8e                tempoChangeCooldown
 *fill*         0x20000d8f        0x1 
 .bss.counter_100us
                0x20000d90        0x2 CMakeFiles/sequencer_1.1.dir/Core/Src/main.c.obj
                0x20000d90                counter_100us
 *fill*         0x20000d92        0x2 
 .bss.lastTimestamp
                0x20000d94        0x4 CMakeFiles/sequencer_1.1.dir/Core/Src/main.c.obj
                0x20000d94                lastTimestamp
 .bss.nextTimestamp
                0x20000d98        0x4 CMakeFiles/sequencer_1.1.dir/Core/Src/main.c.obj
                0x20000d98                nextTimestamp
 .bss.syncCnt   0x20000d9c        0x2 CMakeFiles/sequencer_1.1.dir/Core/Src/main.c.obj
                0x20000d9c                syncCnt
 *fill*         0x20000d9e        0x2 
 .bss.defaultTaskHandle
                0x20000da0        0x4 CMakeFiles/sequencer_1.1.dir/Core/Src/freertos.c.obj
                0x20000da0                defaultTaskHandle
 .bss.myBinarySem01Handle
                0x20000da4        0x4 CMakeFiles/sequencer_1.1.dir/Core/Src/freertos.c.obj
                0x20000da4                myBinarySem01Handle
 .bss.xIdleTaskTCBBuffer
                0x20000da8       0x54 CMakeFiles/sequencer_1.1.dir/Core/Src/freertos.c.obj
 .bss.xIdleStack
                0x20000dfc      0x200 CMakeFiles/sequencer_1.1.dir/Core/Src/freertos.c.obj
 .bss.hadc1     0x20000ffc       0x30 CMakeFiles/sequencer_1.1.dir/Core/Src/adc.c.obj
                0x20000ffc                hadc1
 .bss.hdma_adc1
                0x2000102c       0x44 CMakeFiles/sequencer_1.1.dir/Core/Src/adc.c.obj
                0x2000102c                hdma_adc1
 .bss.hi2c1     0x20001070       0x54 CMakeFiles/sequencer_1.1.dir/Core/Src/i2c.c.obj
                0x20001070                hi2c1
 .bss.htim1     0x200010c4       0x48 CMakeFiles/sequencer_1.1.dir/Core/Src/tim.c.obj
                0x200010c4                htim1
 .bss.htim2     0x2000110c       0x48 CMakeFiles/sequencer_1.1.dir/Core/Src/tim.c.obj
                0x2000110c                htim2
 .bss.htim3     0x20001154       0x48 CMakeFiles/sequencer_1.1.dir/Core/Src/tim.c.obj
                0x20001154                htim3
 .bss.huart1    0x2000119c       0x48 CMakeFiles/sequencer_1.1.dir/Core/Src/usart.c.obj
                0x2000119c                huart1
 .bss.hpcd_USB_FS
                0x200011e4      0x2d8 CMakeFiles/sequencer_1.1.dir/Core/Src/usb.c.obj
                0x200011e4                hpcd_USB_FS
 .bss.htim7     0x200014bc       0x48 CMakeFiles/sequencer_1.1.dir/Core/Src/stm32f1xx_hal_timebase_tim.c.obj
                0x200014bc                htim7
 .bss.potBuffer
                0x20001504        0xc CMakeFiles/sequencer_1.1.dir/App/Src/tasks.c.obj
 .bss.gatePercent
                0x20001510        0x1 CMakeFiles/sequencer_1.1.dir/App/Src/tasks.c.obj
 *fill*         0x20001511        0x3 
 .bss.seq       0x20001514     0x826c CMakeFiles/sequencer_1.1.dir/App/Src/tasks.c.obj
                0x20001514                seq
 .bss.seqActive
                0x20009780        0x4 CMakeFiles/sequencer_1.1.dir/App/Src/tasks.c.obj
 .bss.modeCurr  0x20009784        0x1 CMakeFiles/sequencer_1.1.dir/App/Src/tasks.c.obj
 *fill*         0x20009785        0x3 
 .bss.btnPressed
                0x20009788       0x20 CMakeFiles/sequencer_1.1.dir/App/Src/tasks.c.obj
 .bss.menu      0x200097a8       0x10 CMakeFiles/sequencer_1.1.dir/App/Src/tasks.c.obj
 .bss.globPlaying
                0x200097b8        0x1 CMakeFiles/sequencer_1.1.dir/App/Src/tasks.c.obj
                0x200097b8                globPlaying
 *fill*         0x200097b9        0x1 
 .bss.blinkCnt_ms
                0x200097ba        0x2 CMakeFiles/sequencer_1.1.dir/App/Src/tasks.c.obj
                0x200097ba                blinkCnt_ms
 .bss.blinkSyncCnt
                0x200097bc        0x2 CMakeFiles/sequencer_1.1.dir/App/Src/tasks.c.obj
                0x200097bc                blinkSyncCnt
 *fill*         0x200097be        0x2 
 .bss.syncTimestamps_100us
                0x200097c0       0x64 CMakeFiles/sequencer_1.1.dir/App/Src/tasks.c.obj
                0x200097c0                syncTimestamps_100us
 .bss.uartSem   0x20009824        0x4 CMakeFiles/sequencer_1.1.dir/App/Src/tasks.c.obj
                0x20009824                uartSem
 .bss.rsrcMutex
                0x20009828        0x4 CMakeFiles/sequencer_1.1.dir/App/Src/tasks.c.obj
                0x20009828                rsrcMutex
 .bss.globStopFlag
                0x2000982c        0x1 CMakeFiles/sequencer_1.1.dir/App/Src/tasks.c.obj
                0x2000982c                globStopFlag
 .bss.globStartFlag
                0x2000982d        0x1 CMakeFiles/sequencer_1.1.dir/App/Src/tasks.c.obj
                0x2000982d                globStartFlag
 .bss.bpmIncreased
                0x2000982e        0x1 CMakeFiles/sequencer_1.1.dir/App/Src/tasks.c.obj
                0x2000982e                bpmIncreased
 .bss.modeChanged
                0x2000982f        0x1 CMakeFiles/sequencer_1.1.dir/App/Src/tasks.c.obj
                0x2000982f                modeChanged
 .bss.iStepSel  0x20009830        0x1 CMakeFiles/sequencer_1.1.dir/App/Src/tasks.c.obj
 *fill*         0x20009831        0x3 
 .bss.mainTaskHandle
                0x20009834        0x4 CMakeFiles/sequencer_1.1.dir/App/Src/tasks.c.obj
                0x20009834                mainTaskHandle
 .bss.ledUpdateTaskHandle
                0x20009838        0x4 CMakeFiles/sequencer_1.1.dir/App/Src/tasks.c.obj
                0x20009838                ledUpdateTaskHandle
 .bss.dispUpdateTaskHandle
                0x2000983c        0x4 CMakeFiles/sequencer_1.1.dir/App/Src/tasks.c.obj
                0x2000983c                dispUpdateTaskHandle
 .bss.potUpdateTaskHandle
                0x20009840        0x4 CMakeFiles/sequencer_1.1.dir/App/Src/tasks.c.obj
                0x20009840                potUpdateTaskHandle
 .bss.buttonReadTaskHandle
                0x20009844        0x4 CMakeFiles/sequencer_1.1.dir/App/Src/tasks.c.obj
                0x20009844                buttonReadTaskHandle
 .bss.stepLEDsBlink.18
                0x20009848       0x10 CMakeFiles/sequencer_1.1.dir/App/Src/tasks.c.obj
 .bss.miscLEDsBlink.17
                0x20009858        0x6 CMakeFiles/sequencer_1.1.dir/App/Src/tasks.c.obj
 *fill*         0x2000985e        0x2 
 .bss.potLEDsBlink.16
                0x20009860        0x3 CMakeFiles/sequencer_1.1.dir/App/Src/tasks.c.obj
 *fill*         0x20009863        0x1 
 .bss.seqLEDsBlink.15
                0x20009864        0x4 CMakeFiles/sequencer_1.1.dir/App/Src/tasks.c.obj
 .bss.blinkSyncCntLoc.14
                0x20009868        0x2 CMakeFiles/sequencer_1.1.dir/App/Src/tasks.c.obj
 .bss.blinkCntLoc_ms.13
                0x2000986a        0x2 CMakeFiles/sequencer_1.1.dir/App/Src/tasks.c.obj
 .bss.notVal.12
                0x2000986c        0x4 CMakeFiles/sequencer_1.1.dir/App/Src/tasks.c.obj
 .bss.stepBlinkInProg.11
                0x20009870        0x1 CMakeFiles/sequencer_1.1.dir/App/Src/tasks.c.obj
 *fill*         0x20009871        0x1 
 .bss.blinkSyncCntPrev.10
                0x20009872        0x2 CMakeFiles/sequencer_1.1.dir/App/Src/tasks.c.obj
 .bss.potLEDs.9
                0x20009874        0x3 CMakeFiles/sequencer_1.1.dir/App/Src/tasks.c.obj
 *fill*         0x20009877        0x1 
 .bss.seqLEDs.8
                0x20009878        0x4 CMakeFiles/sequencer_1.1.dir/App/Src/tasks.c.obj
 .bss.miscLEDs.7
                0x2000987c        0x6 CMakeFiles/sequencer_1.1.dir/App/Src/tasks.c.obj
 *fill*         0x20009882        0x2 
 .bss.stepLEDs.6
                0x20009884       0x10 CMakeFiles/sequencer_1.1.dir/App/Src/tasks.c.obj
 .bss.syncCntLocal.4
                0x20009894        0x2 CMakeFiles/sequencer_1.1.dir/App/Src/tasks.c.obj
 *fill*         0x20009896        0x2 
 .bss.notVal.3  0x20009898        0x4 CMakeFiles/sequencer_1.1.dir/App/Src/tasks.c.obj
 .bss.allNotesOff.1
                0x2000989c        0x1 CMakeFiles/sequencer_1.1.dir/App/Src/tasks.c.obj
 .bss.allSeqOff.0
                0x2000989d        0x1 CMakeFiles/sequencer_1.1.dir/App/Src/tasks.c.obj
 *fill*         0x2000989e        0x2 
 .bss.midiRxBuffer
                0x200098a0        0x3 CMakeFiles/sequencer_1.1.dir/App/Src/globals.c.obj
                0x200098a0                midiRxBuffer
 *fill*         0x200098a3        0x1 
 .bss.buffer    0x200098a4       0x50 CMakeFiles/sequencer_1.1.dir/App/Src/uart_buffer.c.obj
 .bss.top       0x200098f4        0x1 CMakeFiles/sequencer_1.1.dir/App/Src/uart_buffer.c.obj
 .bss.btm       0x200098f5        0x1 CMakeFiles/sequencer_1.1.dir/App/Src/uart_buffer.c.obj
 .bss.num       0x200098f6        0x1 CMakeFiles/sequencer_1.1.dir/App/Src/uart_buffer.c.obj
 .bss.transferInProgress
                0x200098f7        0x1 CMakeFiles/sequencer_1.1.dir/App/Src/uart_buffer.c.obj
 .bss.DelayUs   0x200098f8        0x4 CMakeFiles/sequencer_1.1.dir/Drivers/TM1637/tm1637.c.obj
 *(COMMON)
                0x200098fc                        . = ALIGN (0x4)
                0x200098fc                        _ebss = .
                0x200098fc                        __bss_end__ = _ebss
                [!provide]                        PROVIDE (__bss_end = .)
                [!provide]                        PROVIDE (__non_tls_bss_start = ADDR (.bss))
                [!provide]                        PROVIDE (__bss_start = __tbss_start)
                [!provide]                        PROVIDE (__bss_size = (__bss_end - __bss_start))

._user_heap_stack
                0x200098fc      0x604 load address 0x0800babc
                0x20009900                        . = ALIGN (0x8)
 *fill*         0x200098fc        0x4 
                [!provide]                        PROVIDE (end = .)
                0x20009900                        PROVIDE (_end = .)
                0x20009b00                        . = (. + _Min_Heap_Size)
 *fill*         0x20009900      0x200 
                0x20009f00                        . = (. + _Min_Stack_Size)
 *fill*         0x20009b00      0x400 
                0x20009f00                        . = ALIGN (0x8)

/DISCARD/
 libc.a:*(*)
 libm.a:*(*)
 libgcc.a:*(*)
OUTPUT(sequencer_1.1.elf elf32-littlearm)
LOAD linker stubs

.ARM.attributes
                0x00000000       0x29
 .ARM.attributes
                0x00000000       0x1d F:/Program Files/ST/STM32CubeCLT_1.18.0/GNU-tools-for-STM32/bin/../lib/gcc/arm-none-eabi/13.3.1/thumb/v7-m/nofp/crti.o
 .ARM.attributes
                0x0000001d       0x2d F:/Program Files/ST/STM32CubeCLT_1.18.0/GNU-tools-for-STM32/bin/../lib/gcc/arm-none-eabi/13.3.1/thumb/v7-m/nofp/crtbegin.o
 .ARM.attributes
                0x0000004a       0x2d cmake/stm32cubemx/CMakeFiles/STM32_Drivers.dir/__/__/Core/Src/system_stm32f1xx.c.obj
 .ARM.attributes
                0x00000077       0x2d cmake/stm32cubemx/CMakeFiles/STM32_Drivers.dir/__/__/Drivers/STM32F1xx_HAL_Driver/Src/stm32f1xx_hal_tim.c.obj
 .ARM.attributes
                0x000000a4       0x2d cmake/stm32cubemx/CMakeFiles/STM32_Drivers.dir/__/__/Drivers/STM32F1xx_HAL_Driver/Src/stm32f1xx_hal_tim_ex.c.obj
 .ARM.attributes
                0x000000d1       0x2d cmake/stm32cubemx/CMakeFiles/STM32_Drivers.dir/__/__/Drivers/STM32F1xx_HAL_Driver/Src/stm32f1xx_hal_adc.c.obj
 .ARM.attributes
                0x000000fe       0x2d cmake/stm32cubemx/CMakeFiles/STM32_Drivers.dir/__/__/Drivers/STM32F1xx_HAL_Driver/Src/stm32f1xx_hal.c.obj
 .ARM.attributes
                0x0000012b       0x2d cmake/stm32cubemx/CMakeFiles/STM32_Drivers.dir/__/__/Drivers/STM32F1xx_HAL_Driver/Src/stm32f1xx_hal_rcc.c.obj
 .ARM.attributes
                0x00000158       0x2d cmake/stm32cubemx/CMakeFiles/STM32_Drivers.dir/__/__/Drivers/STM32F1xx_HAL_Driver/Src/stm32f1xx_hal_rcc_ex.c.obj
 .ARM.attributes
                0x00000185       0x2d cmake/stm32cubemx/CMakeFiles/STM32_Drivers.dir/__/__/Drivers/STM32F1xx_HAL_Driver/Src/stm32f1xx_hal_gpio.c.obj
 .ARM.attributes
                0x000001b2       0x2d cmake/stm32cubemx/CMakeFiles/STM32_Drivers.dir/__/__/Drivers/STM32F1xx_HAL_Driver/Src/stm32f1xx_hal_dma.c.obj
 .ARM.attributes
                0x000001df       0x2d cmake/stm32cubemx/CMakeFiles/STM32_Drivers.dir/__/__/Drivers/STM32F1xx_HAL_Driver/Src/stm32f1xx_hal_cortex.c.obj
 .ARM.attributes
                0x0000020c       0x2d cmake/stm32cubemx/CMakeFiles/STM32_Drivers.dir/__/__/Drivers/STM32F1xx_HAL_Driver/Src/stm32f1xx_hal_i2c.c.obj
 .ARM.attributes
                0x00000239       0x2d cmake/stm32cubemx/CMakeFiles/STM32_Drivers.dir/__/__/Drivers/STM32F1xx_HAL_Driver/Src/stm32f1xx_hal_uart.c.obj
 .ARM.attributes
                0x00000266       0x2d cmake/stm32cubemx/CMakeFiles/STM32_Drivers.dir/__/__/Drivers/STM32F1xx_HAL_Driver/Src/stm32f1xx_hal_pcd.c.obj
 .ARM.attributes
                0x00000293       0x2d cmake/stm32cubemx/CMakeFiles/STM32_Drivers.dir/__/__/Drivers/STM32F1xx_HAL_Driver/Src/stm32f1xx_ll_usb.c.obj
 .ARM.attributes
                0x000002c0       0x2d cmake/stm32cubemx/CMakeFiles/FreeRTOS.dir/__/__/Middlewares/Third_Party/FreeRTOS/Source/list.c.obj
 .ARM.attributes
                0x000002ed       0x2d cmake/stm32cubemx/CMakeFiles/FreeRTOS.dir/__/__/Middlewares/Third_Party/FreeRTOS/Source/queue.c.obj
 .ARM.attributes
                0x0000031a       0x2d cmake/stm32cubemx/CMakeFiles/FreeRTOS.dir/__/__/Middlewares/Third_Party/FreeRTOS/Source/tasks.c.obj
 .ARM.attributes
                0x00000347       0x2d cmake/stm32cubemx/CMakeFiles/FreeRTOS.dir/__/__/Middlewares/Third_Party/FreeRTOS/Source/CMSIS_RTOS/cmsis_os.c.obj
 .ARM.attributes
                0x00000374       0x2d cmake/stm32cubemx/CMakeFiles/FreeRTOS.dir/__/__/Middlewares/Third_Party/FreeRTOS/Source/portable/MemMang/heap_4.c.obj
 .ARM.attributes
                0x000003a1       0x2d cmake/stm32cubemx/CMakeFiles/FreeRTOS.dir/__/__/Middlewares/Third_Party/FreeRTOS/Source/portable/GCC/ARM_CM3/port.c.obj
 .ARM.attributes
                0x000003ce       0x2d CMakeFiles/sequencer_1.1.dir/Core/Src/main.c.obj
 .ARM.attributes
                0x000003fb       0x2d CMakeFiles/sequencer_1.1.dir/Core/Src/gpio.c.obj
 .ARM.attributes
                0x00000428       0x2d CMakeFiles/sequencer_1.1.dir/Core/Src/freertos.c.obj
 .ARM.attributes
                0x00000455       0x2d CMakeFiles/sequencer_1.1.dir/Core/Src/adc.c.obj
 .ARM.attributes
                0x00000482       0x2d CMakeFiles/sequencer_1.1.dir/Core/Src/dma.c.obj
 .ARM.attributes
                0x000004af       0x2d CMakeFiles/sequencer_1.1.dir/Core/Src/i2c.c.obj
 .ARM.attributes
                0x000004dc       0x2d CMakeFiles/sequencer_1.1.dir/Core/Src/tim.c.obj
 .ARM.attributes
                0x00000509       0x2d CMakeFiles/sequencer_1.1.dir/Core/Src/usart.c.obj
 .ARM.attributes
                0x00000536       0x2d CMakeFiles/sequencer_1.1.dir/Core/Src/usb.c.obj
 .ARM.attributes
                0x00000563       0x2d CMakeFiles/sequencer_1.1.dir/Core/Src/stm32f1xx_it.c.obj
 .ARM.attributes
                0x00000590       0x2d CMakeFiles/sequencer_1.1.dir/Core/Src/stm32f1xx_hal_msp.c.obj
 .ARM.attributes
                0x000005bd       0x2d CMakeFiles/sequencer_1.1.dir/Core/Src/stm32f1xx_hal_timebase_tim.c.obj
 .ARM.attributes
                0x000005ea       0x21 CMakeFiles/sequencer_1.1.dir/startup_stm32f103xe.s.obj
 .ARM.attributes
                0x0000060b       0x2d CMakeFiles/sequencer_1.1.dir/App/Src/led.c.obj
 .ARM.attributes
                0x00000638       0x2d CMakeFiles/sequencer_1.1.dir/App/Src/misc.c.obj
 .ARM.attributes
                0x00000665       0x2d CMakeFiles/sequencer_1.1.dir/App/Src/interrupt.c.obj
 .ARM.attributes
                0x00000692       0x2d CMakeFiles/sequencer_1.1.dir/App/Src/midi.c.obj
 .ARM.attributes
                0x000006bf       0x2d CMakeFiles/sequencer_1.1.dir/App/Src/tasks.c.obj
 .ARM.attributes
                0x000006ec       0x2d CMakeFiles/sequencer_1.1.dir/App/Src/globals.c.obj
 .ARM.attributes
                0x00000719       0x2d CMakeFiles/sequencer_1.1.dir/App/Src/uart_buffer.c.obj
 .ARM.attributes
                0x00000746       0x2d CMakeFiles/sequencer_1.1.dir/Drivers/TM1637/tm1637.c.obj
 .ARM.attributes
                0x00000773       0x1d F:/Program Files/ST/STM32CubeCLT_1.18.0/GNU-tools-for-STM32/bin/../lib/gcc/arm-none-eabi/13.3.1/thumb/v7-m/nofp\libgcc.a(_arm_addsubdf3.o)
 .ARM.attributes
                0x00000790       0x1d F:/Program Files/ST/STM32CubeCLT_1.18.0/GNU-tools-for-STM32/bin/../lib/gcc/arm-none-eabi/13.3.1/thumb/v7-m/nofp\libgcc.a(_arm_muldivdf3.o)
 .ARM.attributes
                0x000007ad       0x1d F:/Program Files/ST/STM32CubeCLT_1.18.0/GNU-tools-for-STM32/bin/../lib/gcc/arm-none-eabi/13.3.1/thumb/v7-m/nofp\libgcc.a(_arm_cmpdf2.o)
 .ARM.attributes
                0x000007ca       0x1d F:/Program Files/ST/STM32CubeCLT_1.18.0/GNU-tools-for-STM32/bin/../lib/gcc/arm-none-eabi/13.3.1/thumb/v7-m/nofp\libgcc.a(_arm_fixunsdfsi.o)
 .ARM.attributes
                0x000007e7       0x1d F:/Program Files/ST/STM32CubeCLT_1.18.0/GNU-tools-for-STM32/bin/../lib/gcc/arm-none-eabi/13.3.1/thumb/v7-m/nofp\libgcc.a(_arm_addsubsf3.o)
 .ARM.attributes
                0x00000804       0x2d F:/Program Files/ST/STM32CubeCLT_1.18.0/GNU-tools-for-STM32/bin/../lib/gcc/arm-none-eabi/13.3.1/../../../../arm-none-eabi/lib/thumb/v7-m/nofp\libg_nano.a(libc_a-memset.o)
 .ARM.attributes